[001/40] OK AIDS_GraphResGNN_GINConv_topk_0p25_fold3 time=58.2s
[epoch 0001] train_loss=0.67344	train_acc=0.75278	val_loss=0.50979	val_acc=0.80000	lr=0.00500	patience=0	blocks.0.graph_gate=0.80000	blocks.1.graph_gate=0.79917	blocks.2.graph_gate=0.79787
[epoch 0050] train_loss=0.24043	train_acc=0.90139	val_loss=0.45469	val_acc=0.79375	lr=0.00500	patience=11	blocks.0.graph_gate=0.80000	blocks.1.graph_gate=0.79070	blocks.2.graph_gate=0.79122
[early_stop] epoch=99 best_epoch=39 best_val_loss=0.29850
completed in 54.57s
/home/xuelin/miniconda3/envs/pyg/lib/python3.11/site-packages/outdated/__init__.py:36: UserWarning: pkg_resources is deprecated as an API. See https://setuptools.pypa.io/en/latest/pkg_resources.html. The pkg_resources package is slated for removal as early as 2025-11-30. Refrain from using this package or pin to Setuptools<81.
  from pkg_resources import parse_version
[002/40] OK AIDS_GraphResGNN_GINConv_topk_0p25_fold1 time=65.5s
[epoch 0050] train_loss=0.18474	train_acc=0.92292	val_loss=0.78662	val_acc=0.86250	lr=0.00500	patience=8	blocks.0.graph_gate=0.80000	blocks.1.graph_gate=0.79117	blocks.2.graph_gate=0.79058
[epoch 0100] train_loss=0.12744	train_acc=0.95903	val_loss=0.42505	val_acc=0.90000	lr=0.00125	patience=46	blocks.0.graph_gate=0.80000	blocks.1.graph_gate=0.79118	blocks.2.graph_gate=0.78936
[early_stop] epoch=114 best_epoch=54 best_val_loss=0.27180
completed in 61.77s
/home/xuelin/miniconda3/envs/pyg/lib/python3.11/site-packages/outdated/__init__.py:36: UserWarning: pkg_resources is deprecated as an API. See https://setuptools.pypa.io/en/latest/pkg_resources.html. The pkg_resources package is slated for removal as early as 2025-11-30. Refrain from using this package or pin to Setuptools<81.
  from pkg_resources import parse_version
[003/40] OK AIDS_GraphResGNN_GINConv_topk_0p25_fold2 time=70.7s
[epoch 0050] train_loss=0.29137	train_acc=0.87222	val_loss=0.37712	val_acc=0.80625	lr=0.00500	patience=7	blocks.0.graph_gate=0.80000	blocks.1.graph_gate=0.79569	blocks.2.graph_gate=0.79295
[epoch 0100] train_loss=0.21792	train_acc=0.91042	val_loss=0.60150	val_acc=0.73750	lr=0.00063	patience=34	blocks.0.graph_gate=0.80000	blocks.1.graph_gate=0.78610	blocks.2.graph_gate=0.78762
[early_stop] epoch=126 best_epoch=66 best_val_loss=0.30259
completed in 67.03s
/home/xuelin/miniconda3/envs/pyg/lib/python3.11/site-packages/outdated/__init__.py:36: UserWarning: pkg_resources is deprecated as an API. See https://setuptools.pypa.io/en/latest/pkg_resources.html. The pkg_resources package is slated for removal as early as 2025-11-30. Refrain from using this package or pin to Setuptools<81.
  from pkg_resources import parse_version
[004/40] OK AIDS_GraphResGNN_GINConv_topk_0p25_fold0 time=91.0s
[epoch 0100] train_loss=0.15984	train_acc=0.94306	val_loss=0.27116	val_acc=0.90625	lr=0.00250	patience=25	blocks.0.graph_gate=0.80000	blocks.1.graph_gate=0.74937	blocks.2.graph_gate=0.77283
[epoch 0150] train_loss=0.07822	train_acc=0.97708	val_loss=0.18077	val_acc=0.95625	lr=0.00031	patience=42	blocks.0.graph_gate=0.80000	blocks.1.graph_gate=0.74881	blocks.2.graph_gate=0.77313
[early_stop] epoch=168 best_epoch=108 best_val_loss=0.11543
completed in 87.41s
/home/xuelin/miniconda3/envs/pyg/lib/python3.11/site-packages/outdated/__init__.py:36: UserWarning: pkg_resources is deprecated as an API. See https://setuptools.pypa.io/en/latest/pkg_resources.html. The pkg_resources package is slated for removal as early as 2025-11-30. Refrain from using this package or pin to Setuptools<81.
  from pkg_resources import parse_version
[005/40] OK AIDS_GraphResGNN_GINConv_topk_0p5_fold0 time=69.0s
[epoch 0050] train_loss=0.26049	train_acc=0.89375	val_loss=0.21623	val_acc=0.92500	lr=0.00500	patience=0	blocks.0.graph_gate=0.80000	blocks.1.graph_gate=0.77838	blocks.2.graph_gate=0.78415
[epoch 0100] train_loss=0.20458	train_acc=0.92222	val_loss=0.24308	val_acc=0.89375	lr=0.00250	patience=31	blocks.0.graph_gate=0.80000	blocks.1.graph_gate=0.76676	blocks.2.graph_gate=0.77039
[early_stop] epoch=129 best_epoch=69 best_val_loss=0.15170
completed in 65.69s
/home/xuelin/miniconda3/envs/pyg/lib/python3.11/site-packages/outdated/__init__.py:36: UserWarning: pkg_resources is deprecated as an API. See https://setuptools.pypa.io/en/latest/pkg_resources.html. The pkg_resources package is slated for removal as early as 2025-11-30. Refrain from using this package or pin to Setuptools<81.
  from pkg_resources import parse_version
[006/40] OK AIDS_GraphResGNN_GINConv_topk_0p25_fold4 time=95.7s
[epoch 0100] train_loss=0.14430	train_acc=0.95069	val_loss=0.29386	val_acc=0.86250	lr=0.00125	patience=47	blocks.0.graph_gate=0.80000	blocks.1.graph_gate=0.78054	blocks.2.graph_gate=0.77563
[epoch 0150] train_loss=0.11035	train_acc=0.95764	val_loss=0.21233	val_acc=0.91250	lr=0.00031	patience=25	blocks.0.graph_gate=0.80000	blocks.1.graph_gate=0.78245	blocks.2.graph_gate=0.77634
[early_stop] epoch=185 best_epoch=125 best_val_loss=0.20311
completed in 92.32s
/home/xuelin/miniconda3/envs/pyg/lib/python3.11/site-packages/outdated/__init__.py:36: UserWarning: pkg_resources is deprecated as an API. See https://setuptools.pypa.io/en/latest/pkg_resources.html. The pkg_resources package is slated for removal as early as 2025-11-30. Refrain from using this package or pin to Setuptools<81.
  from pkg_resources import parse_version
[007/40] OK AIDS_GraphResGNN_GINConv_topk_0p5_fold1 time=100.2s
[epoch 0100] train_loss=0.11575	train_acc=0.96111	val_loss=0.14871	val_acc=0.94375	lr=0.00250	patience=2	blocks.0.graph_gate=0.80000	blocks.1.graph_gate=0.76338	blocks.2.graph_gate=0.78277
[epoch 0150] train_loss=0.08601	train_acc=0.97500	val_loss=0.16850	val_acc=0.95625	lr=0.00063	patience=19	blocks.0.graph_gate=0.80000	blocks.1.graph_gate=0.76355	blocks.2.graph_gate=0.78325
[early_stop] epoch=191 best_epoch=131 best_val_loss=0.10901
completed in 96.84s
/home/xuelin/miniconda3/envs/pyg/lib/python3.11/site-packages/outdated/__init__.py:36: UserWarning: pkg_resources is deprecated as an API. See https://setuptools.pypa.io/en/latest/pkg_resources.html. The pkg_resources package is slated for removal as early as 2025-11-30. Refrain from using this package or pin to Setuptools<81.
  from pkg_resources import parse_version
[008/40] OK AIDS_GraphResGNN_GINConv_topk_0p5_fold2 time=105.6s
[epoch 0100] train_loss=0.18430	train_acc=0.92014	val_loss=0.22607	val_acc=0.93125	lr=0.00063	patience=10	blocks.0.graph_gate=0.80000	blocks.1.graph_gate=0.77610	blocks.2.graph_gate=0.78871
[epoch 0150] train_loss=0.13734	train_acc=0.94653	val_loss=0.17547	val_acc=0.95000	lr=0.00063	patience=0	blocks.0.graph_gate=0.80000	blocks.1.graph_gate=0.77703	blocks.2.graph_gate=0.79132
[epoch 0200] train_loss=0.11116	train_acc=0.95972	val_loss=0.17949	val_acc=0.94375	lr=0.00063	patience=4	blocks.0.graph_gate=0.80000	blocks.1.graph_gate=0.77776	blocks.2.graph_gate=0.79370
completed in 102.24s
/home/xuelin/miniconda3/envs/pyg/lib/python3.11/site-packages/outdated/__init__.py:36: UserWarning: pkg_resources is deprecated as an API. See https://setuptools.pypa.io/en/latest/pkg_resources.html. The pkg_resources package is slated for removal as early as 2025-11-30. Refrain from using this package or pin to Setuptools<81.
  from pkg_resources import parse_version
[009/40] OK PROTEINS_GraphResGNN_SAGEConv_topk_0p25_fold0 time=57.8s
[epoch 0100] train_loss=0.52386	train_acc=0.74782	val_loss=0.54753	val_acc=0.76404	lr=0.00250	patience=4	blocks.0.graph_gate=0.80000	blocks.1.graph_gate=0.77526	blocks.2.graph_gate=0.78512
[epoch 0150] train_loss=0.50772	train_acc=0.76280	val_loss=0.54449	val_acc=0.75281	lr=0.00063	patience=32	blocks.0.graph_gate=0.80000	blocks.1.graph_gate=0.77258	blocks.2.graph_gate=0.78379
[epoch 0200] train_loss=0.49593	train_acc=0.76779	val_loss=0.54104	val_acc=0.77528	lr=0.00016	patience=44	blocks.0.graph_gate=0.80000	blocks.1.graph_gate=0.77263	blocks.2.graph_gate=0.78396
completed in 54.46s
/home/xuelin/miniconda3/envs/pyg/lib/python3.11/site-packages/outdated/__init__.py:36: UserWarning: pkg_resources is deprecated as an API. See https://setuptools.pypa.io/en/latest/pkg_resources.html. The pkg_resources package is slated for removal as early as 2025-11-30. Refrain from using this package or pin to Setuptools<81.
  from pkg_resources import parse_version
[010/40] OK PROTEINS_GraphResGNN_SAGEConv_topk_0p25_fold1 time=38.6s
[epoch 0050] train_loss=0.57425	train_acc=0.70287	val_loss=0.53908	val_acc=0.77528	lr=0.00500	patience=12	blocks.0.graph_gate=0.80000	blocks.1.graph_gate=0.77217	blocks.2.graph_gate=0.77449
[epoch 0100] train_loss=0.54962	train_acc=0.72909	val_loss=0.50901	val_acc=0.76404	lr=0.00063	patience=33	blocks.0.graph_gate=0.80000	blocks.1.graph_gate=0.77079	blocks.2.graph_gate=0.77338
[early_stop] epoch=127 best_epoch=67 best_val_loss=0.49516
completed in 35.21s
/home/xuelin/miniconda3/envs/pyg/lib/python3.11/site-packages/outdated/__init__.py:36: UserWarning: pkg_resources is deprecated as an API. See https://setuptools.pypa.io/en/latest/pkg_resources.html. The pkg_resources package is slated for removal as early as 2025-11-30. Refrain from using this package or pin to Setuptools<81.
  from pkg_resources import parse_version
[011/40] OK AIDS_GraphResGNN_GINConv_topk_0p5_fold3 time=105.9s
[epoch 0100] train_loss=0.18178	train_acc=0.92986	val_loss=0.21357	val_acc=0.90000	lr=0.00063	patience=7	blocks.0.graph_gate=0.80000	blocks.1.graph_gate=0.77589	blocks.2.graph_gate=0.80425
[epoch 0150] train_loss=0.14046	train_acc=0.94444	val_loss=0.17307	val_acc=0.92500	lr=0.00031	patience=5	blocks.0.graph_gate=0.80000	blocks.1.graph_gate=0.77552	blocks.2.graph_gate=0.80659
[epoch 0200] train_loss=0.12991	train_acc=0.94583	val_loss=0.15150	val_acc=0.96250	lr=0.00008	patience=6	blocks.0.graph_gate=0.80000	blocks.1.graph_gate=0.77532	blocks.2.graph_gate=0.80759
completed in 102.60s
/home/xuelin/miniconda3/envs/pyg/lib/python3.11/site-packages/outdated/__init__.py:36: UserWarning: pkg_resources is deprecated as an API. See https://setuptools.pypa.io/en/latest/pkg_resources.html. The pkg_resources package is slated for removal as early as 2025-11-30. Refrain from using this package or pin to Setuptools<81.
  from pkg_resources import parse_version
[012/40] OK AIDS_GraphResGNN_GINConv_topk_0p5_fold4 time=89.3s
[epoch 0100] train_loss=0.17867	train_acc=0.93750	val_loss=0.16766	val_acc=0.94375	lr=0.00250	patience=5	blocks.0.graph_gate=0.80000	blocks.1.graph_gate=0.76860	blocks.2.graph_gate=0.79063
[epoch 0150] train_loss=0.16111	train_acc=0.94236	val_loss=0.21531	val_acc=0.92500	lr=0.00063	patience=44	blocks.0.graph_gate=0.80000	blocks.1.graph_gate=0.77041	blocks.2.graph_gate=0.79244
[early_stop] epoch=166 best_epoch=106 best_val_loss=0.13075
completed in 85.90s
/home/xuelin/miniconda3/envs/pyg/lib/python3.11/site-packages/outdated/__init__.py:36: UserWarning: pkg_resources is deprecated as an API. See https://setuptools.pypa.io/en/latest/pkg_resources.html. The pkg_resources package is slated for removal as early as 2025-11-30. Refrain from using this package or pin to Setuptools<81.
  from pkg_resources import parse_version
[013/40] OK PROTEINS_GraphResGNN_SAGEConv_topk_0p25_fold2 time=33.0s
[epoch 0050] train_loss=0.56131	train_acc=0.71161	val_loss=0.58769	val_acc=0.73034	lr=0.00500	patience=3	blocks.0.graph_gate=0.80000	blocks.1.graph_gate=0.78375	blocks.2.graph_gate=0.78052
[epoch 0100] train_loss=0.52939	train_acc=0.73658	val_loss=0.59950	val_acc=0.71910	lr=0.00063	patience=53	blocks.0.graph_gate=0.80000	blocks.1.graph_gate=0.78126	blocks.2.graph_gate=0.77701
[early_stop] epoch=107 best_epoch=47 best_val_loss=0.57175
completed in 29.62s
/home/xuelin/miniconda3/envs/pyg/lib/python3.11/site-packages/outdated/__init__.py:36: UserWarning: pkg_resources is deprecated as an API. See https://setuptools.pypa.io/en/latest/pkg_resources.html. The pkg_resources package is slated for removal as early as 2025-11-30. Refrain from using this package or pin to Setuptools<81.
  from pkg_resources import parse_version
[014/40] OK PROTEINS_GraphResGNN_SAGEConv_topk_0p25_fold3 time=28.4s
[epoch 0001] train_loss=0.70626	train_acc=0.55486	val_loss=0.67650	val_acc=0.59551	lr=0.00500	patience=0	blocks.0.graph_gate=0.80000	blocks.1.graph_gate=0.79692	blocks.2.graph_gate=0.79674
[epoch 0050] train_loss=0.55057	train_acc=0.72943	val_loss=0.53395	val_acc=0.73034	lr=0.00250	patience=22	blocks.0.graph_gate=0.80000	blocks.1.graph_gate=0.77812	blocks.2.graph_gate=0.77896
[early_stop] epoch=88 best_epoch=28 best_val_loss=0.50646
completed in 25.00s
/home/xuelin/miniconda3/envs/pyg/lib/python3.11/site-packages/outdated/__init__.py:36: UserWarning: pkg_resources is deprecated as an API. See https://setuptools.pypa.io/en/latest/pkg_resources.html. The pkg_resources package is slated for removal as early as 2025-11-30. Refrain from using this package or pin to Setuptools<81.
  from pkg_resources import parse_version
[015/40] OK PROTEINS_GraphResGNN_SAGEConv_topk_0p25_fold4 time=29.8s
[epoch 0001] train_loss=0.69740	train_acc=0.59726	val_loss=0.67224	val_acc=0.59551	lr=0.00500	patience=0	blocks.0.graph_gate=0.80000	blocks.1.graph_gate=0.79863	blocks.2.graph_gate=0.79699
[epoch 0050] train_loss=0.52373	train_acc=0.75312	val_loss=0.64444	val_acc=0.67416	lr=0.00250	patience=18	blocks.0.graph_gate=0.80000	blocks.1.graph_gate=0.77761	blocks.2.graph_gate=0.78458
[early_stop] epoch=92 best_epoch=32 best_val_loss=0.58570
completed in 26.44s
/home/xuelin/miniconda3/envs/pyg/lib/python3.11/site-packages/outdated/__init__.py:36: UserWarning: pkg_resources is deprecated as an API. See https://setuptools.pypa.io/en/latest/pkg_resources.html. The pkg_resources package is slated for removal as early as 2025-11-30. Refrain from using this package or pin to Setuptools<81.
  from pkg_resources import parse_version
[016/40] OK PROTEINS_GraphResGNN_SAGEConv_topk_0p5_fold0 time=41.7s
[epoch 0050] train_loss=0.55925	train_acc=0.73658	val_loss=0.57547	val_acc=0.74157	lr=0.00500	patience=13	blocks.0.graph_gate=0.80000	blocks.1.graph_gate=0.77501	blocks.2.graph_gate=0.78170
[epoch 0100] train_loss=0.51409	train_acc=0.76779	val_loss=0.57304	val_acc=0.71910	lr=0.00125	patience=30	blocks.0.graph_gate=0.80000	blocks.1.graph_gate=0.77543	blocks.2.graph_gate=0.78188
[early_stop] epoch=130 best_epoch=70 best_val_loss=0.53208
completed in 38.36s
/home/xuelin/miniconda3/envs/pyg/lib/python3.11/site-packages/outdated/__init__.py:36: UserWarning: pkg_resources is deprecated as an API. See https://setuptools.pypa.io/en/latest/pkg_resources.html. The pkg_resources package is slated for removal as early as 2025-11-30. Refrain from using this package or pin to Setuptools<81.
  from pkg_resources import parse_version
[017/40] OK PROTEINS_GraphResGNN_SAGEConv_topk_0p5_fold2 time=30.2s
[epoch 0001] train_loss=0.71431	train_acc=0.55805	val_loss=0.68027	val_acc=0.59551	lr=0.00500	patience=0	blocks.0.graph_gate=0.80000	blocks.1.graph_gate=0.79659	blocks.2.graph_gate=0.79661
[epoch 0050] train_loss=0.55084	train_acc=0.72659	val_loss=0.60042	val_acc=0.71910	lr=0.00250	patience=23	blocks.0.graph_gate=0.80000	blocks.1.graph_gate=0.78145	blocks.2.graph_gate=0.77955
[early_stop] epoch=87 best_epoch=27 best_val_loss=0.57660
completed in 26.78s
/home/xuelin/miniconda3/envs/pyg/lib/python3.11/site-packages/outdated/__init__.py:36: UserWarning: pkg_resources is deprecated as an API. See https://setuptools.pypa.io/en/latest/pkg_resources.html. The pkg_resources package is slated for removal as early as 2025-11-30. Refrain from using this package or pin to Setuptools<81.
  from pkg_resources import parse_version
[018/40] OK PROTEINS_GraphResGNN_SAGEConv_topk_0p5_fold3 time=26.2s
[epoch 0001] train_loss=0.72403	train_acc=0.55486	val_loss=0.68316	val_acc=0.59551	lr=0.00500	patience=0	blocks.0.graph_gate=0.80000	blocks.1.graph_gate=0.79683	blocks.2.graph_gate=0.79681
[epoch 0050] train_loss=0.54821	train_acc=0.74314	val_loss=0.53056	val_acc=0.73034	lr=0.00125	patience=37	blocks.0.graph_gate=0.80000	blocks.1.graph_gate=0.78648	blocks.2.graph_gate=0.78521
[early_stop] epoch=73 best_epoch=13 best_val_loss=0.51738
completed in 22.71s
/home/xuelin/miniconda3/envs/pyg/lib/python3.11/site-packages/outdated/__init__.py:36: UserWarning: pkg_resources is deprecated as an API. See https://setuptools.pypa.io/en/latest/pkg_resources.html. The pkg_resources package is slated for removal as early as 2025-11-30. Refrain from using this package or pin to Setuptools<81.
  from pkg_resources import parse_version
[019/40] OK PROTEINS_GraphResGNN_SAGEConv_topk_0p5_fold4 time=27.4s
[epoch 0001] train_loss=0.71194	train_acc=0.57855	val_loss=0.67872	val_acc=0.59551	lr=0.00500	patience=0	blocks.0.graph_gate=0.80000	blocks.1.graph_gate=0.79690	blocks.2.graph_gate=0.79699
[epoch 0050] train_loss=0.52964	train_acc=0.76185	val_loss=0.63269	val_acc=0.69663	lr=0.00250	patience=24	blocks.0.graph_gate=0.80000	blocks.1.graph_gate=0.78415	blocks.2.graph_gate=0.78549
[early_stop] epoch=86 best_epoch=26 best_val_loss=0.57417
completed in 24.01s
/home/xuelin/miniconda3/envs/pyg/lib/python3.11/site-packages/outdated/__init__.py:36: UserWarning: pkg_resources is deprecated as an API. See https://setuptools.pypa.io/en/latest/pkg_resources.html. The pkg_resources package is slated for removal as early as 2025-11-30. Refrain from using this package or pin to Setuptools<81.
  from pkg_resources import parse_version
[020/40] OK PROTEINS_GraphResGNN_SAGEConv_topk_0p5_fold1 time=58.9s
[epoch 0100] train_loss=0.55441	train_acc=0.73283	val_loss=0.49612	val_acc=0.77528	lr=0.00250	patience=0	blocks.0.graph_gate=0.80000	blocks.1.graph_gate=0.76127	blocks.2.graph_gate=0.76796
[epoch 0150] train_loss=0.53976	train_acc=0.74032	val_loss=0.49616	val_acc=0.79775	lr=0.00125	patience=9	blocks.0.graph_gate=0.80000	blocks.1.graph_gate=0.75912	blocks.2.graph_gate=0.76921
[epoch 0200] train_loss=0.53182	train_acc=0.75780	val_loss=0.49732	val_acc=0.78652	lr=0.00016	patience=59	blocks.0.graph_gate=0.80000	blocks.1.graph_gate=0.75917	blocks.2.graph_gate=0.77011
completed in 55.44s
/home/xuelin/miniconda3/envs/pyg/lib/python3.11/site-packages/outdated/__init__.py:36: UserWarning: pkg_resources is deprecated as an API. See https://setuptools.pypa.io/en/latest/pkg_resources.html. The pkg_resources package is slated for removal as early as 2025-11-30. Refrain from using this package or pin to Setuptools<81.
  from pkg_resources import parse_version
[021/40] OK AIDS_NodeCrossGNN_GATConv_topk_0p25_fold1 time=69.4s
[epoch 0050] train_loss=0.24011	train_acc=0.89861	val_loss=0.43997	val_acc=0.83750	lr=0.00300	patience=2	cross_gate=0.82140
[epoch 0100] train_loss=0.15921	train_acc=0.94306	val_loss=0.41359	val_acc=0.87500	lr=0.00075	patience=42	cross_gate=0.84121
[early_stop] epoch=138 best_epoch=58 best_val_loss=0.34472
completed in 65.93s
/home/xuelin/miniconda3/envs/pyg/lib/python3.11/site-packages/outdated/__init__.py:36: UserWarning: pkg_resources is deprecated as an API. See https://setuptools.pypa.io/en/latest/pkg_resources.html. The pkg_resources package is slated for removal as early as 2025-11-30. Refrain from using this package or pin to Setuptools<81.
  from pkg_resources import parse_version
[022/40] OK AIDS_NodeCrossGNN_GATConv_topk_0p25_fold2 time=79.9s
[epoch 0100] train_loss=0.15699	train_acc=0.94167	val_loss=0.35464	val_acc=0.91250	lr=0.00150	patience=16	cross_gate=0.85341
[epoch 0150] train_loss=0.11090	train_acc=0.95972	val_loss=0.37283	val_acc=0.92500	lr=0.00019	patience=66	cross_gate=0.86192
[early_stop] epoch=164 best_epoch=84 best_val_loss=0.26036
completed in 76.59s
/home/xuelin/miniconda3/envs/pyg/lib/python3.11/site-packages/outdated/__init__.py:36: UserWarning: pkg_resources is deprecated as an API. See https://setuptools.pypa.io/en/latest/pkg_resources.html. The pkg_resources package is slated for removal as early as 2025-11-30. Refrain from using this package or pin to Setuptools<81.
  from pkg_resources import parse_version
[023/40] OK AIDS_NodeCrossGNN_GATConv_topk_0p25_fold0 time=101.3s
[epoch 0150] train_loss=0.13890	train_acc=0.95278	val_loss=0.25167	val_acc=0.90000	lr=0.00019	patience=21	cross_gate=0.80980
[epoch 0200] train_loss=0.12304	train_acc=0.95833	val_loss=0.24535	val_acc=0.90000	lr=0.00002	patience=71	cross_gate=0.81072
[early_stop] epoch=209 best_epoch=129 best_val_loss=0.21501
completed in 97.87s
/home/xuelin/miniconda3/envs/pyg/lib/python3.11/site-packages/outdated/__init__.py:36: UserWarning: pkg_resources is deprecated as an API. See https://setuptools.pypa.io/en/latest/pkg_resources.html. The pkg_resources package is slated for removal as early as 2025-11-30. Refrain from using this package or pin to Setuptools<81.
  from pkg_resources import parse_version
[024/40] OK AIDS_NodeCrossGNN_GATConv_topk_0p25_fold3 time=112.0s
[epoch 0150] train_loss=0.12525	train_acc=0.95625	val_loss=0.25721	val_acc=0.93750	lr=0.00150	patience=11	cross_gate=0.85144
[epoch 0200] train_loss=0.09832	train_acc=0.96458	val_loss=0.23467	val_acc=0.93750	lr=0.00038	patience=45	cross_gate=0.85916
[early_stop] epoch=235 best_epoch=155 best_val_loss=0.20404
completed in 108.62s
/home/xuelin/miniconda3/envs/pyg/lib/python3.11/site-packages/outdated/__init__.py:36: UserWarning: pkg_resources is deprecated as an API. See https://setuptools.pypa.io/en/latest/pkg_resources.html. The pkg_resources package is slated for removal as early as 2025-11-30. Refrain from using this package or pin to Setuptools<81.
  from pkg_resources import parse_version
[025/40] OK AIDS_NodeCrossGNN_GATConv_topk_0p5_fold1 time=46.8s
[epoch 0001] train_loss=0.56294	train_acc=0.73889	val_loss=0.49038	val_acc=0.80000	lr=0.00300	patience=0	cross_gate=0.79988
[epoch 0050] train_loss=0.23760	train_acc=0.90694	val_loss=0.46324	val_acc=0.82500	lr=0.00075	patience=38	cross_gate=0.80453
[early_stop] epoch=92 best_epoch=12 best_val_loss=0.41882
completed in 43.39s
/home/xuelin/miniconda3/envs/pyg/lib/python3.11/site-packages/outdated/__init__.py:36: UserWarning: pkg_resources is deprecated as an API. See https://setuptools.pypa.io/en/latest/pkg_resources.html. The pkg_resources package is slated for removal as early as 2025-11-30. Refrain from using this package or pin to Setuptools<81.
  from pkg_resources import parse_version
[026/40] OK AIDS_NodeCrossGNN_GATConv_topk_0p25_fold4 time=78.4s
[epoch 0100] train_loss=0.16914	train_acc=0.93819	val_loss=0.30496	val_acc=0.91875	lr=0.00075	patience=16	cross_gate=0.82922
[epoch 0150] train_loss=0.16088	train_acc=0.94028	val_loss=0.33016	val_acc=0.91875	lr=0.00009	patience=66	cross_gate=0.83377
[early_stop] epoch=164 best_epoch=84 best_val_loss=0.24928
completed in 74.97s
/home/xuelin/miniconda3/envs/pyg/lib/python3.11/site-packages/outdated/__init__.py:36: UserWarning: pkg_resources is deprecated as an API. See https://setuptools.pypa.io/en/latest/pkg_resources.html. The pkg_resources package is slated for removal as early as 2025-11-30. Refrain from using this package or pin to Setuptools<81.
  from pkg_resources import parse_version
[027/40] OK AIDS_NodeCrossGNN_GATConv_topk_0p5_fold0 time=85.9s
[epoch 0100] train_loss=0.18444	train_acc=0.93542	val_loss=0.20514	val_acc=0.90625	lr=0.00300	patience=0	cross_gate=0.82351
[epoch 0150] train_loss=0.13587	train_acc=0.96111	val_loss=0.29512	val_acc=0.93750	lr=0.00038	patience=50	cross_gate=0.82865
[early_stop] epoch=180 best_epoch=100 best_val_loss=0.20514
completed in 82.41s
/home/xuelin/miniconda3/envs/pyg/lib/python3.11/site-packages/outdated/__init__.py:36: UserWarning: pkg_resources is deprecated as an API. See https://setuptools.pypa.io/en/latest/pkg_resources.html. The pkg_resources package is slated for removal as early as 2025-11-30. Refrain from using this package or pin to Setuptools<81.
  from pkg_resources import parse_version
[028/40] OK AIDS_NodeCrossGNN_GATConv_topk_0p5_fold2 time=99.8s
[epoch 0100] train_loss=0.14493	train_acc=0.94792	val_loss=0.29315	val_acc=0.92500	lr=0.00300	patience=4	cross_gate=0.84271
[epoch 0150] train_loss=0.10855	train_acc=0.96042	val_loss=0.33216	val_acc=0.93125	lr=0.00038	patience=54	cross_gate=0.85451
[early_stop] epoch=176 best_epoch=96 best_val_loss=0.27002
completed in 96.30s
/home/xuelin/miniconda3/envs/pyg/lib/python3.11/site-packages/outdated/__init__.py:36: UserWarning: pkg_resources is deprecated as an API. See https://setuptools.pypa.io/en/latest/pkg_resources.html. The pkg_resources package is slated for removal as early as 2025-11-30. Refrain from using this package or pin to Setuptools<81.
  from pkg_resources import parse_version
[029/40] OK AIDS_NodeCrossGNN_GATConv_topk_0p5_fold3 time=100.3s
[epoch 0100] train_loss=0.15066	train_acc=0.94236	val_loss=0.36030	val_acc=0.88750	lr=0.00150	patience=13	cross_gate=0.83706
[epoch 0150] train_loss=0.13166	train_acc=0.94653	val_loss=0.35787	val_acc=0.89375	lr=0.00019	patience=63	cross_gate=0.84044
[early_stop] epoch=167 best_epoch=87 best_val_loss=0.28823
completed in 96.79s
/home/xuelin/miniconda3/envs/pyg/lib/python3.11/site-packages/outdated/__init__.py:36: UserWarning: pkg_resources is deprecated as an API. See https://setuptools.pypa.io/en/latest/pkg_resources.html. The pkg_resources package is slated for removal as early as 2025-11-30. Refrain from using this package or pin to Setuptools<81.
  from pkg_resources import parse_version
[030/40] OK DD_NodeCrossGNN_GATConv_topk_0p25_fold0 time=76.1s
[epoch 0100] train_loss=0.39446	train_acc=0.80992	val_loss=0.48307	val_acc=0.78723	lr=0.00300	patience=0	cross_gate=0.84462
[epoch 0150] train_loss=0.21483	train_acc=0.91263	val_loss=0.56512	val_acc=0.73404	lr=0.00038	patience=50	cross_gate=0.85645
[early_stop] epoch=180 best_epoch=100 best_val_loss=0.48307
completed in 72.63s
/home/xuelin/miniconda3/envs/pyg/lib/python3.11/site-packages/outdated/__init__.py:36: UserWarning: pkg_resources is deprecated as an API. See https://setuptools.pypa.io/en/latest/pkg_resources.html. The pkg_resources package is slated for removal as early as 2025-11-30. Refrain from using this package or pin to Setuptools<81.
  from pkg_resources import parse_version
[031/40] OK AIDS_NodeCrossGNN_GATConv_topk_0p5_fold4 time=116.5s
[epoch 0100] train_loss=0.17693	train_acc=0.93264	val_loss=0.27799	val_acc=0.91250	lr=0.00300	patience=7	cross_gate=0.85500
[epoch 0150] train_loss=0.15035	train_acc=0.93819	val_loss=0.28497	val_acc=0.91875	lr=0.00075	patience=44	cross_gate=0.87051
[early_stop] epoch=186 best_epoch=106 best_val_loss=0.19868
completed in 112.96s
/home/xuelin/miniconda3/envs/pyg/lib/python3.11/site-packages/outdated/__init__.py:36: UserWarning: pkg_resources is deprecated as an API. See https://setuptools.pypa.io/en/latest/pkg_resources.html. The pkg_resources package is slated for removal as early as 2025-11-30. Refrain from using this package or pin to Setuptools<81.
  from pkg_resources import parse_version
[032/40] OK DD_NodeCrossGNN_GATConv_topk_0p25_fold2 time=87.4s
[epoch 0001] train_loss=0.68122	train_acc=0.58657	val_loss=0.67814	val_acc=0.58511	lr=0.00300	patience=0	cross_gate=0.79925
[epoch 0050] train_loss=0.51292	train_acc=0.76090	val_loss=0.69148	val_acc=0.68085	lr=0.00075	patience=42	cross_gate=0.82706
[early_stop] epoch=88 best_epoch=8 best_val_loss=0.63644
completed in 83.73s
/home/xuelin/miniconda3/envs/pyg/lib/python3.11/site-packages/outdated/__init__.py:36: UserWarning: pkg_resources is deprecated as an API. See https://setuptools.pypa.io/en/latest/pkg_resources.html. The pkg_resources package is slated for removal as early as 2025-11-30. Refrain from using this package or pin to Setuptools<81.
  from pkg_resources import parse_version
[033/40] OK DD_NodeCrossGNN_GATConv_topk_0p25_fold1 time=112.8s
[epoch 0050] train_loss=0.46972	train_acc=0.77594	val_loss=0.55103	val_acc=0.74468	lr=0.00300	patience=8	cross_gate=0.83607
[epoch 0100] train_loss=0.34952	train_acc=0.83491	val_loss=0.65270	val_acc=0.69149	lr=0.00038	patience=58	cross_gate=0.84772
[early_stop] epoch=122 best_epoch=42 best_val_loss=0.54326
completed in 109.13s
/home/xuelin/miniconda3/envs/pyg/lib/python3.11/site-packages/outdated/__init__.py:36: UserWarning: pkg_resources is deprecated as an API. See https://setuptools.pypa.io/en/latest/pkg_resources.html. The pkg_resources package is slated for removal as early as 2025-11-30. Refrain from using this package or pin to Setuptools<81.
  from pkg_resources import parse_version
[034/40] OK DD_NodeCrossGNN_GATConv_topk_0p25_fold4 time=103.7s
[epoch 0001] train_loss=0.68325	train_acc=0.58657	val_loss=0.67790	val_acc=0.58511	lr=0.00300	patience=0	cross_gate=0.79906
[epoch 0050] train_loss=0.51389	train_acc=0.76796	val_loss=0.68394	val_acc=0.64894	lr=0.00075	patience=40	cross_gate=0.82957
[early_stop] epoch=90 best_epoch=10 best_val_loss=0.61835
completed in 99.99s
/home/xuelin/miniconda3/envs/pyg/lib/python3.11/site-packages/outdated/__init__.py:36: UserWarning: pkg_resources is deprecated as an API. See https://setuptools.pypa.io/en/latest/pkg_resources.html. The pkg_resources package is slated for removal as early as 2025-11-30. Refrain from using this package or pin to Setuptools<81.
  from pkg_resources import parse_version
[035/40] OK DD_NodeCrossGNN_GATConv_topk_0p25_fold3 time=168.6s
[epoch 0100] train_loss=0.31229	train_acc=0.86101	val_loss=0.68868	val_acc=0.71277	lr=0.00150	patience=27	cross_gate=0.84896
[epoch 0150] train_loss=0.24214	train_acc=0.90106	val_loss=0.76582	val_acc=0.67021	lr=0.00019	patience=77	cross_gate=0.85178
[early_stop] epoch=153 best_epoch=73 best_val_loss=0.53031
completed in 164.84s
/home/xuelin/miniconda3/envs/pyg/lib/python3.11/site-packages/outdated/__init__.py:36: UserWarning: pkg_resources is deprecated as an API. See https://setuptools.pypa.io/en/latest/pkg_resources.html. The pkg_resources package is slated for removal as early as 2025-11-30. Refrain from using this package or pin to Setuptools<81.
  from pkg_resources import parse_version
[036/40] OK DD_NodeCrossGNN_GATConv_topk_0p5_fold2 time=100.8s
[epoch 0001] train_loss=0.68125	train_acc=0.58657	val_loss=0.67819	val_acc=0.58511	lr=0.00300	patience=0	cross_gate=0.79925
[epoch 0050] train_loss=0.50517	train_acc=0.77503	val_loss=0.69120	val_acc=0.68085	lr=0.00075	patience=42	cross_gate=0.82672
[early_stop] epoch=88 best_epoch=8 best_val_loss=0.63679
completed in 97.04s
/home/xuelin/miniconda3/envs/pyg/lib/python3.11/site-packages/outdated/__init__.py:36: UserWarning: pkg_resources is deprecated as an API. See https://setuptools.pypa.io/en/latest/pkg_resources.html. The pkg_resources package is slated for removal as early as 2025-11-30. Refrain from using this package or pin to Setuptools<81.
  from pkg_resources import parse_version
[037/40] OK DD_NodeCrossGNN_GATConv_topk_0p5_fold1 time=137.4s
[epoch 0050] train_loss=0.48369	train_acc=0.77712	val_loss=0.55917	val_acc=0.72340	lr=0.00300	patience=8	cross_gate=0.82981
[epoch 0100] train_loss=0.36252	train_acc=0.83491	val_loss=0.63070	val_acc=0.70213	lr=0.00038	patience=58	cross_gate=0.84183
[early_stop] epoch=122 best_epoch=42 best_val_loss=0.55338
completed in 133.65s
/home/xuelin/miniconda3/envs/pyg/lib/python3.11/site-packages/outdated/__init__.py:36: UserWarning: pkg_resources is deprecated as an API. See https://setuptools.pypa.io/en/latest/pkg_resources.html. The pkg_resources package is slated for removal as early as 2025-11-30. Refrain from using this package or pin to Setuptools<81.
  from pkg_resources import parse_version
[038/40] OK DD_NodeCrossGNN_GATConv_topk_0p5_fold0 time=197.1s
[epoch 0150] train_loss=0.16348	train_acc=0.93979	val_loss=0.43712	val_acc=0.79787	lr=0.00038	patience=18	cross_gate=0.85987
[epoch 0200] train_loss=0.11308	train_acc=0.96222	val_loss=0.46084	val_acc=0.80851	lr=0.00005	patience=68	cross_gate=0.86269
[early_stop] epoch=212 best_epoch=132 best_val_loss=0.40827
completed in 193.29s
/home/xuelin/miniconda3/envs/pyg/lib/python3.11/site-packages/outdated/__init__.py:36: UserWarning: pkg_resources is deprecated as an API. See https://setuptools.pypa.io/en/latest/pkg_resources.html. The pkg_resources package is slated for removal as early as 2025-11-30. Refrain from using this package or pin to Setuptools<81.
  from pkg_resources import parse_version
[039/40] OK DD_NodeCrossGNN_GATConv_topk_0p5_fold4 time=64.8s
[epoch 0001] train_loss=0.68332	train_acc=0.58657	val_loss=0.67785	val_acc=0.58511	lr=0.00300	patience=0	cross_gate=0.79900
[epoch 0050] train_loss=0.50799	train_acc=0.77739	val_loss=0.69072	val_acc=0.65957	lr=0.00075	patience=40	cross_gate=0.82774
[early_stop] epoch=90 best_epoch=10 best_val_loss=0.62347
completed in 61.08s
/home/xuelin/miniconda3/envs/pyg/lib/python3.11/site-packages/outdated/__init__.py:36: UserWarning: pkg_resources is deprecated as an API. See https://setuptools.pypa.io/en/latest/pkg_resources.html. The pkg_resources package is slated for removal as early as 2025-11-30. Refrain from using this package or pin to Setuptools<81.
  from pkg_resources import parse_version
[040/40] OK DD_NodeCrossGNN_GATConv_topk_0p5_fold3 time=108.9s
[epoch 0050] train_loss=0.46584	train_acc=0.78327	val_loss=0.54741	val_acc=0.70213	lr=0.00300	patience=0	cross_gate=0.83341
[epoch 0100] train_loss=0.33248	train_acc=0.85512	val_loss=0.69019	val_acc=0.68085	lr=0.00075	patience=39	cross_gate=0.84985
[early_stop] epoch=141 best_epoch=61 best_val_loss=0.53790
completed in 105.42s
/home/xuelin/miniconda3/envs/pyg/lib/python3.11/site-packages/outdated/__init__.py:36: UserWarning: pkg_resources is deprecated as an API. See https://setuptools.pypa.io/en/latest/pkg_resources.html. The pkg_resources package is slated for removal as early as 2025-11-30. Refrain from using this package or pin to Setuptools<81.
  from pkg_resources import parse_version
all_done rc=0 total_time=831.9s
