[001/40] OK AIDS_GraphResGNN_GINConv_topk_0p75_fold0 time=78.1s
[epoch 0050] train_loss=0.22561	train_acc=0.91528	val_loss=0.16838	val_acc=0.94375	lr=0.00500	patience=0	blocks.0.graph_gate=0.80000	blocks.1.graph_gate=0.78348	blocks.2.graph_gate=0.78260
[epoch 0100] train_loss=0.11191	train_acc=0.96042	val_loss=0.15733	val_acc=0.96875	lr=0.00250	patience=21	blocks.0.graph_gate=0.80000	blocks.1.graph_gate=0.77168	blocks.2.graph_gate=0.76413
[early_stop] epoch=139 best_epoch=79 best_val_loss=0.12368
completed in 74.37s
/home/xuelin/miniconda3/envs/pyg/lib/python3.11/site-packages/outdated/__init__.py:36: UserWarning: pkg_resources is deprecated as an API. See https://setuptools.pypa.io/en/latest/pkg_resources.html. The pkg_resources package is slated for removal as early as 2025-11-30. Refrain from using this package or pin to Setuptools<81.
  from pkg_resources import parse_version
[002/40] OK AIDS_GraphResGNN_GINConv_topk_0p75_fold3 time=109.0s
[epoch 0100] train_loss=0.22951	train_acc=0.91667	val_loss=0.19376	val_acc=0.92500	lr=0.00250	patience=31	blocks.0.graph_gate=0.80000	blocks.1.graph_gate=0.76804	blocks.2.graph_gate=0.76730
[epoch 0150] train_loss=0.18776	train_acc=0.93194	val_loss=0.16476	val_acc=0.93750	lr=0.00031	patience=36	blocks.0.graph_gate=0.80000	blocks.1.graph_gate=0.76884	blocks.2.graph_gate=0.76898
[epoch 0200] train_loss=0.17904	train_acc=0.93333	val_loss=0.17228	val_acc=0.95625	lr=0.00016	patience=30	blocks.0.graph_gate=0.80000	blocks.1.graph_gate=0.76952	blocks.2.graph_gate=0.77021
completed in 105.22s
/home/xuelin/miniconda3/envs/pyg/lib/python3.11/site-packages/outdated/__init__.py:36: UserWarning: pkg_resources is deprecated as an API. See https://setuptools.pypa.io/en/latest/pkg_resources.html. The pkg_resources package is slated for removal as early as 2025-11-30. Refrain from using this package or pin to Setuptools<81.
  from pkg_resources import parse_version
[003/40] OK AIDS_GraphResGNN_GINConv_topk_0p75_fold2 time=109.5s
[epoch 0100] train_loss=0.19401	train_acc=0.93542	val_loss=0.31786	val_acc=0.88125	lr=0.00125	patience=22	blocks.0.graph_gate=0.80000	blocks.1.graph_gate=0.77689	blocks.2.graph_gate=0.79529
[epoch 0150] train_loss=0.15205	train_acc=0.95069	val_loss=0.23935	val_acc=0.92500	lr=0.00063	patience=4	blocks.0.graph_gate=0.80000	blocks.1.graph_gate=0.77647	blocks.2.graph_gate=0.79706
[epoch 0200] train_loss=0.13699	train_acc=0.95625	val_loss=0.22433	val_acc=0.91250	lr=0.00016	patience=23	blocks.0.graph_gate=0.80000	blocks.1.graph_gate=0.77731	blocks.2.graph_gate=0.79927
completed in 105.66s
/home/xuelin/miniconda3/envs/pyg/lib/python3.11/site-packages/outdated/__init__.py:36: UserWarning: pkg_resources is deprecated as an API. See https://setuptools.pypa.io/en/latest/pkg_resources.html. The pkg_resources package is slated for removal as early as 2025-11-30. Refrain from using this package or pin to Setuptools<81.
  from pkg_resources import parse_version
[004/40] OK AIDS_GraphResGNN_GINConv_topk_0p75_fold1 time=109.6s
[epoch 0100] train_loss=0.20925	train_acc=0.91528	val_loss=0.34100	val_acc=0.83750	lr=0.00125	patience=6	blocks.0.graph_gate=0.80000	blocks.1.graph_gate=0.75990	blocks.2.graph_gate=0.78923
[epoch 0150] train_loss=0.20295	train_acc=0.91597	val_loss=0.27431	val_acc=0.87500	lr=0.00063	patience=16	blocks.0.graph_gate=0.80000	blocks.1.graph_gate=0.76130	blocks.2.graph_gate=0.79323
[epoch 0200] train_loss=0.15851	train_acc=0.94028	val_loss=0.32291	val_acc=0.88125	lr=0.00063	patience=9	blocks.0.graph_gate=0.80000	blocks.1.graph_gate=0.76286	blocks.2.graph_gate=0.79613
completed in 105.65s
/home/xuelin/miniconda3/envs/pyg/lib/python3.11/site-packages/outdated/__init__.py:36: UserWarning: pkg_resources is deprecated as an API. See https://setuptools.pypa.io/en/latest/pkg_resources.html. The pkg_resources package is slated for removal as early as 2025-11-30. Refrain from using this package or pin to Setuptools<81.
  from pkg_resources import parse_version
[005/40] OK AIDS_GraphResGNN_GINConv_topk_0p75_fold4 time=55.8s
[epoch 0050] train_loss=0.30779	train_acc=0.86736	val_loss=0.31304	val_acc=0.85000	lr=0.00500	patience=11	blocks.0.graph_gate=0.80000	blocks.1.graph_gate=0.74939	blocks.2.graph_gate=0.78856
[epoch 0100] train_loss=0.27189	train_acc=0.88403	val_loss=0.29692	val_acc=0.87500	lr=0.00125	patience=46	blocks.0.graph_gate=0.80000	blocks.1.graph_gate=0.71524	blocks.2.graph_gate=0.79289
[early_stop] epoch=114 best_epoch=54 best_val_loss=0.23588
completed in 52.48s
/home/xuelin/miniconda3/envs/pyg/lib/python3.11/site-packages/outdated/__init__.py:36: UserWarning: pkg_resources is deprecated as an API. See https://setuptools.pypa.io/en/latest/pkg_resources.html. The pkg_resources package is slated for removal as early as 2025-11-30. Refrain from using this package or pin to Setuptools<81.
  from pkg_resources import parse_version
[006/40] OK AIDS_GraphResGNN_GINConv_sparse_0p1_fold1 time=36.6s
[epoch 0001] train_loss=0.71611	train_acc=0.75000	val_loss=0.52307	val_acc=0.80000	lr=0.00500	patience=0	blocks.0.graph_gate=0.80000	blocks.1.graph_gate=0.79674	blocks.2.graph_gate=0.79712
[epoch 0050] train_loss=0.16751	train_acc=0.93472	val_loss=1.28997	val_acc=0.66875	lr=0.00125	patience=43	blocks.0.graph_gate=0.80000	blocks.1.graph_gate=0.80560	blocks.2.graph_gate=0.80981
[early_stop] epoch=67 best_epoch=7 best_val_loss=0.45920
completed in 33.16s
/home/xuelin/miniconda3/envs/pyg/lib/python3.11/site-packages/outdated/__init__.py:36: UserWarning: pkg_resources is deprecated as an API. See https://setuptools.pypa.io/en/latest/pkg_resources.html. The pkg_resources package is slated for removal as early as 2025-11-30. Refrain from using this package or pin to Setuptools<81.
  from pkg_resources import parse_version
[007/40] OK AIDS_GraphResGNN_GINConv_sparse_0p1_fold0 time=38.1s
[epoch 0001] train_loss=0.68473	train_acc=0.75556	val_loss=0.51422	val_acc=0.80000	lr=0.00500	patience=0	blocks.0.graph_gate=0.80000	blocks.1.graph_gate=0.79692	blocks.2.graph_gate=0.79742
[epoch 0050] train_loss=0.21211	train_acc=0.91319	val_loss=0.69581	val_acc=0.70000	lr=0.00125	patience=40	blocks.0.graph_gate=0.80000	blocks.1.graph_gate=0.80048	blocks.2.graph_gate=0.80602
[early_stop] epoch=70 best_epoch=10 best_val_loss=0.38006
completed in 34.50s
/home/xuelin/miniconda3/envs/pyg/lib/python3.11/site-packages/outdated/__init__.py:36: UserWarning: pkg_resources is deprecated as an API. See https://setuptools.pypa.io/en/latest/pkg_resources.html. The pkg_resources package is slated for removal as early as 2025-11-30. Refrain from using this package or pin to Setuptools<81.
  from pkg_resources import parse_version
[008/40] OK AIDS_GraphResGNN_GINConv_sparse_0p1_fold2 time=42.2s
[epoch 0001] train_loss=0.65953	train_acc=0.74722	val_loss=0.51644	val_acc=0.80000	lr=0.00500	patience=0	blocks.0.graph_gate=0.80000	blocks.1.graph_gate=0.79694	blocks.2.graph_gate=0.79723
[epoch 0050] train_loss=0.21489	train_acc=0.92500	val_loss=0.53660	val_acc=0.78750	lr=0.00250	patience=28	blocks.0.graph_gate=0.80000	blocks.1.graph_gate=0.80402	blocks.2.graph_gate=0.80566
[early_stop] epoch=82 best_epoch=22 best_val_loss=0.34156
completed in 38.73s
/home/xuelin/miniconda3/envs/pyg/lib/python3.11/site-packages/outdated/__init__.py:36: UserWarning: pkg_resources is deprecated as an API. See https://setuptools.pypa.io/en/latest/pkg_resources.html. The pkg_resources package is slated for removal as early as 2025-11-30. Refrain from using this package or pin to Setuptools<81.
  from pkg_resources import parse_version
[009/40] OK PROTEINS_GraphResGNN_SAGEConv_topk_0p75_fold0 time=27.2s
[epoch 0001] train_loss=0.73163	train_acc=0.56804	val_loss=0.68432	val_acc=0.59551	lr=0.00500	patience=0	blocks.0.graph_gate=0.80000	blocks.1.graph_gate=0.79680	blocks.2.graph_gate=0.79682
[epoch 0050] train_loss=0.53827	train_acc=0.74157	val_loss=0.56252	val_acc=0.73034	lr=0.00250	patience=23	blocks.0.graph_gate=0.80000	blocks.1.graph_gate=0.78054	blocks.2.graph_gate=0.78401
[early_stop] epoch=87 best_epoch=27 best_val_loss=0.54357
completed in 23.77s
/home/xuelin/miniconda3/envs/pyg/lib/python3.11/site-packages/outdated/__init__.py:36: UserWarning: pkg_resources is deprecated as an API. See https://setuptools.pypa.io/en/latest/pkg_resources.html. The pkg_resources package is slated for removal as early as 2025-11-30. Refrain from using this package or pin to Setuptools<81.
  from pkg_resources import parse_version
[010/40] OK PROTEINS_GraphResGNN_SAGEConv_topk_0p75_fold1 time=35.6s
[epoch 0050] train_loss=0.56594	train_acc=0.72659	val_loss=0.51499	val_acc=0.79775	lr=0.00500	patience=8	blocks.0.graph_gate=0.80000	blocks.1.graph_gate=0.77278	blocks.2.graph_gate=0.77873
[epoch 0100] train_loss=0.53662	train_acc=0.74657	val_loss=0.51267	val_acc=0.75281	lr=0.00125	patience=42	blocks.0.graph_gate=0.80000	blocks.1.graph_gate=0.76284	blocks.2.graph_gate=0.77707
[early_stop] epoch=118 best_epoch=58 best_val_loss=0.50135
completed in 32.27s
/home/xuelin/miniconda3/envs/pyg/lib/python3.11/site-packages/outdated/__init__.py:36: UserWarning: pkg_resources is deprecated as an API. See https://setuptools.pypa.io/en/latest/pkg_resources.html. The pkg_resources package is slated for removal as early as 2025-11-30. Refrain from using this package or pin to Setuptools<81.
  from pkg_resources import parse_version
[011/40] OK AIDS_GraphResGNN_GINConv_sparse_0p1_fold4 time=43.1s
[epoch 0001] train_loss=0.70855	train_acc=0.74722	val_loss=0.52101	val_acc=0.80000	lr=0.00500	patience=0	blocks.0.graph_gate=0.80000	blocks.1.graph_gate=0.79700	blocks.2.graph_gate=0.79744
[epoch 0050] train_loss=0.17028	train_acc=0.92986	val_loss=0.82863	val_acc=0.73125	lr=0.00125	patience=36	blocks.0.graph_gate=0.80000	blocks.1.graph_gate=0.80543	blocks.2.graph_gate=0.82039
[early_stop] epoch=74 best_epoch=14 best_val_loss=0.36191
completed in 39.61s
/home/xuelin/miniconda3/envs/pyg/lib/python3.11/site-packages/outdated/__init__.py:36: UserWarning: pkg_resources is deprecated as an API. See https://setuptools.pypa.io/en/latest/pkg_resources.html. The pkg_resources package is slated for removal as early as 2025-11-30. Refrain from using this package or pin to Setuptools<81.
  from pkg_resources import parse_version
[012/40] OK PROTEINS_GraphResGNN_SAGEConv_topk_0p75_fold2 time=23.2s
[epoch 0001] train_loss=0.72089	train_acc=0.55805	val_loss=0.68247	val_acc=0.59551	lr=0.00500	patience=0	blocks.0.graph_gate=0.80000	blocks.1.graph_gate=0.79664	blocks.2.graph_gate=0.79668
[epoch 0050] train_loss=0.54352	train_acc=0.72909	val_loss=0.60495	val_acc=0.73034	lr=0.00125	patience=35	blocks.0.graph_gate=0.80000	blocks.1.graph_gate=0.78489	blocks.2.graph_gate=0.78079
[early_stop] epoch=75 best_epoch=15 best_val_loss=0.58833
completed in 19.80s
/home/xuelin/miniconda3/envs/pyg/lib/python3.11/site-packages/outdated/__init__.py:36: UserWarning: pkg_resources is deprecated as an API. See https://setuptools.pypa.io/en/latest/pkg_resources.html. The pkg_resources package is slated for removal as early as 2025-11-30. Refrain from using this package or pin to Setuptools<81.
  from pkg_resources import parse_version
[013/40] OK PROTEINS_GraphResGNN_SAGEConv_topk_0p75_fold3 time=24.4s
[epoch 0001] train_loss=0.72815	train_acc=0.55112	val_loss=0.68246	val_acc=0.59551	lr=0.00500	patience=0	blocks.0.graph_gate=0.80000	blocks.1.graph_gate=0.79675	blocks.2.graph_gate=0.79674
[epoch 0050] train_loss=0.54704	train_acc=0.73815	val_loss=0.54805	val_acc=0.70787	lr=0.00125	patience=37	blocks.0.graph_gate=0.80000	blocks.1.graph_gate=0.78645	blocks.2.graph_gate=0.78540
[early_stop] epoch=73 best_epoch=13 best_val_loss=0.53856
completed in 20.97s
/home/xuelin/miniconda3/envs/pyg/lib/python3.11/site-packages/outdated/__init__.py:36: UserWarning: pkg_resources is deprecated as an API. See https://setuptools.pypa.io/en/latest/pkg_resources.html. The pkg_resources package is slated for removal as early as 2025-11-30. Refrain from using this package or pin to Setuptools<81.
  from pkg_resources import parse_version
[014/40] OK PROTEINS_GraphResGNN_SAGEConv_topk_0p75_fold4 time=36.2s
[epoch 0050] train_loss=0.52836	train_acc=0.76060	val_loss=0.58159	val_acc=0.71910	lr=0.00500	patience=0	blocks.0.graph_gate=0.80000	blocks.1.graph_gate=0.77330	blocks.2.graph_gate=0.78068
[epoch 0100] train_loss=0.49186	train_acc=0.78055	val_loss=0.58050	val_acc=0.70787	lr=0.00125	patience=44	blocks.0.graph_gate=0.80000	blocks.1.graph_gate=0.76368	blocks.2.graph_gate=0.77302
[early_stop] epoch=116 best_epoch=56 best_val_loss=0.55566
completed in 32.74s
/home/xuelin/miniconda3/envs/pyg/lib/python3.11/site-packages/outdated/__init__.py:36: UserWarning: pkg_resources is deprecated as an API. See https://setuptools.pypa.io/en/latest/pkg_resources.html. The pkg_resources package is slated for removal as early as 2025-11-30. Refrain from using this package or pin to Setuptools<81.
  from pkg_resources import parse_version
[015/40] OK AIDS_GraphResGNN_GINConv_sparse_0p1_fold3 time=94.6s
[epoch 0100] train_loss=0.12055	train_acc=0.95764	val_loss=0.25462	val_acc=0.91250	lr=0.00250	patience=3	blocks.0.graph_gate=0.80000	blocks.1.graph_gate=0.81740	blocks.2.graph_gate=0.77747
[epoch 0150] train_loss=0.09603	train_acc=0.96458	val_loss=0.26478	val_acc=0.89375	lr=0.00125	patience=26	blocks.0.graph_gate=0.80000	blocks.1.graph_gate=0.81714	blocks.2.graph_gate=0.76607
[early_stop] epoch=184 best_epoch=124 best_val_loss=0.18764
completed in 91.23s
/home/xuelin/miniconda3/envs/pyg/lib/python3.11/site-packages/outdated/__init__.py:36: UserWarning: pkg_resources is deprecated as an API. See https://setuptools.pypa.io/en/latest/pkg_resources.html. The pkg_resources package is slated for removal as early as 2025-11-30. Refrain from using this package or pin to Setuptools<81.
  from pkg_resources import parse_version
[016/40] OK PROTEINS_GraphResGNN_SAGEConv_sparse_0p1_fold0 time=35.8s
[epoch 0050] train_loss=0.52262	train_acc=0.74657	val_loss=0.59464	val_acc=0.73034	lr=0.00125	patience=43	blocks.0.graph_gate=0.80000	blocks.1.graph_gate=0.80186	blocks.2.graph_gate=0.80220
[epoch 0100] train_loss=0.49717	train_acc=0.76654	val_loss=0.66580	val_acc=0.64045	lr=0.00031	patience=41	blocks.0.graph_gate=0.80000	blocks.1.graph_gate=0.80490	blocks.2.graph_gate=0.80646
[early_stop] epoch=119 best_epoch=59 best_val_loss=0.56112
completed in 32.42s
/home/xuelin/miniconda3/envs/pyg/lib/python3.11/site-packages/outdated/__init__.py:36: UserWarning: pkg_resources is deprecated as an API. See https://setuptools.pypa.io/en/latest/pkg_resources.html. The pkg_resources package is slated for removal as early as 2025-11-30. Refrain from using this package or pin to Setuptools<81.
  from pkg_resources import parse_version
[017/40] OK PROTEINS_GraphResGNN_SAGEConv_sparse_0p1_fold1 time=40.4s
[epoch 0050] train_loss=0.56639	train_acc=0.72659	val_loss=0.54256	val_acc=0.76404	lr=0.00500	patience=7	blocks.0.graph_gate=0.80000	blocks.1.graph_gate=0.79272	blocks.2.graph_gate=0.79199
[epoch 0100] train_loss=0.54010	train_acc=0.74032	val_loss=0.56017	val_acc=0.73034	lr=0.00125	patience=26	blocks.0.graph_gate=0.80000	blocks.1.graph_gate=0.79249	blocks.2.graph_gate=0.79211
[early_stop] epoch=134 best_epoch=74 best_val_loss=0.52129
completed in 36.99s
/home/xuelin/miniconda3/envs/pyg/lib/python3.11/site-packages/outdated/__init__.py:36: UserWarning: pkg_resources is deprecated as an API. See https://setuptools.pypa.io/en/latest/pkg_resources.html. The pkg_resources package is slated for removal as early as 2025-11-30. Refrain from using this package or pin to Setuptools<81.
  from pkg_resources import parse_version
[018/40] OK PROTEINS_GraphResGNN_SAGEConv_sparse_0p1_fold3 time=26.5s
[epoch 0001] train_loss=0.71435	train_acc=0.51247	val_loss=0.68642	val_acc=0.59551	lr=0.00500	patience=0	blocks.0.graph_gate=0.80000	blocks.1.graph_gate=0.79860	blocks.2.graph_gate=0.79691
[epoch 0050] train_loss=0.55155	train_acc=0.74065	val_loss=0.55040	val_acc=0.76404	lr=0.00250	patience=30	blocks.0.graph_gate=0.80000	blocks.1.graph_gate=0.78386	blocks.2.graph_gate=0.78738
[early_stop] epoch=80 best_epoch=20 best_val_loss=0.51142
completed in 22.99s
/home/xuelin/miniconda3/envs/pyg/lib/python3.11/site-packages/outdated/__init__.py:36: UserWarning: pkg_resources is deprecated as an API. See https://setuptools.pypa.io/en/latest/pkg_resources.html. The pkg_resources package is slated for removal as early as 2025-11-30. Refrain from using this package or pin to Setuptools<81.
  from pkg_resources import parse_version
[019/40] OK PROTEINS_GraphResGNN_SAGEConv_sparse_0p1_fold2 time=29.8s
[epoch 0001] train_loss=0.70280	train_acc=0.56554	val_loss=0.67803	val_acc=0.59551	lr=0.00500	patience=0	blocks.0.graph_gate=0.80000	blocks.1.graph_gate=0.79702	blocks.2.graph_gate=0.79677
[epoch 0050] train_loss=0.56417	train_acc=0.72784	val_loss=0.57922	val_acc=0.74157	lr=0.00250	patience=16	blocks.0.graph_gate=0.80000	blocks.1.graph_gate=0.78780	blocks.2.graph_gate=0.78603
[early_stop] epoch=94 best_epoch=34 best_val_loss=0.57664
completed in 26.39s
/home/xuelin/miniconda3/envs/pyg/lib/python3.11/site-packages/outdated/__init__.py:36: UserWarning: pkg_resources is deprecated as an API. See https://setuptools.pypa.io/en/latest/pkg_resources.html. The pkg_resources package is slated for removal as early as 2025-11-30. Refrain from using this package or pin to Setuptools<81.
  from pkg_resources import parse_version
[020/40] OK PROTEINS_GraphResGNN_SAGEConv_sparse_0p1_fold4 time=29.5s
[epoch 0050] train_loss=0.53910	train_acc=0.74688	val_loss=0.63052	val_acc=0.67416	lr=0.00500	patience=6	blocks.0.graph_gate=0.80000	blocks.1.graph_gate=0.79269	blocks.2.graph_gate=0.79261
[epoch 0100] train_loss=0.49760	train_acc=0.78055	val_loss=0.65144	val_acc=0.66292	lr=0.00063	patience=56	blocks.0.graph_gate=0.80000	blocks.1.graph_gate=0.79217	blocks.2.graph_gate=0.79541
[early_stop] epoch=104 best_epoch=44 best_val_loss=0.58401
completed in 26.22s
/home/xuelin/miniconda3/envs/pyg/lib/python3.11/site-packages/outdated/__init__.py:36: UserWarning: pkg_resources is deprecated as an API. See https://setuptools.pypa.io/en/latest/pkg_resources.html. The pkg_resources package is slated for removal as early as 2025-11-30. Refrain from using this package or pin to Setuptools<81.
  from pkg_resources import parse_version
[021/40] OK AIDS_NodeCrossGNN_GATConv_topk_0p75_fold1 time=47.9s
[epoch 0001] train_loss=0.56290	train_acc=0.73889	val_loss=0.49026	val_acc=0.80000	lr=0.00300	patience=0	cross_gate=0.79989
[epoch 0050] train_loss=0.23463	train_acc=0.90208	val_loss=0.45384	val_acc=0.83125	lr=0.00075	patience=38	cross_gate=0.80533
[early_stop] epoch=92 best_epoch=12 best_val_loss=0.41843
completed in 44.41s
/home/xuelin/miniconda3/envs/pyg/lib/python3.11/site-packages/outdated/__init__.py:36: UserWarning: pkg_resources is deprecated as an API. See https://setuptools.pypa.io/en/latest/pkg_resources.html. The pkg_resources package is slated for removal as early as 2025-11-30. Refrain from using this package or pin to Setuptools<81.
  from pkg_resources import parse_version
[022/40] OK AIDS_NodeCrossGNN_GATConv_topk_0p75_fold0 time=77.2s
[epoch 0100] train_loss=0.20223	train_acc=0.94097	val_loss=0.23771	val_acc=0.92500	lr=0.00150	patience=22	cross_gate=0.82658
[epoch 0150] train_loss=0.12873	train_acc=0.96042	val_loss=0.32465	val_acc=0.93125	lr=0.00019	patience=72	cross_gate=0.83238
[early_stop] epoch=158 best_epoch=78 best_val_loss=0.19192
completed in 73.80s
/home/xuelin/miniconda3/envs/pyg/lib/python3.11/site-packages/outdated/__init__.py:36: UserWarning: pkg_resources is deprecated as an API. See https://setuptools.pypa.io/en/latest/pkg_resources.html. The pkg_resources package is slated for removal as early as 2025-11-30. Refrain from using this package or pin to Setuptools<81.
  from pkg_resources import parse_version
[023/40] OK AIDS_NodeCrossGNN_GATConv_topk_0p75_fold2 time=93.4s
[epoch 0100] train_loss=0.15888	train_acc=0.93819	val_loss=0.27964	val_acc=0.91875	lr=0.00150	patience=2	cross_gate=0.83111
[epoch 0150] train_loss=0.12509	train_acc=0.96250	val_loss=0.27355	val_acc=0.93125	lr=0.00038	patience=38	cross_gate=0.83843
[early_stop] epoch=192 best_epoch=112 best_val_loss=0.24360
completed in 89.99s
/home/xuelin/miniconda3/envs/pyg/lib/python3.11/site-packages/outdated/__init__.py:36: UserWarning: pkg_resources is deprecated as an API. See https://setuptools.pypa.io/en/latest/pkg_resources.html. The pkg_resources package is slated for removal as early as 2025-11-30. Refrain from using this package or pin to Setuptools<81.
  from pkg_resources import parse_version
[024/40] OK AIDS_NodeCrossGNN_GATConv_topk_0p75_fold3 time=90.4s
[epoch 0100] train_loss=0.16154	train_acc=0.94653	val_loss=0.30784	val_acc=0.90625	lr=0.00300	patience=3	cross_gate=0.84655
[epoch 0150] train_loss=0.13409	train_acc=0.95556	val_loss=0.31740	val_acc=0.90000	lr=0.00075	patience=44	cross_gate=0.85530
[early_stop] epoch=186 best_epoch=106 best_val_loss=0.23962
completed in 87.05s
/home/xuelin/miniconda3/envs/pyg/lib/python3.11/site-packages/outdated/__init__.py:36: UserWarning: pkg_resources is deprecated as an API. See https://setuptools.pypa.io/en/latest/pkg_resources.html. The pkg_resources package is slated for removal as early as 2025-11-30. Refrain from using this package or pin to Setuptools<81.
  from pkg_resources import parse_version
[025/40] OK AIDS_NodeCrossGNN_GATConv_topk_0p75_fold4 time=72.5s
[epoch 0100] train_loss=0.14469	train_acc=0.94722	val_loss=0.27663	val_acc=0.91875	lr=0.00150	patience=30	cross_gate=0.83665
[epoch 0150] train_loss=0.12108	train_acc=0.95278	val_loss=0.41678	val_acc=0.90625	lr=0.00009	patience=80	cross_gate=0.84177
[early_stop] epoch=150 best_epoch=70 best_val_loss=0.24619
completed in 69.17s
/home/xuelin/miniconda3/envs/pyg/lib/python3.11/site-packages/outdated/__init__.py:36: UserWarning: pkg_resources is deprecated as an API. See https://setuptools.pypa.io/en/latest/pkg_resources.html. The pkg_resources package is slated for removal as early as 2025-11-30. Refrain from using this package or pin to Setuptools<81.
  from pkg_resources import parse_version
[026/40] OK AIDS_NodeCrossGNN_GATConv_sparse_0p1_fold0 time=71.2s
[epoch 0050] train_loss=0.25019	train_acc=0.90139	val_loss=0.29649	val_acc=0.86875	lr=0.00300	patience=1	cross_gate=0.81825
[epoch 0100] train_loss=0.16632	train_acc=0.94306	val_loss=0.30093	val_acc=0.91250	lr=0.00150	patience=31	cross_gate=0.83788
[early_stop] epoch=149 best_epoch=69 best_val_loss=0.24607
completed in 67.77s
/home/xuelin/miniconda3/envs/pyg/lib/python3.11/site-packages/outdated/__init__.py:36: UserWarning: pkg_resources is deprecated as an API. See https://setuptools.pypa.io/en/latest/pkg_resources.html. The pkg_resources package is slated for removal as early as 2025-11-30. Refrain from using this package or pin to Setuptools<81.
  from pkg_resources import parse_version
[027/40] OK AIDS_NodeCrossGNN_GATConv_sparse_0p1_fold1 time=54.1s
[epoch 0050] train_loss=0.23741	train_acc=0.90833	val_loss=0.40703	val_acc=0.84375	lr=0.00150	patience=18	cross_gate=0.83083
[epoch 0100] train_loss=0.16839	train_acc=0.94306	val_loss=0.42418	val_acc=0.89375	lr=0.00019	patience=68	cross_gate=0.84219
[early_stop] epoch=112 best_epoch=32 best_val_loss=0.38663
completed in 50.74s
/home/xuelin/miniconda3/envs/pyg/lib/python3.11/site-packages/outdated/__init__.py:36: UserWarning: pkg_resources is deprecated as an API. See https://setuptools.pypa.io/en/latest/pkg_resources.html. The pkg_resources package is slated for removal as early as 2025-11-30. Refrain from using this package or pin to Setuptools<81.
  from pkg_resources import parse_version
[028/40] OK AIDS_NodeCrossGNN_GATConv_sparse_0p1_fold2 time=87.4s
[epoch 0100] train_loss=0.13022	train_acc=0.95278	val_loss=0.29953	val_acc=0.91875	lr=0.00150	patience=19	cross_gate=0.82833
[epoch 0150] train_loss=0.10236	train_acc=0.95694	val_loss=0.34398	val_acc=0.91875	lr=0.00019	patience=69	cross_gate=0.82869
[early_stop] epoch=161 best_epoch=81 best_val_loss=0.25839
completed in 83.98s
/home/xuelin/miniconda3/envs/pyg/lib/python3.11/site-packages/outdated/__init__.py:36: UserWarning: pkg_resources is deprecated as an API. See https://setuptools.pypa.io/en/latest/pkg_resources.html. The pkg_resources package is slated for removal as early as 2025-11-30. Refrain from using this package or pin to Setuptools<81.
  from pkg_resources import parse_version
[029/40] OK AIDS_NodeCrossGNN_GATConv_sparse_0p1_fold3 time=91.0s
[epoch 0050] train_loss=0.23614	train_acc=0.90347	val_loss=0.28348	val_acc=0.89375	lr=0.00300	patience=7	cross_gate=0.81507
[epoch 0100] train_loss=0.16172	train_acc=0.93750	val_loss=0.27116	val_acc=0.88750	lr=0.00038	patience=39	cross_gate=0.82339
[early_stop] epoch=141 best_epoch=61 best_val_loss=0.25168
completed in 87.59s
/home/xuelin/miniconda3/envs/pyg/lib/python3.11/site-packages/outdated/__init__.py:36: UserWarning: pkg_resources is deprecated as an API. See https://setuptools.pypa.io/en/latest/pkg_resources.html. The pkg_resources package is slated for removal as early as 2025-11-30. Refrain from using this package or pin to Setuptools<81.
  from pkg_resources import parse_version
[030/40] OK DD_NodeCrossGNN_GATConv_topk_0p75_fold0 time=107.6s
[epoch 0150] train_loss=0.18994	train_acc=0.92090	val_loss=0.50531	val_acc=0.76596	lr=0.00075	patience=29	cross_gate=0.85846
[epoch 0200] train_loss=0.11383	train_acc=0.95986	val_loss=0.52796	val_acc=0.78723	lr=0.00009	patience=79	cross_gate=0.86202
[early_stop] epoch=201 best_epoch=121 best_val_loss=0.43957
completed in 104.07s
/home/xuelin/miniconda3/envs/pyg/lib/python3.11/site-packages/outdated/__init__.py:36: UserWarning: pkg_resources is deprecated as an API. See https://setuptools.pypa.io/en/latest/pkg_resources.html. The pkg_resources package is slated for removal as early as 2025-11-30. Refrain from using this package or pin to Setuptools<81.
  from pkg_resources import parse_version
[031/40] OK AIDS_NodeCrossGNN_GATConv_sparse_0p1_fold4 time=123.4s
[epoch 0050] train_loss=0.25878	train_acc=0.90347	val_loss=0.37428	val_acc=0.90625	lr=0.00300	patience=6	cross_gate=0.82919
[epoch 0100] train_loss=0.15561	train_acc=0.93958	val_loss=0.33344	val_acc=0.93125	lr=0.00075	patience=37	cross_gate=0.85169
[early_stop] epoch=143 best_epoch=63 best_val_loss=0.23531
completed in 119.83s
/home/xuelin/miniconda3/envs/pyg/lib/python3.11/site-packages/outdated/__init__.py:36: UserWarning: pkg_resources is deprecated as an API. See https://setuptools.pypa.io/en/latest/pkg_resources.html. The pkg_resources package is slated for removal as early as 2025-11-30. Refrain from using this package or pin to Setuptools<81.
  from pkg_resources import parse_version
[032/40] OK DD_NodeCrossGNN_GATConv_topk_0p75_fold1 time=95.5s
[epoch 0050] train_loss=0.48272	train_acc=0.78302	val_loss=0.55806	val_acc=0.75532	lr=0.00300	patience=12	cross_gate=0.82954
[epoch 0100] train_loss=0.33998	train_acc=0.85024	val_loss=0.67913	val_acc=0.68085	lr=0.00075	patience=44	cross_gate=0.84438
[early_stop] epoch=136 best_epoch=56 best_val_loss=0.55079
completed in 91.94s
/home/xuelin/miniconda3/envs/pyg/lib/python3.11/site-packages/outdated/__init__.py:36: UserWarning: pkg_resources is deprecated as an API. See https://setuptools.pypa.io/en/latest/pkg_resources.html. The pkg_resources package is slated for removal as early as 2025-11-30. Refrain from using this package or pin to Setuptools<81.
  from pkg_resources import parse_version
[033/40] OK DD_NodeCrossGNN_GATConv_topk_0p75_fold2 time=70.6s
[epoch 0001] train_loss=0.68126	train_acc=0.58657	val_loss=0.67818	val_acc=0.58511	lr=0.00300	patience=0	cross_gate=0.79925
[epoch 0050] train_loss=0.50491	train_acc=0.77385	val_loss=0.68772	val_acc=0.69149	lr=0.00075	patience=42	cross_gate=0.82661
[early_stop] epoch=88 best_epoch=8 best_val_loss=0.63636
completed in 66.85s
/home/xuelin/miniconda3/envs/pyg/lib/python3.11/site-packages/outdated/__init__.py:36: UserWarning: pkg_resources is deprecated as an API. See https://setuptools.pypa.io/en/latest/pkg_resources.html. The pkg_resources package is slated for removal as early as 2025-11-30. Refrain from using this package or pin to Setuptools<81.
  from pkg_resources import parse_version
[034/40] OK DD_NodeCrossGNN_GATConv_topk_0p75_fold4 time=102.0s
[epoch 0001] train_loss=0.68331	train_acc=0.58657	val_loss=0.67784	val_acc=0.58511	lr=0.00300	patience=0	cross_gate=0.79900
[epoch 0050] train_loss=0.50779	train_acc=0.77267	val_loss=0.69669	val_acc=0.63830	lr=0.00075	patience=39	cross_gate=0.82836
[early_stop] epoch=91 best_epoch=11 best_val_loss=0.62185
completed in 98.26s
/home/xuelin/miniconda3/envs/pyg/lib/python3.11/site-packages/outdated/__init__.py:36: UserWarning: pkg_resources is deprecated as an API. See https://setuptools.pypa.io/en/latest/pkg_resources.html. The pkg_resources package is slated for removal as early as 2025-11-30. Refrain from using this package or pin to Setuptools<81.
  from pkg_resources import parse_version
[035/40] OK DD_NodeCrossGNN_GATConv_topk_0p75_fold3 time=141.6s
[epoch 0050] train_loss=0.46171	train_acc=0.79152	val_loss=0.54818	val_acc=0.70213	lr=0.00300	patience=0	cross_gate=0.83187
[epoch 0100] train_loss=0.32204	train_acc=0.86455	val_loss=0.72398	val_acc=0.69149	lr=0.00075	patience=44	cross_gate=0.84724
[early_stop] epoch=136 best_epoch=56 best_val_loss=0.54355
completed in 137.96s
/home/xuelin/miniconda3/envs/pyg/lib/python3.11/site-packages/outdated/__init__.py:36: UserWarning: pkg_resources is deprecated as an API. See https://setuptools.pypa.io/en/latest/pkg_resources.html. The pkg_resources package is slated for removal as early as 2025-11-30. Refrain from using this package or pin to Setuptools<81.
  from pkg_resources import parse_version
[036/40] OK DD_NodeCrossGNN_GATConv_sparse_0p1_fold1 time=147.4s
[epoch 0050] train_loss=0.48582	train_acc=0.77476	val_loss=0.54116	val_acc=0.75532	lr=0.00300	patience=0	cross_gate=0.83925
[epoch 0100] train_loss=0.35453	train_acc=0.84906	val_loss=0.58285	val_acc=0.70213	lr=0.00075	patience=44	cross_gate=0.85861
[early_stop] epoch=136 best_epoch=56 best_val_loss=0.52698
completed in 143.45s
/home/xuelin/miniconda3/envs/pyg/lib/python3.11/site-packages/outdated/__init__.py:36: UserWarning: pkg_resources is deprecated as an API. See https://setuptools.pypa.io/en/latest/pkg_resources.html. The pkg_resources package is slated for removal as early as 2025-11-30. Refrain from using this package or pin to Setuptools<81.
  from pkg_resources import parse_version
[037/40] OK DD_NodeCrossGNN_GATConv_sparse_0p1_fold0 time=151.3s
[epoch 0050] train_loss=0.47496	train_acc=0.76741	val_loss=0.59974	val_acc=0.71277	lr=0.00300	patience=8	cross_gate=0.83604
[epoch 0100] train_loss=0.29233	train_acc=0.86895	val_loss=0.58644	val_acc=0.76596	lr=0.00075	patience=36	cross_gate=0.84410
[early_stop] epoch=144 best_epoch=64 best_val_loss=0.52297
completed in 147.44s
/home/xuelin/miniconda3/envs/pyg/lib/python3.11/site-packages/outdated/__init__.py:36: UserWarning: pkg_resources is deprecated as an API. See https://setuptools.pypa.io/en/latest/pkg_resources.html. The pkg_resources package is slated for removal as early as 2025-11-30. Refrain from using this package or pin to Setuptools<81.
  from pkg_resources import parse_version
[038/40] OK DD_NodeCrossGNN_GATConv_sparse_0p1_fold2 time=79.8s
[epoch 0001] train_loss=0.68156	train_acc=0.58657	val_loss=0.67823	val_acc=0.58511	lr=0.00300	patience=0	cross_gate=0.79665
[epoch 0050] train_loss=0.51635	train_acc=0.75501	val_loss=0.68190	val_acc=0.69149	lr=0.00075	patience=41	cross_gate=0.83345
[early_stop] epoch=89 best_epoch=9 best_val_loss=0.64428
completed in 76.04s
/home/xuelin/miniconda3/envs/pyg/lib/python3.11/site-packages/outdated/__init__.py:36: UserWarning: pkg_resources is deprecated as an API. See https://setuptools.pypa.io/en/latest/pkg_resources.html. The pkg_resources package is slated for removal as early as 2025-11-30. Refrain from using this package or pin to Setuptools<81.
  from pkg_resources import parse_version
[039/40] OK DD_NodeCrossGNN_GATConv_sparse_0p1_fold4 time=44.9s
[epoch 0001] train_loss=0.68291	train_acc=0.58657	val_loss=0.67800	val_acc=0.58511	lr=0.00300	patience=0	cross_gate=0.79669
[epoch 0050] train_loss=0.51746	train_acc=0.76914	val_loss=0.67978	val_acc=0.63830	lr=0.00075	patience=37	cross_gate=0.82868
[early_stop] epoch=93 best_epoch=13 best_val_loss=0.62499
completed in 41.15s
/home/xuelin/miniconda3/envs/pyg/lib/python3.11/site-packages/outdated/__init__.py:36: UserWarning: pkg_resources is deprecated as an API. See https://setuptools.pypa.io/en/latest/pkg_resources.html. The pkg_resources package is slated for removal as early as 2025-11-30. Refrain from using this package or pin to Setuptools<81.
  from pkg_resources import parse_version
[040/40] OK DD_NodeCrossGNN_GATConv_sparse_0p1_fold3 time=80.2s
[epoch 0050] train_loss=0.48554	train_acc=0.75854	val_loss=0.55714	val_acc=0.70213	lr=0.00300	patience=0	cross_gate=0.84863
[epoch 0100] train_loss=0.33979	train_acc=0.85159	val_loss=0.61289	val_acc=0.72340	lr=0.00075	patience=38	cross_gate=0.87195
[early_stop] epoch=142 best_epoch=62 best_val_loss=0.52773
completed in 76.66s
/home/xuelin/miniconda3/envs/pyg/lib/python3.11/site-packages/outdated/__init__.py:36: UserWarning: pkg_resources is deprecated as an API. See https://setuptools.pypa.io/en/latest/pkg_resources.html. The pkg_resources package is slated for removal as early as 2025-11-30. Refrain from using this package or pin to Setuptools<81.
  from pkg_resources import parse_version
all_done rc=0 total_time=732.3s
