[001/100] OK AIDS_GraphResGNN_GINConv_learnable_fold3 time=80.1s
[epoch 0050] train_loss=0.16993	train_acc=0.93472	val_loss=0.16555	val_acc=0.94375	lr=0.00250	patience=0	blocks.0.graph_gate=0.80000	blocks.1.graph_gate=0.78551	blocks.2.graph_gate=0.78822
[epoch 0100] train_loss=0.11710	train_acc=0.95903	val_loss=0.16736	val_acc=0.95625	lr=0.00063	patience=23	blocks.0.graph_gate=0.80000	blocks.1.graph_gate=0.78232	blocks.2.graph_gate=0.78620
[early_stop] epoch=137 best_epoch=77 best_val_loss=0.14239
completed in 76.47s
/home/xuelin/miniconda3/envs/pyg/lib/python3.11/site-packages/outdated/__init__.py:36: UserWarning: pkg_resources is deprecated as an API. See https://setuptools.pypa.io/en/latest/pkg_resources.html. The pkg_resources package is slated for removal as early as 2025-11-30. Refrain from using this package or pin to Setuptools<81.
  from pkg_resources import parse_version
[002/100] OK AIDS_GraphResGNN_GINConv_learnable_fold0 time=99.2s
[epoch 0100] train_loss=0.09306	train_acc=0.96944	val_loss=0.30818	val_acc=0.92500	lr=0.00250	patience=29	blocks.0.graph_gate=0.80000	blocks.1.graph_gate=0.77004	blocks.2.graph_gate=0.77696
[epoch 0150] train_loss=0.08184	train_acc=0.97639	val_loss=0.13412	val_acc=0.96250	lr=0.00031	patience=32	blocks.0.graph_gate=0.80000	blocks.1.graph_gate=0.77075	blocks.2.graph_gate=0.77916
[early_stop] epoch=178 best_epoch=118 best_val_loss=0.10998
completed in 95.54s
/home/xuelin/miniconda3/envs/pyg/lib/python3.11/site-packages/outdated/__init__.py:36: UserWarning: pkg_resources is deprecated as an API. See https://setuptools.pypa.io/en/latest/pkg_resources.html. The pkg_resources package is slated for removal as early as 2025-11-30. Refrain from using this package or pin to Setuptools<81.
  from pkg_resources import parse_version
[003/100] OK AIDS_GraphResGNN_GINConv_learnable_fold2 time=99.5s
[epoch 0100] train_loss=0.18956	train_acc=0.92847	val_loss=0.22616	val_acc=0.91875	lr=0.00250	patience=26	blocks.0.graph_gate=0.80000	blocks.1.graph_gate=0.77176	blocks.2.graph_gate=0.75623
[epoch 0150] train_loss=0.13480	train_acc=0.95694	val_loss=0.22444	val_acc=0.92500	lr=0.00063	patience=32	blocks.0.graph_gate=0.80000	blocks.1.graph_gate=0.77130	blocks.2.graph_gate=0.75464
[early_stop] epoch=178 best_epoch=118 best_val_loss=0.16855
completed in 95.72s
/home/xuelin/miniconda3/envs/pyg/lib/python3.11/site-packages/outdated/__init__.py:36: UserWarning: pkg_resources is deprecated as an API. See https://setuptools.pypa.io/en/latest/pkg_resources.html. The pkg_resources package is slated for removal as early as 2025-11-30. Refrain from using this package or pin to Setuptools<81.
  from pkg_resources import parse_version
[004/100] FAIL AIDS_GraphResGNN_GINConv_topk_0p25_fold0 time=4.4s
model=GraphResGNN	operator=GINConv	dataset=AIDS	version=V3	fold=0	dataset_family=tu	total_params=120331	trainable_params=120331	gate_init=0.80000
/home/xuelin/miniconda3/envs/pyg/lib/python3.11/site-packages/outdated/__init__.py:36: UserWarning: pkg_resources is deprecated as an API. See https://setuptools.pypa.io/en/latest/pkg_resources.html. The pkg_resources package is slated for removal as early as 2025-11-30. Refrain from using this package or pin to Setuptools<81.
  from pkg_resources import parse_version
Traceback (most recent call last):
  File "/ds1/workspace/ai/cross_residual_gnn/geomatric/graph_classify_v3.py", line 1576, in <module>
    main()
  File "/ds1/workspace/ai/cross_residual_gnn/geomatric/graph_classify_v3.py", line 1571, in main
    train_one_config(args)
  File "/ds1/workspace/ai/cross_residual_gnn/geomatric/graph_classify_v3.py", line 1322, in train_one_config
    logits, graph_embedding = model(batch_data.x, batch_data.edge_index, batch_data.batch)
                              ^^^^^^^^^^^^^^^^^^^^^^^^^^^^^^^^^^^^^^^^^^^^^^^^^^^^^^^^^^^^
  File "/home/xuelin/miniconda3/envs/pyg/lib/python3.11/site-packages/torch/nn/modules/module.py", line 1779, in _wrapped_call_impl
    return self._call_impl(*args, **kwargs)
           ^^^^^^^^^^^^^^^^^^^^^^^^^^^^^^^^
  File "/home/xuelin/miniconda3/envs/pyg/lib/python3.11/site-packages/torch/nn/modules/module.py", line 1790, in _call_impl
    return forward_call(*args, **kwargs)
           ^^^^^^^^^^^^^^^^^^^^^^^^^^^^^
  File "/ds1/workspace/ai/cross_residual_gnn/geomatric/graph_classify_v3.py", line 891, in forward
    _, graph_embedding = block(x, edge_index, batch, graph_hidden)
                         ^^^^^^^^^^^^^^^^^^^^^^^^^^^^^^^^^^^^^^^^^
  File "/home/xuelin/miniconda3/envs/pyg/lib/python3.11/site-packages/torch/nn/modules/module.py", line 1779, in _wrapped_call_impl
    return self._call_impl(*args, **kwargs)
           ^^^^^^^^^^^^^^^^^^^^^^^^^^^^^^^^
  File "/home/xuelin/miniconda3/envs/pyg/lib/python3.11/site-packages/torch/nn/modules/module.py", line 1790, in _call_impl
    return forward_call(*args, **kwargs)
           ^^^^^^^^^^^^^^^^^^^^^^^^^^^^^
  File "/ds1/workspace/ai/cross_residual_gnn/geomatric/graph_classify_v3.py", line 630, in forward
    residual = apply_residual_mode(
               ^^^^^^^^^^^^^^^^^^^^
  File "/ds1/workspace/ai/cross_residual_gnn/geomatric/graph_classify_v3.py", line 165, in apply_residual_mode
    return residual * topk_mask(residual, topk_ratio=topk_ratio)
                      ^^^^^^^^^^^^^^^^^^^^^^^^^^^^^^^^^^^^^^^^^^
TypeError: topk_mask() got an unexpected keyword argument 'topk_ratio'
/home/xuelin/miniconda3/envs/pyg/bin/python geomatric/graph_classify_v3.py --version V3 --ds AIDS --gname GraphResGNN --name GINConv --ep 200 --patience 60 --lr 0.005 --weight_decay 0.0001 --drop 0.5 --dim 64 --h_layer 4 --batch_size 128 --grad_clip 2.0 --lr_factor 0.5 --lr_patience 15 --min_lr 1e-05 --gate_init 0.8 --gate_mode learnable --fixed_gate_value 0.8 --mode single --tensorboard --residual_mode topk --topk_ratio 0.25 --fold 0 --exp_tag residual_mode_aids_graphresgnn_ginconv_topk_0p25
all_done rc=1 total_time=1207.1s
