[001/175] OK ds=MUTAG model=PlainGNN fold=0 time=13.8s
[epoch 0001] train_loss=0.68315	train_acc=0.60741	val_loss=0.62867	val_acc=0.66667	lr=0.00500	patience=0
[epoch 0050] train_loss=0.47659	train_acc=0.76296	val_loss=0.41319	val_acc=0.73333	lr=0.00250	patience=19
[early_stop] epoch=91 best_epoch=31 best_val_loss=0.38389
completed in 10.42s
[002/175] OK ds=MUTAG model=PlainGNN fold=4 time=14.0s
[epoch 0001] train_loss=0.64552	train_acc=0.60294	val_loss=0.63454	val_acc=0.66667	lr=0.00500	patience=0
[epoch 0050] train_loss=0.51983	train_acc=0.74265	val_loss=0.40204	val_acc=0.80000	lr=0.00250	patience=18
[early_stop] epoch=92 best_epoch=32 best_val_loss=0.36111
completed in 10.51s
[003/175] OK ds=MUTAG model=PlainGNN fold=3 time=14.3s
[epoch 0001] train_loss=0.66086	train_acc=0.62500	val_loss=0.63498	val_acc=0.66667	lr=0.00500	patience=0
[epoch 0050] train_loss=0.58755	train_acc=0.74265	val_loss=0.53082	val_acc=0.66667	lr=0.00500	patience=13
[early_stop] epoch=97 best_epoch=37 best_val_loss=0.50727
completed in 10.89s
[004/175] OK ds=MUTAG model=PlainGNN fold=2 time=15.0s
[epoch 0050] train_loss=0.49428	train_acc=0.80741	val_loss=0.47210	val_acc=0.73333	lr=0.00500	patience=4
[epoch 0100] train_loss=0.46078	train_acc=0.81481	val_loss=0.47821	val_acc=0.73333	lr=0.00063	patience=54
[early_stop] epoch=106 best_epoch=46 best_val_loss=0.46345
completed in 11.47s
[005/175] OK ds=MUTAG model=PlainGNN fold=1 time=15.1s
[epoch 0050] train_loss=0.50188	train_acc=0.77037	val_loss=0.51858	val_acc=0.66667	lr=0.00250	patience=3
[epoch 0100] train_loss=0.50228	train_acc=0.77778	val_loss=0.50180	val_acc=0.66667	lr=0.00031	patience=53
[early_stop] epoch=107 best_epoch=47 best_val_loss=0.49562
completed in 11.51s
[006/175] OK ds=MUTAG model=NodeResGNN fold=0 time=18.7s
[epoch 0100] train_loss=0.46821	train_acc=0.78519	val_loss=0.35412	val_acc=0.86667	lr=0.00500	patience=9
[epoch 0150] train_loss=0.45263	train_acc=0.82963	val_loss=0.35746	val_acc=0.93333	lr=0.00125	patience=5
[epoch 0200] train_loss=0.44651	train_acc=0.78519	val_loss=0.32272	val_acc=0.93333	lr=0.00016	patience=55
completed in 15.42s
[007/175] OK ds=MUTAG model=NodeResGNN fold=1 time=11.9s
[epoch 0001] train_loss=0.64723	train_acc=0.65926	val_loss=0.62356	val_acc=0.66667	lr=0.00500	patience=0
[epoch 0050] train_loss=0.51046	train_acc=0.77037	val_loss=0.51884	val_acc=0.66667	lr=0.00250	patience=24
[early_stop] epoch=86 best_epoch=26 best_val_loss=0.50635
completed in 8.71s
[008/175] OK ds=MUTAG model=NodeResGNN fold=4 time=12.6s
[epoch 0001] train_loss=0.62549	train_acc=0.66912	val_loss=0.62180	val_acc=0.66667	lr=0.00500	patience=0
[epoch 0050] train_loss=0.49340	train_acc=0.75735	val_loss=0.38596	val_acc=0.80000	lr=0.00250	patience=18
[early_stop] epoch=92 best_epoch=32 best_val_loss=0.34290
completed in 9.55s
[009/175] OK ds=MUTAG model=NodeResGNN fold=3 time=13.9s
[epoch 0050] train_loss=0.55409	train_acc=0.75000	val_loss=0.53710	val_acc=0.66667	lr=0.00500	patience=5
[epoch 0100] train_loss=0.52280	train_acc=0.76471	val_loss=0.54071	val_acc=0.73333	lr=0.00063	patience=55
[early_stop] epoch=105 best_epoch=45 best_val_loss=0.52616
completed in 10.66s
[010/175] OK ds=MUTAG model=NodeResGNN fold=2 time=16.4s
[epoch 0050] train_loss=0.48365	train_acc=0.77037	val_loss=0.48225	val_acc=0.73333	lr=0.00250	patience=4
[epoch 0100] train_loss=0.48234	train_acc=0.79259	val_loss=0.48127	val_acc=0.73333	lr=0.00063	patience=20
[early_stop] epoch=140 best_epoch=80 best_val_loss=0.47085
completed in 13.16s
[011/175] OK ds=MUTAG model=NodeCrossGNN fold=1 time=17.9s
[epoch 0050] train_loss=0.48402	train_acc=0.79259	val_loss=0.57003	val_acc=0.60000	lr=0.00150	patience=23
[epoch 0100] train_loss=0.45971	train_acc=0.78519	val_loss=0.59253	val_acc=0.66667	lr=0.00019	patience=73
[early_stop] epoch=107 best_epoch=27 best_val_loss=0.50995
completed in 15.08s
[012/175] OK ds=MUTAG model=NodeCrossGNN fold=2 time=18.6s
[epoch 0050] train_loss=0.46714	train_acc=0.76296	val_loss=0.50096	val_acc=0.73333	lr=0.00150	patience=26
[epoch 0100] train_loss=0.46758	train_acc=0.79259	val_loss=0.49376	val_acc=0.73333	lr=0.00019	patience=76
[early_stop] epoch=104 best_epoch=24 best_val_loss=0.48056
completed in 15.65s
[013/175] OK ds=MUTAG model=NodeCrossGNN fold=4 time=24.3s
[epoch 0050] train_loss=0.47932	train_acc=0.79412	val_loss=0.40053	val_acc=0.80000	lr=0.00150	patience=27
[epoch 0100] train_loss=0.48329	train_acc=0.78676	val_loss=0.43314	val_acc=0.80000	lr=0.00038	patience=46
[early_stop] epoch=134 best_epoch=54 best_val_loss=0.37062
completed in 21.28s
[014/175] OK ds=MUTAG model=NodeCrossGNN fold=0 time=37.6s
[epoch 0150] train_loss=0.42806	train_acc=0.80741	val_loss=0.31854	val_acc=0.93333	lr=0.00075	patience=22
[epoch 0200] train_loss=0.43193	train_acc=0.81481	val_loss=0.30367	val_acc=0.93333	lr=0.00019	patience=46
[early_stop] epoch=234 best_epoch=154 best_val_loss=0.28922
completed in 34.32s
[015/175] OK ds=MUTAG model=GraphResGNN fold=1 time=20.1s
[epoch 0001] train_loss=0.65230	train_acc=0.66667	val_loss=0.63484	val_acc=0.66667	lr=0.00500	patience=0
[epoch 0050] train_loss=0.48413	train_acc=0.79259	val_loss=0.52377	val_acc=0.66667	lr=0.00250	patience=29
[early_stop] epoch=81 best_epoch=21 best_val_loss=0.49850
completed in 17.34s
[016/175] OK ds=MUTAG model=GraphResGNN fold=0 time=33.3s
[epoch 0050] train_loss=0.47284	train_acc=0.77778	val_loss=0.35821	val_acc=0.93333	lr=0.00500	patience=8
[epoch 0100] train_loss=0.49437	train_acc=0.76296	val_loss=0.34920	val_acc=0.80000	lr=0.00125	patience=16
[early_stop] epoch=144 best_epoch=84 best_val_loss=0.31849
completed in 30.49s
[017/175] OK ds=MUTAG model=NodeCrossGNN fold=3 time=39.7s
[epoch 0150] train_loss=0.48708	train_acc=0.76471	val_loss=0.52158	val_acc=0.73333	lr=0.00009	patience=16
[epoch 0200] train_loss=0.49609	train_acc=0.77941	val_loss=0.52053	val_acc=0.73333	lr=0.00002	patience=18
[epoch 0240] train_loss=0.49386	train_acc=0.77206	val_loss=0.52071	val_acc=0.73333	lr=0.00001	patience=58
completed in 36.72s
[018/175] OK ds=MUTAG model=GraphResGNN fold=2 time=27.3s
[epoch 0050] train_loss=0.49926	train_acc=0.78519	val_loss=0.46845	val_acc=0.80000	lr=0.00500	patience=0
[epoch 0100] train_loss=0.46588	train_acc=0.78519	val_loss=0.45228	val_acc=0.80000	lr=0.00125	patience=44
[early_stop] epoch=116 best_epoch=56 best_val_loss=0.44506
completed in 24.50s
[019/175] OK ds=MUTAG model=GraphResGNN fold=3 time=20.7s
[epoch 0001] train_loss=0.65103	train_acc=0.66176	val_loss=0.63041	val_acc=0.66667	lr=0.00500	patience=0
[epoch 0050] train_loss=0.55199	train_acc=0.75735	val_loss=0.74771	val_acc=0.60000	lr=0.00250	patience=28
[early_stop] epoch=82 best_epoch=22 best_val_loss=0.53208
completed in 17.79s
[020/175] OK ds=MUTAG model=GraphResGNN fold=4 time=25.8s
[epoch 0050] train_loss=0.48115	train_acc=0.78676	val_loss=0.41463	val_acc=0.86667	lr=0.00500	patience=2
[epoch 0100] train_loss=0.46701	train_acc=0.77941	val_loss=0.42944	val_acc=0.80000	lr=0.00063	patience=52
[early_stop] epoch=108 best_epoch=48 best_val_loss=0.31149
completed in 22.94s
[021/175] OK ds=MUTAG model=GraphCrossGNN fold=1 time=31.3s
[epoch 0050] train_loss=0.49341	train_acc=0.77778	val_loss=0.52516	val_acc=0.66667	lr=0.00150	patience=24
[epoch 0100] train_loss=0.46856	train_acc=0.79259	val_loss=0.53438	val_acc=0.60000	lr=0.00019	patience=74
[early_stop] epoch=106 best_epoch=26 best_val_loss=0.51092
completed in 28.44s
[022/175] OK ds=MUTAG model=GraphCrossGNN fold=0 time=39.2s
[epoch 0050] train_loss=0.47382	train_acc=0.78519	val_loss=0.36502	val_acc=0.80000	lr=0.00150	patience=9
[epoch 0100] train_loss=0.45247	train_acc=0.78519	val_loss=0.36414	val_acc=0.80000	lr=0.00038	patience=43
[early_stop] epoch=137 best_epoch=57 best_val_loss=0.34484
completed in 36.37s
[023/175] OK ds=MUTAG model=GraphCrossGNN fold=2 time=30.0s
[epoch 0050] train_loss=0.49979	train_acc=0.80000	val_loss=0.49257	val_acc=0.73333	lr=0.00150	patience=28
[epoch 0100] train_loss=0.47257	train_acc=0.80741	val_loss=0.48377	val_acc=0.73333	lr=0.00019	patience=78
[early_stop] epoch=102 best_epoch=22 best_val_loss=0.46114
completed in 27.12s
[024/175] OK ds=MUTAG model=GraphCrossGNN fold=3 time=30.9s
[epoch 0050] train_loss=0.50382	train_acc=0.73529	val_loss=0.54822	val_acc=0.66667	lr=0.00150	patience=23
[epoch 0100] train_loss=0.50155	train_acc=0.75735	val_loss=0.52886	val_acc=0.73333	lr=0.00019	patience=73
[early_stop] epoch=107 best_epoch=27 best_val_loss=0.52621
completed in 27.96s
[025/175] OK ds=MUTAG model=GraphCrossGNN fold=4 time=33.4s
[epoch 0050] train_loss=0.47892	train_acc=0.77206	val_loss=0.42064	val_acc=0.80000	lr=0.00300	patience=12
[epoch 0100] train_loss=0.46633	train_acc=0.77206	val_loss=0.39979	val_acc=0.80000	lr=0.00038	patience=62
[early_stop] epoch=118 best_epoch=38 best_val_loss=0.35827
completed in 30.56s
[026/175] OK ds=PROTEINS model=PlainGNN fold=4 time=36.2s
[epoch 0001] train_loss=0.68177	train_acc=0.58603	val_loss=0.67727	val_acc=0.59551	lr=0.00500	patience=0
[epoch 0050] train_loss=0.59971	train_acc=0.72319	val_loss=0.67103	val_acc=0.62921	lr=0.00125	patience=46
[early_stop] epoch=64 best_epoch=4 best_val_loss=0.65109
completed in 33.37s
[027/175] OK ds=PROTEINS model=PlainGNN fold=2 time=50.3s
[epoch 0001] train_loss=0.67919	train_acc=0.58801	val_loss=0.69254	val_acc=0.59551	lr=0.00500	patience=0
[epoch 0050] train_loss=0.61242	train_acc=0.70287	val_loss=0.60327	val_acc=0.70787	lr=0.00250	patience=17
[early_stop] epoch=93 best_epoch=33 best_val_loss=0.59135
completed in 47.35s
[028/175] OK ds=PROTEINS model=PlainGNN fold=0 time=104.0s
[epoch 0100] train_loss=0.58304	train_acc=0.72285	val_loss=0.57495	val_acc=0.71910	lr=0.00063	patience=6
[epoch 0150] train_loss=0.58862	train_acc=0.72285	val_loss=0.57419	val_acc=0.73034	lr=0.00031	patience=3
[epoch 0200] train_loss=0.58420	train_acc=0.72160	val_loss=0.56764	val_acc=0.73034	lr=0.00008	patience=25
completed in 101.20s
[029/175] OK ds=PROTEINS model=PlainGNN fold=1 time=104.0s
[epoch 0100] train_loss=0.61053	train_acc=0.69663	val_loss=0.58082	val_acc=0.74157	lr=0.00125	patience=7
[epoch 0150] train_loss=0.59455	train_acc=0.70037	val_loss=0.57857	val_acc=0.71910	lr=0.00016	patience=36
[epoch 0200] train_loss=0.60889	train_acc=0.70537	val_loss=0.57633	val_acc=0.71910	lr=0.00008	patience=17
completed in 101.04s
[030/175] OK ds=PROTEINS model=NodeResGNN fold=2 time=54.1s
[epoch 0001] train_loss=0.68396	train_acc=0.58801	val_loss=0.68398	val_acc=0.59551	lr=0.00500	patience=0
[epoch 0050] train_loss=0.62025	train_acc=0.68414	val_loss=0.58423	val_acc=0.67416	lr=0.00500	patience=11
[early_stop] epoch=99 best_epoch=39 best_val_loss=0.57814
completed in 51.17s
[031/175] OK ds=PROTEINS model=PlainGNN fold=3 time=103.9s
[epoch 0100] train_loss=0.61232	train_acc=0.69950	val_loss=0.54459	val_acc=0.75281	lr=0.00125	patience=2
[epoch 0150] train_loss=0.60834	train_acc=0.69701	val_loss=0.54279	val_acc=0.75281	lr=0.00063	patience=5
[epoch 0200] train_loss=0.60192	train_acc=0.70075	val_loss=0.54421	val_acc=0.75281	lr=0.00016	patience=38
completed in 100.95s
[032/175] OK ds=PROTEINS model=NodeResGNN fold=0 time=103.5s
[epoch 0100] train_loss=0.59736	train_acc=0.69913	val_loss=0.58410	val_acc=0.71910	lr=0.00250	patience=1
[epoch 0150] train_loss=0.58444	train_acc=0.73533	val_loss=0.57372	val_acc=0.74157	lr=0.00063	patience=16
[epoch 0200] train_loss=0.58205	train_acc=0.71411	val_loss=0.56915	val_acc=0.73034	lr=0.00016	patience=33
completed in 100.64s
[033/175] OK ds=PROTEINS model=NodeResGNN fold=4 time=36.6s
[epoch 0001] train_loss=0.68296	train_acc=0.59102	val_loss=0.67385	val_acc=0.65169	lr=0.00500	patience=0
[epoch 0050] train_loss=0.59728	train_acc=0.72569	val_loss=0.67296	val_acc=0.61798	lr=0.00125	patience=46
[early_stop] epoch=64 best_epoch=4 best_val_loss=0.65149
completed in 33.68s
[034/175] OK ds=PROTEINS model=NodeResGNN fold=1 time=104.0s
[epoch 0100] train_loss=0.60228	train_acc=0.71660	val_loss=0.57985	val_acc=0.71910	lr=0.00125	patience=26
[epoch 0150] train_loss=0.59930	train_acc=0.71161	val_loss=0.58036	val_acc=0.70787	lr=0.00031	patience=4
[epoch 0200] train_loss=0.60529	train_acc=0.71411	val_loss=0.57771	val_acc=0.71910	lr=0.00004	patience=42
completed in 101.10s
[035/175] OK ds=PROTEINS model=NodeResGNN fold=3 time=69.0s
[epoch 0050] train_loss=0.61567	train_acc=0.69950	val_loss=0.56602	val_acc=0.73034	lr=0.00500	patience=11
[epoch 0100] train_loss=0.60572	train_acc=0.70075	val_loss=0.54969	val_acc=0.75281	lr=0.00125	patience=30
[early_stop] epoch=130 best_epoch=70 best_val_loss=0.54005
completed in 66.12s
[036/175] OK ds=PROTEINS model=NodeCrossGNN fold=4 time=72.6s
[epoch 0001] train_loss=0.65381	train_acc=0.62219	val_loss=0.66072	val_acc=0.64045	lr=0.00300	patience=0
[epoch 0050] train_loss=0.57452	train_acc=0.73067	val_loss=0.68539	val_acc=0.65169	lr=0.00075	patience=47
[early_stop] epoch=83 best_epoch=3 best_val_loss=0.66016
completed in 69.78s
[037/175] OK ds=PROTEINS model=NodeCrossGNN fold=2 time=115.6s
[epoch 0050] train_loss=0.60198	train_acc=0.70037	val_loss=0.59797	val_acc=0.68539	lr=0.00300	patience=6
[epoch 0100] train_loss=0.59805	train_acc=0.70537	val_loss=0.60802	val_acc=0.70787	lr=0.00075	patience=42
[early_stop] epoch=138 best_epoch=58 best_val_loss=0.58455
completed in 112.80s
[038/175] OK ds=PROTEINS model=NodeCrossGNN fold=3 time=109.4s
[epoch 0050] train_loss=0.60173	train_acc=0.70574	val_loss=0.54529	val_acc=0.76404	lr=0.00075	patience=2
[epoch 0100] train_loss=0.59257	train_acc=0.71197	val_loss=0.54908	val_acc=0.76404	lr=0.00009	patience=52
[early_stop] epoch=128 best_epoch=48 best_val_loss=0.53939
completed in 106.57s
[039/175] OK ds=PROTEINS model=NodeCrossGNN fold=0 time=150.7s
[epoch 0100] train_loss=0.57260	train_acc=0.73034	val_loss=0.56450	val_acc=0.73034	lr=0.00075	patience=31
[epoch 0150] train_loss=0.56528	train_acc=0.73533	val_loss=0.56676	val_acc=0.73034	lr=0.00009	patience=49
[early_stop] epoch=181 best_epoch=101 best_val_loss=0.56229
completed in 147.73s
[040/175] OK ds=PROTEINS model=NodeCrossGNN fold=1 time=204.4s
[epoch 0150] train_loss=0.59155	train_acc=0.71286	val_loss=0.56583	val_acc=0.75281	lr=0.00075	patience=14
[epoch 0200] train_loss=0.58302	train_acc=0.71660	val_loss=0.55912	val_acc=0.76404	lr=0.00019	patience=5
[epoch 0240] train_loss=0.57652	train_acc=0.71785	val_loss=0.55767	val_acc=0.76404	lr=0.00005	patience=45
completed in 201.45s
[041/175] OK ds=PROTEINS model=GraphResGNN fold=2 time=89.5s
[epoch 0001] train_loss=0.68307	train_acc=0.58302	val_loss=0.67407	val_acc=0.59551	lr=0.00500	patience=0
[epoch 0050] train_loss=0.56029	train_acc=0.73283	val_loss=0.57142	val_acc=0.73034	lr=0.00125	patience=39
[early_stop] epoch=71 best_epoch=11 best_val_loss=0.56622
completed in 86.65s
[042/175] OK ds=PROTEINS model=GraphResGNN fold=1 time=129.5s
[epoch 0050] train_loss=0.56996	train_acc=0.72909	val_loss=0.51587	val_acc=0.77528	lr=0.00500	patience=5
[epoch 0100] train_loss=0.55338	train_acc=0.73908	val_loss=0.51779	val_acc=0.77528	lr=0.00063	patience=55
[early_stop] epoch=105 best_epoch=45 best_val_loss=0.50745
completed in 126.69s
[043/175] OK ds=PROTEINS model=GraphResGNN fold=3 time=114.0s
[epoch 0001] train_loss=0.68359	train_acc=0.57980	val_loss=0.66898	val_acc=0.59551	lr=0.00500	patience=0
[epoch 0050] train_loss=0.55445	train_acc=0.73940	val_loss=0.55223	val_acc=0.74157	lr=0.00250	patience=19
[early_stop] epoch=91 best_epoch=31 best_val_loss=0.51559
completed in 111.19s
[044/175] OK ds=PROTEINS model=GraphResGNN fold=4 time=110.5s
[epoch 0001] train_loss=0.67752	train_acc=0.59601	val_loss=0.66761	val_acc=0.59551	lr=0.00500	patience=0
[epoch 0050] train_loss=0.52308	train_acc=0.76559	val_loss=0.62523	val_acc=0.67416	lr=0.00125	patience=22
[early_stop] epoch=88 best_epoch=28 best_val_loss=0.58298
completed in 107.63s
[045/175] OK ds=PROTEINS model=GraphResGNN fold=0 time=238.6s
[epoch 0100] train_loss=0.54431	train_acc=0.73658	val_loss=0.57221	val_acc=0.69663	lr=0.00250	patience=15
[epoch 0150] train_loss=0.52077	train_acc=0.75156	val_loss=0.55337	val_acc=0.71910	lr=0.00031	patience=1
[epoch 0200] train_loss=0.52801	train_acc=0.74407	val_loss=0.55308	val_acc=0.71910	lr=0.00008	patience=21
completed in 235.84s
[046/175] OK ds=DD model=PlainGNN fold=0 time=59.5s
[epoch 0001] train_loss=0.69337	train_acc=0.55490	val_loss=0.67824	val_acc=0.58511	lr=0.00500	patience=0
[epoch 0050] train_loss=0.47498	train_acc=0.78512	val_loss=0.77599	val_acc=0.73404	lr=0.00250	patience=16
[early_stop] epoch=94 best_epoch=34 best_val_loss=0.53038
completed in 56.76s
[047/175] OK ds=PROTEINS model=GraphCrossGNN fold=4 time=131.8s
[epoch 0001] train_loss=0.67003	train_acc=0.58978	val_loss=0.65976	val_acc=0.66292	lr=0.00300	patience=0
[epoch 0050] train_loss=0.57358	train_acc=0.72943	val_loss=0.67586	val_acc=0.65169	lr=0.00038	patience=49
[early_stop] epoch=81 best_epoch=1 best_val_loss=0.65976
completed in 128.97s
[048/175] OK ds=DD model=PlainGNN fold=1 time=85.6s
[epoch 0050] train_loss=0.46501	train_acc=0.78302	val_loss=0.57396	val_acc=0.67021	lr=0.00500	patience=10
[epoch 0100] train_loss=0.22538	train_acc=0.91745	val_loss=1.35768	val_acc=0.71277	lr=0.00063	patience=60
[early_stop] epoch=100 best_epoch=40 best_val_loss=0.54116
completed in 82.71s
[049/175] OK ds=PROTEINS model=GraphCrossGNN fold=2 time=193.5s
[epoch 0050] train_loss=0.60159	train_acc=0.70162	val_loss=0.59457	val_acc=0.70787	lr=0.00075	patience=16
[epoch 0100] train_loss=0.58336	train_acc=0.72784	val_loss=0.59877	val_acc=0.70787	lr=0.00009	patience=66
[early_stop] epoch=114 best_epoch=34 best_val_loss=0.58947
completed in 190.53s
[050/175] OK ds=PROTEINS model=GraphCrossGNN fold=3 time=185.2s
[epoch 0050] train_loss=0.61104	train_acc=0.71197	val_loss=0.55410	val_acc=0.75281	lr=0.00150	patience=21
[epoch 0100] train_loss=0.58531	train_acc=0.70698	val_loss=0.54662	val_acc=0.74157	lr=0.00019	patience=71
[early_stop] epoch=109 best_epoch=29 best_val_loss=0.53784
completed in 182.15s
[051/175] OK ds=PROTEINS model=GraphCrossGNN fold=0 time=246.6s
[epoch 0100] train_loss=0.58787	train_acc=0.72534	val_loss=0.57839	val_acc=0.73034	lr=0.00075	patience=28
[epoch 0150] train_loss=0.57461	train_acc=0.72285	val_loss=0.57429	val_acc=0.73034	lr=0.00009	patience=78
[early_stop] epoch=152 best_epoch=72 best_val_loss=0.56864
completed in 243.50s
[052/175] OK ds=PROTEINS model=GraphCrossGNN fold=1 time=322.9s
[epoch 0150] train_loss=0.58852	train_acc=0.71536	val_loss=0.56132	val_acc=0.74157	lr=0.00038	patience=2
[epoch 0200] train_loss=0.57999	train_acc=0.72160	val_loss=0.56203	val_acc=0.71910	lr=0.00005	patience=8
[epoch 0240] train_loss=0.58557	train_acc=0.70537	val_loss=0.56140	val_acc=0.71910	lr=0.00001	patience=48
completed in 319.45s
[053/175] OK ds=DD model=PlainGNN fold=2 time=160.6s
[epoch 0001] train_loss=0.69342	train_acc=0.51590	val_loss=0.68773	val_acc=0.58511	lr=0.00500	patience=0
[epoch 0050] train_loss=0.45992	train_acc=0.78327	val_loss=0.70214	val_acc=0.71277	lr=0.00250	patience=12
[early_stop] epoch=98 best_epoch=38 best_val_loss=0.62584
completed in 156.93s
[054/175] OK ds=DD model=PlainGNN fold=4 time=242.9s
[epoch 0001] train_loss=0.68449	train_acc=0.56302	val_loss=0.67630	val_acc=0.58511	lr=0.00500	patience=0
[epoch 0050] train_loss=0.43898	train_acc=0.80683	val_loss=0.95120	val_acc=0.67021	lr=0.00250	patience=29
[early_stop] epoch=81 best_epoch=21 best_val_loss=0.62344
completed in 239.22s
[055/175] OK ds=DD model=NodeResGNN fold=0 time=300.4s
[epoch 0001] train_loss=0.69242	train_acc=0.55726	val_loss=0.67674	val_acc=0.58511	lr=0.00500	patience=0
[epoch 0050] train_loss=0.41072	train_acc=0.81464	val_loss=0.55858	val_acc=0.80851	lr=0.00250	patience=17
[early_stop] epoch=93 best_epoch=33 best_val_loss=0.49680
completed in 296.60s
[056/175] OK ds=DD model=PlainGNN fold=3 time=310.7s
[epoch 0050] train_loss=0.52596	train_acc=0.74912	val_loss=0.55426	val_acc=0.72340	lr=0.00500	patience=4
[epoch 0100] train_loss=0.42826	train_acc=0.80330	val_loss=0.68599	val_acc=0.72340	lr=0.00063	patience=54
[early_stop] epoch=106 best_epoch=46 best_val_loss=0.54419
completed in 306.97s
[057/175] OK ds=DD model=NodeResGNN fold=1 time=294.3s
[epoch 0001] train_loss=0.68495	train_acc=0.56958	val_loss=0.67731	val_acc=0.58511	lr=0.00500	patience=0
[epoch 0050] train_loss=0.42943	train_acc=0.80896	val_loss=0.62340	val_acc=0.71277	lr=0.00250	patience=19
[early_stop] epoch=91 best_epoch=31 best_val_loss=0.53722
completed in 290.47s
[058/175] OK ds=DD model=NodeResGNN fold=2 time=300.2s
[epoch 0001] train_loss=0.68952	train_acc=0.53828	val_loss=0.67741	val_acc=0.58511	lr=0.00500	patience=0
[epoch 0050] train_loss=0.32800	train_acc=0.87279	val_loss=1.03404	val_acc=0.73404	lr=0.00250	patience=21
[early_stop] epoch=89 best_epoch=29 best_val_loss=0.62638
completed in 295.11s
[059/175] OK ds=DD model=NodeResGNN fold=3 time=293.2s
[epoch 0001] train_loss=0.69341	train_acc=0.54417	val_loss=0.68180	val_acc=0.58511	lr=0.00500	patience=0
[epoch 0050] train_loss=0.42806	train_acc=0.79388	val_loss=0.67573	val_acc=0.68085	lr=0.00250	patience=26
[early_stop] epoch=84 best_epoch=24 best_val_loss=0.52776
completed in 287.60s
[060/175] OK ds=DD model=NodeResGNN fold=4 time=240.6s
[epoch 0001] train_loss=0.69089	train_acc=0.55948	val_loss=0.67693	val_acc=0.58511	lr=0.00500	patience=0
[epoch 0050] train_loss=0.42228	train_acc=0.80212	val_loss=0.83348	val_acc=0.63830	lr=0.00125	patience=40
[early_stop] epoch=70 best_epoch=10 best_val_loss=0.63518
completed in 235.78s
[061/175] OK ds=DD model=NodeCrossGNN fold=2 time=346.3s
[epoch 0050] train_loss=0.43094	train_acc=0.80212	val_loss=0.76653	val_acc=0.68085	lr=0.00075	patience=27
[epoch 0100] train_loss=0.33869	train_acc=0.84452	val_loss=0.77254	val_acc=0.63830	lr=0.00009	patience=77
[early_stop] epoch=103 best_epoch=23 best_val_loss=0.63483
completed in 342.19s
[062/175] OK ds=DD model=NodeCrossGNN fold=1 time=385.8s
[epoch 0050] train_loss=0.44283	train_acc=0.78892	val_loss=0.64786	val_acc=0.64894	lr=0.00150	patience=16
[epoch 0100] train_loss=0.26553	train_acc=0.87382	val_loss=0.81684	val_acc=0.71277	lr=0.00019	patience=66
[early_stop] epoch=114 best_epoch=34 best_val_loss=0.54930
completed in 381.56s
[063/175] OK ds=DD model=NodeCrossGNN fold=4 time=285.0s
[epoch 0001] train_loss=0.68544	train_acc=0.57597	val_loss=0.67628	val_acc=0.58511	lr=0.00300	patience=0
[epoch 0050] train_loss=0.39319	train_acc=0.82921	val_loss=0.87008	val_acc=0.65957	lr=0.00075	patience=44
[early_stop] epoch=86 best_epoch=6 best_val_loss=0.63972
completed in 279.86s
[064/175] OK ds=DD model=NodeCrossGNN fold=0 time=401.4s
[epoch 0050] train_loss=0.45855	train_acc=0.79929	val_loss=0.53192	val_acc=0.75532	lr=0.00300	patience=11
[epoch 0100] train_loss=0.19474	train_acc=0.92562	val_loss=0.85407	val_acc=0.74468	lr=0.00038	patience=61
[early_stop] epoch=119 best_epoch=39 best_val_loss=0.50211
completed in 397.30s
[065/175] OK ds=DD model=NodeCrossGNN fold=3 time=348.6s
[epoch 0050] train_loss=0.37384	train_acc=0.82450	val_loss=0.74673	val_acc=0.75532	lr=0.00150	patience=19
[epoch 0100] train_loss=0.20678	train_acc=0.91048	val_loss=1.03973	val_acc=0.69149	lr=0.00019	patience=69
[early_stop] epoch=111 best_epoch=31 best_val_loss=0.53624
completed in 343.33s
[066/175] OK ds=DD model=GraphResGNN fold=0 time=401.1s
[epoch 0050] train_loss=0.40721	train_acc=0.81110	val_loss=0.56590	val_acc=0.75532	lr=0.00250	patience=2
[epoch 0100] train_loss=0.30136	train_acc=0.88548	val_loss=0.64658	val_acc=0.73404	lr=0.00031	patience=52
[early_stop] epoch=108 best_epoch=48 best_val_loss=0.53284
completed in 396.83s
[067/175] OK ds=DD model=GraphResGNN fold=4 time=224.4s
[epoch 0001] train_loss=0.68762	train_acc=0.57479	val_loss=0.68061	val_acc=0.58511	lr=0.00500	patience=0
[epoch 0050] train_loss=0.53084	train_acc=0.74087	val_loss=0.71145	val_acc=0.62766	lr=0.00125	patience=41
[early_stop] epoch=69 best_epoch=9 best_val_loss=0.65104
completed in 220.97s
[068/175] OK ds=DD model=GraphResGNN fold=2 time=324.5s
[epoch 0050] train_loss=0.49838	train_acc=0.77621	val_loss=0.66192	val_acc=0.70213	lr=0.00125	patience=8
[epoch 0100] train_loss=0.43960	train_acc=0.80448	val_loss=0.66212	val_acc=0.71277	lr=0.00016	patience=58
[early_stop] epoch=102 best_epoch=42 best_val_loss=0.64057
completed in 320.93s
[069/175] OK ds=DD model=GraphResGNN fold=1 time=449.1s
[epoch 0050] train_loss=0.56120	train_acc=0.71698	val_loss=0.57696	val_acc=0.74468	lr=0.00500	patience=0
[epoch 0100] train_loss=0.44906	train_acc=0.78892	val_loss=0.58053	val_acc=0.72340	lr=0.00250	patience=20
[early_stop] epoch=140 best_epoch=80 best_val_loss=0.56281
completed in 444.98s
[070/175] OK ds=DD model=GraphResGNN fold=3 time=461.4s
[epoch 0050] train_loss=0.53559	train_acc=0.73852	val_loss=0.66779	val_acc=0.68085	lr=0.00500	patience=11
[epoch 0100] train_loss=0.41757	train_acc=0.80919	val_loss=0.61875	val_acc=0.71277	lr=0.00500	patience=13
[early_stop] epoch=147 best_epoch=87 best_val_loss=0.54497
completed in 457.59s
[071/175] OK ds=ENZYMES model=PlainGNN fold=0 time=27.1s
[epoch 0001] train_loss=1.79736	train_acc=0.14352	val_loss=1.79229	val_acc=0.16667	lr=0.00500	patience=0
[epoch 0050] train_loss=1.69848	train_acc=0.26852	val_loss=2.51870	val_acc=0.14583	lr=0.00063	patience=48
[early_stop] epoch=62 best_epoch=2 best_val_loss=1.79210
completed in 23.67s
[072/175] OK ds=DD model=GraphCrossGNN fold=0 time=462.4s
[epoch 0050] train_loss=0.39254	train_acc=0.82645	val_loss=0.56409	val_acc=0.74468	lr=0.00200	patience=3
[epoch 0100] train_loss=0.15845	train_acc=0.93506	val_loss=1.07779	val_acc=0.73404	lr=0.00050	patience=41
[early_stop] epoch=139 best_epoch=59 best_val_loss=0.50935
completed in 458.96s
[073/175] OK ds=DD model=GraphCrossGNN fold=2 time=279.0s
[epoch 0001] train_loss=0.68354	train_acc=0.58657	val_loss=0.67914	val_acc=0.58511	lr=0.00200	patience=0
[epoch 0050] train_loss=0.41481	train_acc=0.81743	val_loss=0.78607	val_acc=0.68085	lr=0.00050	patience=42
[early_stop] epoch=88 best_epoch=8 best_val_loss=0.65200
completed in 275.55s
[074/175] OK ds=DD model=GraphCrossGNN fold=1 time=350.2s
[epoch 0050] train_loss=0.43831	train_acc=0.78774	val_loss=0.55525	val_acc=0.69149	lr=0.00200	patience=15
[epoch 0100] train_loss=0.24539	train_acc=0.88915	val_loss=0.76539	val_acc=0.73404	lr=0.00013	patience=65
[early_stop] epoch=115 best_epoch=35 best_val_loss=0.53105
completed in 347.05s
[075/175] OK ds=ENZYMES model=PlainGNN fold=1 time=62.4s
[epoch 0100] train_loss=1.70720	train_acc=0.30324	val_loss=1.70358	val_acc=0.29167	lr=0.00063	patience=1
[epoch 0150] train_loss=1.68221	train_acc=0.31250	val_loss=1.70726	val_acc=0.25000	lr=0.00008	patience=48
[early_stop] epoch=162 best_epoch=102 best_val_loss=1.70220
completed in 59.05s
[076/175] OK ds=ENZYMES model=PlainGNN fold=2 time=47.6s
[epoch 0050] train_loss=1.71906	train_acc=0.25000	val_loss=1.74744	val_acc=0.25000	lr=0.00500	patience=2
[epoch 0100] train_loss=1.68183	train_acc=0.27778	val_loss=1.72795	val_acc=0.25000	lr=0.00125	patience=38
[early_stop] epoch=122 best_epoch=62 best_val_loss=1.71153
completed in 44.46s
[077/175] OK ds=ENZYMES model=NodeResGNN fold=0 time=24.8s
[epoch 0001] train_loss=1.80214	train_acc=0.11343	val_loss=1.79496	val_acc=0.10417	lr=0.00500	patience=0
[epoch 0050] train_loss=1.67293	train_acc=0.26389	val_loss=2.86709	val_acc=0.20833	lr=0.00063	patience=49
[early_stop] epoch=61 best_epoch=1 best_val_loss=1.79496
completed in 21.76s
[078/175] OK ds=DD model=GraphCrossGNN fold=3 time=263.2s
[epoch 0050] train_loss=0.38468	train_acc=0.81154	val_loss=0.72609	val_acc=0.70213	lr=0.00100	patience=26
[epoch 0100] train_loss=0.28468	train_acc=0.88104	val_loss=0.85635	val_acc=0.71277	lr=0.00013	patience=76
[early_stop] epoch=104 best_epoch=24 best_val_loss=0.54662
completed in 259.95s
[079/175] OK ds=ENZYMES model=PlainGNN fold=3 time=70.4s
[epoch 0100] train_loss=1.70464	train_acc=0.28704	val_loss=1.69664	val_acc=0.22917	lr=0.00125	patience=30
[epoch 0150] train_loss=1.68377	train_acc=0.30324	val_loss=1.69022	val_acc=0.25000	lr=0.00031	patience=20
[early_stop] epoch=190 best_epoch=130 best_val_loss=1.68877
completed in 67.21s
[080/175] OK ds=DD model=GraphCrossGNN fold=4 time=186.7s
[epoch 0001] train_loss=0.68352	train_acc=0.57479	val_loss=0.67782	val_acc=0.58511	lr=0.00200	patience=0
[epoch 0050] train_loss=0.42639	train_acc=0.80448	val_loss=0.80674	val_acc=0.61702	lr=0.00050	patience=44
[early_stop] epoch=86 best_epoch=6 best_val_loss=0.64360
completed in 183.37s
[081/175] OK ds=ENZYMES model=NodeResGNN fold=1 time=40.5s
[epoch 0050] train_loss=1.65334	train_acc=0.29167	val_loss=1.71811	val_acc=0.20833	lr=0.00250	patience=8
[epoch 0100] train_loss=1.60382	train_acc=0.33796	val_loss=1.71705	val_acc=0.22917	lr=0.00031	patience=40
[early_stop] epoch=120 best_epoch=60 best_val_loss=1.70826
completed in 37.51s
[082/175] OK ds=ENZYMES model=PlainGNN fold=4 time=67.1s
[epoch 0100] train_loss=1.67245	train_acc=0.29167	val_loss=1.65920	val_acc=0.35417	lr=0.00125	patience=18
[epoch 0150] train_loss=1.65508	train_acc=0.30093	val_loss=1.63099	val_acc=0.35417	lr=0.00125	patience=0
[epoch 0200] train_loss=1.66510	train_acc=0.32407	val_loss=1.61656	val_acc=0.37500	lr=0.00063	patience=0
completed in 64.08s
[083/175] OK ds=ENZYMES model=NodeResGNN fold=4 time=23.6s
[epoch 0001] train_loss=1.80383	train_acc=0.14583	val_loss=1.79299	val_acc=0.25000	lr=0.00500	patience=0
[epoch 0050] train_loss=1.64842	train_acc=0.30324	val_loss=1.76088	val_acc=0.35417	lr=0.00125	patience=37
[early_stop] epoch=73 best_epoch=13 best_val_loss=1.69808
completed in 20.51s
[084/175] OK ds=ENZYMES model=NodeCrossGNN fold=0 time=37.0s
[epoch 0001] train_loss=1.80192	train_acc=0.16667	val_loss=1.79339	val_acc=0.27083	lr=0.00300	patience=0
[epoch 0050] train_loss=1.64136	train_acc=0.30556	val_loss=2.91894	val_acc=0.29167	lr=0.00038	patience=49
[early_stop] epoch=81 best_epoch=1 best_val_loss=1.79339
completed in 34.16s
[085/175] OK ds=ENZYMES model=NodeResGNN fold=2 time=60.6s
[epoch 0100] train_loss=1.67527	train_acc=0.27315	val_loss=1.73116	val_acc=0.27083	lr=0.00063	patience=4
[epoch 0150] train_loss=1.66560	train_acc=0.29398	val_loss=1.70824	val_acc=0.29167	lr=0.00063	patience=7
[epoch 0200] train_loss=1.65644	train_acc=0.28241	val_loss=1.69956	val_acc=0.27083	lr=0.00016	patience=0
completed in 57.62s
[086/175] OK ds=ENZYMES model=NodeResGNN fold=3 time=59.6s
[epoch 0100] train_loss=1.67256	train_acc=0.28935	val_loss=1.67899	val_acc=0.33333	lr=0.00250	patience=7
[epoch 0150] train_loss=1.63907	train_acc=0.32176	val_loss=1.66562	val_acc=0.31250	lr=0.00125	patience=15
[epoch 0200] train_loss=1.63329	train_acc=0.30324	val_loss=1.66378	val_acc=0.35417	lr=0.00016	patience=43
completed in 56.63s
[087/175] OK ds=ENZYMES model=GraphResGNN fold=0 time=41.3s
[epoch 0001] train_loss=1.80423	train_acc=0.16898	val_loss=1.79273	val_acc=0.16667	lr=0.00500	patience=0
[epoch 0050] train_loss=1.52936	train_acc=0.38194	val_loss=2.80188	val_acc=0.25000	lr=0.00063	patience=49
[early_stop] epoch=61 best_epoch=1 best_val_loss=1.79273
completed in 38.46s
[088/175] OK ds=ENZYMES model=NodeCrossGNN fold=4 time=44.3s
[epoch 0001] train_loss=1.80741	train_acc=0.14815	val_loss=1.79250	val_acc=0.14583	lr=0.00300	patience=0
[epoch 0050] train_loss=1.61836	train_acc=0.31481	val_loss=1.75106	val_acc=0.31250	lr=0.00075	patience=39
[early_stop] epoch=91 best_epoch=11 best_val_loss=1.70096
completed in 41.39s
[089/175] OK ds=ENZYMES model=NodeCrossGNN fold=1 time=108.7s
[epoch 0150] train_loss=1.50841	train_acc=0.40046	val_loss=1.67395	val_acc=0.31250	lr=0.00075	patience=27
[epoch 0200] train_loss=1.48833	train_acc=0.41204	val_loss=1.66995	val_acc=0.35417	lr=0.00019	patience=23
[epoch 0240] train_loss=1.50947	train_acc=0.43056	val_loss=1.66603	val_acc=0.35417	lr=0.00005	patience=63
completed in 105.84s
[090/175] OK ds=ENZYMES model=NodeCrossGNN fold=2 time=108.9s
[epoch 0150] train_loss=1.59784	train_acc=0.35417	val_loss=1.65949	val_acc=0.35417	lr=0.00038	patience=7
[epoch 0200] train_loss=1.61099	train_acc=0.31481	val_loss=1.65929	val_acc=0.37500	lr=0.00005	patience=57
[epoch 0240] train_loss=1.58706	train_acc=0.32870	val_loss=1.65383	val_acc=0.37500	lr=0.00005	patience=6
completed in 105.96s
[091/175] OK ds=ENZYMES model=NodeCrossGNN fold=3 time=109.1s
[epoch 0150] train_loss=1.62989	train_acc=0.31250	val_loss=1.65246	val_acc=0.31250	lr=0.00075	patience=2
[epoch 0200] train_loss=1.60427	train_acc=0.32639	val_loss=1.64037	val_acc=0.35417	lr=0.00038	patience=6
[epoch 0240] train_loss=1.59239	train_acc=0.33102	val_loss=1.63822	val_acc=0.33333	lr=0.00009	patience=5
completed in 106.19s
[092/175] OK ds=ENZYMES model=GraphResGNN fold=1 time=111.2s
[epoch 0100] train_loss=1.54372	train_acc=0.36806	val_loss=1.68991	val_acc=0.27083	lr=0.00250	patience=28
[epoch 0150] train_loss=1.46649	train_acc=0.41667	val_loss=1.65764	val_acc=0.27083	lr=0.00031	patience=38
[early_stop] epoch=172 best_epoch=112 best_val_loss=1.63981
completed in 108.32s
[093/175] OK ds=ENZYMES model=GraphResGNN fold=3 time=87.1s
[epoch 0050] train_loss=1.59891	train_acc=0.35417	val_loss=1.58139	val_acc=0.29167	lr=0.00500	patience=0
[epoch 0100] train_loss=1.41458	train_acc=0.39815	val_loss=1.64035	val_acc=0.29167	lr=0.00125	patience=28
[early_stop] epoch=132 best_epoch=72 best_val_loss=1.55542
completed in 84.17s
[094/175] OK ds=ENZYMES model=GraphCrossGNN fold=0 time=67.7s
[epoch 0001] train_loss=1.80180	train_acc=0.18056	val_loss=1.79287	val_acc=0.16667	lr=0.00300	patience=0
[epoch 0050] train_loss=1.64886	train_acc=0.29167	val_loss=2.73304	val_acc=0.25000	lr=0.00038	patience=49
[early_stop] epoch=81 best_epoch=1 best_val_loss=1.79287
completed in 64.90s
[095/175] OK ds=ENZYMES model=GraphResGNN fold=4 time=90.4s
[epoch 0050] train_loss=1.51977	train_acc=0.34259	val_loss=1.68505	val_acc=0.35417	lr=0.00500	patience=1
[epoch 0100] train_loss=1.35814	train_acc=0.45602	val_loss=1.75777	val_acc=0.31250	lr=0.00250	patience=23
[early_stop] epoch=137 best_epoch=77 best_val_loss=1.64380
completed in 87.58s
[096/175] OK ds=ENZYMES model=GraphResGNN fold=2 time=129.6s
[epoch 0100] train_loss=1.62130	train_acc=0.33102	val_loss=1.68512	val_acc=0.29167	lr=0.00063	patience=0
[epoch 0150] train_loss=1.56579	train_acc=0.33796	val_loss=1.67833	val_acc=0.29167	lr=0.00063	patience=9
[epoch 0200] train_loss=1.53741	train_acc=0.35880	val_loss=1.64980	val_acc=0.33333	lr=0.00031	patience=5
completed in 126.60s
[097/175] OK ds=MSRC_9 model=PlainGNN fold=0 time=11.7s
[epoch 0001] train_loss=2.06854	train_acc=0.18750	val_loss=2.02113	val_acc=0.31250	lr=0.00500	patience=0
[epoch 0050] train_loss=0.12079	train_acc=0.94375	val_loss=0.22566	val_acc=0.81250	lr=0.00125	patience=33
[early_stop] epoch=77 best_epoch=17 best_val_loss=0.19668
completed in 8.88s
[098/175] OK ds=MSRC_9 model=PlainGNN fold=1 time=12.2s
[epoch 0001] train_loss=2.05431	train_acc=0.20000	val_loss=1.99680	val_acc=0.37500	lr=0.00500	patience=0
[epoch 0050] train_loss=0.12257	train_acc=0.91875	val_loss=0.22442	val_acc=0.81250	lr=0.00250	patience=28
[early_stop] epoch=82 best_epoch=22 best_val_loss=0.19355
completed in 9.29s
[099/175] OK ds=MSRC_9 model=PlainGNN fold=2 time=16.0s
[epoch 0050] train_loss=0.13354	train_acc=0.91875	val_loss=0.12023	val_acc=0.93750	lr=0.00250	patience=0
[epoch 0100] train_loss=0.09651	train_acc=0.95000	val_loss=0.13366	val_acc=0.87500	lr=0.00063	patience=42
[early_stop] epoch=118 best_epoch=58 best_val_loss=0.11559
completed in 13.12s
[100/175] OK ds=MSRC_9 model=PlainGNN fold=3 time=17.6s
[epoch 0050] train_loss=0.09081	train_acc=0.96894	val_loss=0.31548	val_acc=0.81250	lr=0.00250	patience=23
[epoch 0100] train_loss=0.07245	train_acc=0.95031	val_loss=0.22843	val_acc=0.87500	lr=0.00063	patience=47
[early_stop] epoch=113 best_epoch=53 best_val_loss=0.18602
completed in 14.84s
[101/175] OK ds=ENZYMES model=GraphCrossGNN fold=1 time=124.0s
[epoch 0100] train_loss=1.56173	train_acc=0.36574	val_loss=1.74403	val_acc=0.27083	lr=0.00075	patience=23
[epoch 0150] train_loss=1.52873	train_acc=0.38426	val_loss=1.71514	val_acc=0.29167	lr=0.00009	patience=73
[early_stop] epoch=157 best_epoch=77 best_val_loss=1.69472
completed in 121.13s
[102/175] OK ds=MSRC_9 model=PlainGNN fold=4 time=14.4s
[epoch 0001] train_loss=2.06842	train_acc=0.14724	val_loss=2.01561	val_acc=0.37500	lr=0.00500	patience=0
[epoch 0050] train_loss=0.12297	train_acc=0.95092	val_loss=0.17627	val_acc=0.87500	lr=0.00250	patience=21
[early_stop] epoch=89 best_epoch=29 best_val_loss=0.16544
completed in 11.45s
[103/175] OK ds=MSRC_9 model=NodeResGNN fold=0 time=12.7s
[epoch 0001] train_loss=2.04096	train_acc=0.25000	val_loss=1.95531	val_acc=0.25000	lr=0.00500	patience=0
[epoch 0050] train_loss=0.10006	train_acc=0.95000	val_loss=0.31492	val_acc=0.81250	lr=0.00250	patience=18
[early_stop] epoch=92 best_epoch=32 best_val_loss=0.19782
completed in 9.78s
[104/175] OK ds=ENZYMES model=GraphCrossGNN fold=4 time=68.8s
[epoch 0001] train_loss=1.79824	train_acc=0.17593	val_loss=1.78987	val_acc=0.18750	lr=0.00300	patience=0
[epoch 0050] train_loss=1.63074	train_acc=0.32407	val_loss=1.77598	val_acc=0.35417	lr=0.00075	patience=40
[early_stop] epoch=90 best_epoch=10 best_val_loss=1.71591
completed in 65.99s
[105/175] OK ds=MSRC_9 model=NodeResGNN fold=2 time=16.2s
[epoch 0050] train_loss=0.13180	train_acc=0.91250	val_loss=0.17844	val_acc=0.87500	lr=0.00500	patience=6
[epoch 0100] train_loss=0.08847	train_acc=0.95000	val_loss=0.13037	val_acc=0.93750	lr=0.00125	patience=34
[early_stop] epoch=126 best_epoch=66 best_val_loss=0.11794
completed in 13.29s
[106/175] OK ds=MSRC_9 model=NodeResGNN fold=3 time=15.2s
[epoch 0001] train_loss=2.05804	train_acc=0.22981	val_loss=1.92506	val_acc=0.50000	lr=0.00500	patience=0
[epoch 0050] train_loss=0.10036	train_acc=0.95652	val_loss=0.48486	val_acc=0.81250	lr=0.00250	patience=12
[early_stop] epoch=98 best_epoch=38 best_val_loss=0.22409
completed in 12.28s
[107/175] OK ds=MSRC_9 model=NodeResGNN fold=1 time=21.4s
[epoch 0100] train_loss=0.09890	train_acc=0.94375	val_loss=0.18162	val_acc=0.87500	lr=0.00125	patience=6
[epoch 0150] train_loss=0.07592	train_acc=0.96250	val_loss=0.19656	val_acc=0.87500	lr=0.00031	patience=28
[early_stop] epoch=182 best_epoch=122 best_val_loss=0.16802
completed in 18.37s
[108/175] OK ds=MSRC_9 model=NodeResGNN fold=4 time=14.2s
[epoch 0001] train_loss=2.03552	train_acc=0.22086	val_loss=1.91100	val_acc=0.37500	lr=0.00500	patience=0
[epoch 0050] train_loss=0.09853	train_acc=0.94479	val_loss=0.23848	val_acc=0.87500	lr=0.00250	patience=16
[early_stop] epoch=94 best_epoch=34 best_val_loss=0.18670
completed in 11.27s
[109/175] OK ds=MSRC_9 model=NodeCrossGNN fold=0 time=17.2s
[epoch 0001] train_loss=2.03220	train_acc=0.22500	val_loss=1.93821	val_acc=0.43750	lr=0.00300	patience=0
[epoch 0050] train_loss=0.09071	train_acc=0.95000	val_loss=0.38270	val_acc=0.75000	lr=0.00075	patience=38
[early_stop] epoch=92 best_epoch=12 best_val_loss=0.22571
completed in 14.36s
[110/175] OK ds=MSRC_9 model=NodeCrossGNN fold=2 time=22.8s
[epoch 0050] train_loss=0.12664	train_acc=0.93125	val_loss=0.12868	val_acc=0.93750	lr=0.00300	patience=10
[epoch 0100] train_loss=0.08145	train_acc=0.96875	val_loss=0.13016	val_acc=0.93750	lr=0.00038	patience=60
[early_stop] epoch=120 best_epoch=40 best_val_loss=0.11962
completed in 19.77s
[111/175] OK ds=MSRC_9 model=NodeCrossGNN fold=3 time=24.9s
[epoch 0050] train_loss=0.10327	train_acc=0.96894	val_loss=0.33027	val_acc=0.81250	lr=0.00075	patience=16
[epoch 0100] train_loss=0.09451	train_acc=0.95031	val_loss=0.35772	val_acc=0.81250	lr=0.00009	patience=66
[early_stop] epoch=114 best_epoch=34 best_val_loss=0.21519
completed in 22.12s
[112/175] OK ds=MSRC_9 model=NodeCrossGNN fold=1 time=32.9s
[epoch 0100] train_loss=0.08315	train_acc=0.95000	val_loss=0.24962	val_acc=0.81250	lr=0.00075	patience=20
[epoch 0150] train_loss=0.06692	train_acc=0.96250	val_loss=0.19939	val_acc=0.87500	lr=0.00019	patience=42
[early_stop] epoch=188 best_epoch=108 best_val_loss=0.17258
completed in 29.95s
[113/175] OK ds=ENZYMES model=GraphCrossGNN fold=2 time=144.3s
[epoch 0100] train_loss=1.59417	train_acc=0.33565	val_loss=1.73764	val_acc=0.27083	lr=0.00300	patience=14
[epoch 0150] train_loss=1.56033	train_acc=0.36574	val_loss=1.72091	val_acc=0.27083	lr=0.00038	patience=36
[early_stop] epoch=194 best_epoch=114 best_val_loss=1.66892
completed in 141.44s
[114/175] OK ds=MSRC_9 model=NodeCrossGNN fold=4 time=24.6s
[epoch 0050] train_loss=0.09174	train_acc=0.95706	val_loss=0.21590	val_acc=0.87500	lr=0.00150	patience=15
[epoch 0100] train_loss=0.08570	train_acc=0.94479	val_loss=0.22848	val_acc=0.87500	lr=0.00009	patience=65
[early_stop] epoch=115 best_epoch=35 best_val_loss=0.18422
completed in 21.72s
[115/175] OK ds=MSRC_9 model=GraphResGNN fold=0 time=21.5s
[epoch 0001] train_loss=2.04212	train_acc=0.15000	val_loss=1.87944	val_acc=0.25000	lr=0.00500	patience=0
[epoch 0050] train_loss=0.07394	train_acc=0.95000	val_loss=0.63741	val_acc=0.75000	lr=0.00250	patience=25
[early_stop] epoch=85 best_epoch=25 best_val_loss=0.19236
completed in 18.61s
[116/175] OK ds=MSRC_9 model=GraphResGNN fold=1 time=27.0s
[epoch 0050] train_loss=0.12055	train_acc=0.96250	val_loss=0.22247	val_acc=0.87500	lr=0.00250	patience=2
[epoch 0100] train_loss=0.07072	train_acc=0.96250	val_loss=0.18711	val_acc=0.87500	lr=0.00031	patience=52
[early_stop] epoch=108 best_epoch=48 best_val_loss=0.17527
completed in 24.14s
[117/175] OK ds=MSRC_9 model=GraphResGNN fold=3 time=30.3s
[epoch 0001] train_loss=2.05918	train_acc=0.20497	val_loss=1.88313	val_acc=0.25000	lr=0.00500	patience=0
[epoch 0050] train_loss=0.10439	train_acc=0.96273	val_loss=0.34836	val_acc=0.81250	lr=0.00500	patience=11
[early_stop] epoch=99 best_epoch=39 best_val_loss=0.18821
completed in 27.43s
[118/175] OK ds=MSRC_9 model=GraphResGNN fold=4 time=32.0s
[epoch 0050] train_loss=0.13919	train_acc=0.93865	val_loss=0.22788	val_acc=0.93750	lr=0.00250	patience=4
[epoch 0100] train_loss=0.07741	train_acc=0.95706	val_loss=0.24553	val_acc=0.93750	lr=0.00031	patience=54
[early_stop] epoch=106 best_epoch=46 best_val_loss=0.15655
completed in 29.12s
[119/175] OK ds=MSRC_9 model=GraphResGNN fold=2 time=40.9s
[epoch 0100] train_loss=0.07376	train_acc=0.95625	val_loss=0.11751	val_acc=0.93750	lr=0.00250	patience=10
[epoch 0150] train_loss=0.04908	train_acc=0.98750	val_loss=0.18585	val_acc=0.87500	lr=0.00031	patience=41
[early_stop] epoch=169 best_epoch=109 best_val_loss=0.11342
completed in 38.03s
[120/175] OK ds=MSRC_9 model=GraphCrossGNN fold=0 time=31.2s
[epoch 0050] train_loss=0.09387	train_acc=0.93125	val_loss=0.23252	val_acc=0.75000	lr=0.00150	patience=30
[epoch 0100] train_loss=0.06850	train_acc=0.96875	val_loss=0.26877	val_acc=0.81250	lr=0.00009	patience=80
[early_stop] epoch=100 best_epoch=20 best_val_loss=0.19938
completed in 28.28s
[121/175] OK ds=ENZYMES model=GraphCrossGNN fold=3 time=178.0s
[epoch 0150] train_loss=1.60318	train_acc=0.36111	val_loss=1.63786	val_acc=0.31250	lr=0.00150	patience=13
[epoch 0200] train_loss=1.53735	train_acc=0.39352	val_loss=1.58807	val_acc=0.35417	lr=0.00075	patience=5
[epoch 0240] train_loss=1.48320	train_acc=0.43056	val_loss=1.56917	val_acc=0.35417	lr=0.00038	patience=5
completed in 175.14s
[122/175] OK ds=MSRC_9 model=GraphCrossGNN fold=1 time=44.6s
[epoch 0100] train_loss=0.06192	train_acc=0.96875	val_loss=0.19183	val_acc=0.87500	lr=0.00038	patience=27
[epoch 0150] train_loss=0.05829	train_acc=0.98125	val_loss=0.20418	val_acc=0.87500	lr=0.00005	patience=77
[early_stop] epoch=153 best_epoch=73 best_val_loss=0.17631
completed in 41.77s
[123/175] OK ds=MSRC_9 model=GraphCrossGNN fold=2 time=34.0s
[epoch 0050] train_loss=0.09834	train_acc=0.96250	val_loss=0.13613	val_acc=0.87500	lr=0.00300	patience=13
[epoch 0100] train_loss=0.06964	train_acc=0.97500	val_loss=0.12690	val_acc=0.93750	lr=0.00038	patience=63
[early_stop] epoch=117 best_epoch=37 best_val_loss=0.11785
completed in 31.05s
[124/175] OK ds=MSRC_9 model=GraphCrossGNN fold=3 time=32.8s
[epoch 0001] train_loss=2.05493	train_acc=0.27329	val_loss=1.95001	val_acc=0.43750	lr=0.00300	patience=0
[epoch 0050] train_loss=0.08042	train_acc=0.96273	val_loss=0.31575	val_acc=0.81250	lr=0.00075	patience=34
[early_stop] epoch=96 best_epoch=16 best_val_loss=0.21960
completed in 29.94s
[125/175] OK ds=MSRC_9 model=GraphCrossGNN fold=4 time=42.0s
[epoch 0050] train_loss=0.09892	train_acc=0.92025	val_loss=0.19272	val_acc=0.87500	lr=0.00075	patience=2
[epoch 0100] train_loss=0.07209	train_acc=0.95092	val_loss=0.19263	val_acc=0.87500	lr=0.00009	patience=52
[early_stop] epoch=128 best_epoch=48 best_val_loss=0.16979
completed in 39.13s
[126/175] OK ds=AIDS model=PlainGNN fold=1 time=83.8s
[epoch 0001] train_loss=0.52031	train_acc=0.78472	val_loss=0.44975	val_acc=0.80000	lr=0.00500	patience=0
[epoch 0050] train_loss=0.37129	train_acc=0.80000	val_loss=0.43072	val_acc=0.80000	lr=0.00250	patience=20
[early_stop] epoch=90 best_epoch=30 best_val_loss=0.40981
completed in 80.90s
[127/175] OK ds=AIDS model=NodeResGNN fold=1 time=96.7s
[epoch 0001] train_loss=0.50903	train_acc=0.79097	val_loss=0.44632	val_acc=0.80000	lr=0.00500	patience=0
[epoch 0050] train_loss=0.37089	train_acc=0.78611	val_loss=0.52389	val_acc=0.76875	lr=0.00250	patience=27
[early_stop] epoch=83 best_epoch=23 best_val_loss=0.40761
completed in 93.81s
[128/175] OK ds=AIDS model=PlainGNN fold=0 time=199.5s
[epoch 0100] train_loss=0.36525	train_acc=0.77778	val_loss=0.36596	val_acc=0.80000	lr=0.00500	patience=13
[epoch 0150] train_loss=0.33986	train_acc=0.81250	val_loss=0.31648	val_acc=0.88125	lr=0.00250	patience=0
[epoch 0200] train_loss=0.31096	train_acc=0.84792	val_loss=0.30020	val_acc=0.86875	lr=0.00125	patience=5
completed in 196.59s
[129/175] OK ds=AIDS model=PlainGNN fold=2 time=197.7s
[epoch 0100] train_loss=0.34141	train_acc=0.80139	val_loss=0.39371	val_acc=0.80000	lr=0.00500	patience=3
[epoch 0150] train_loss=0.32038	train_acc=0.83889	val_loss=0.39031	val_acc=0.78125	lr=0.00250	patience=19
[epoch 0200] train_loss=0.29510	train_acc=0.86319	val_loss=0.36556	val_acc=0.82500	lr=0.00125	patience=27
completed in 194.81s
[130/175] OK ds=AIDS model=PlainGNN fold=3 time=197.7s
[epoch 0100] train_loss=0.33928	train_acc=0.79306	val_loss=0.33778	val_acc=0.80625	lr=0.00250	patience=6
[epoch 0150] train_loss=0.32198	train_acc=0.81944	val_loss=0.31446	val_acc=0.84375	lr=0.00250	patience=10
[epoch 0200] train_loss=0.29867	train_acc=0.84931	val_loss=0.29759	val_acc=0.87500	lr=0.00125	patience=10
completed in 194.81s
[131/175] OK ds=AIDS model=PlainGNN fold=4 time=197.3s
[epoch 0100] train_loss=0.35245	train_acc=0.75972	val_loss=0.37616	val_acc=0.76250	lr=0.00250	patience=20
[epoch 0150] train_loss=0.33672	train_acc=0.81667	val_loss=0.35319	val_acc=0.82500	lr=0.00250	patience=1
[epoch 0200] train_loss=0.30892	train_acc=0.85556	val_loss=0.33434	val_acc=0.83125	lr=0.00250	patience=13
completed in 194.42s
[132/175] OK ds=AIDS model=NodeResGNN fold=0 time=197.1s
[epoch 0100] train_loss=0.34684	train_acc=0.80764	val_loss=0.32459	val_acc=0.81250	lr=0.00500	patience=1
[epoch 0150] train_loss=0.31455	train_acc=0.82500	val_loss=0.28885	val_acc=0.83750	lr=0.00125	patience=17
[epoch 0200] train_loss=0.29314	train_acc=0.85278	val_loss=0.27957	val_acc=0.83125	lr=0.00063	patience=2
completed in 194.28s
[133/175] OK ds=AIDS model=NodeCrossGNN fold=1 time=124.5s
[epoch 0001] train_loss=0.49345	train_acc=0.78889	val_loss=0.48223	val_acc=0.80000	lr=0.00300	patience=0
[epoch 0050] train_loss=0.29314	train_acc=0.87708	val_loss=0.55454	val_acc=0.82500	lr=0.00075	patience=41
[early_stop] epoch=89 best_epoch=9 best_val_loss=0.42493
completed in 121.58s
[134/175] OK ds=AIDS model=NodeResGNN fold=2 time=172.4s
[epoch 0100] train_loss=0.30252	train_acc=0.87639	val_loss=0.39507	val_acc=0.84375	lr=0.00250	patience=6
[epoch 0150] train_loss=0.24975	train_acc=0.90625	val_loss=0.41477	val_acc=0.86875	lr=0.00063	patience=21
[early_stop] epoch=189 best_epoch=129 best_val_loss=0.36166
completed in 169.55s
[135/175] OK ds=AIDS model=NodeResGNN fold=3 time=182.9s
[epoch 0100] train_loss=0.29059	train_acc=0.87014	val_loss=0.30711	val_acc=0.86250	lr=0.00500	patience=9
[epoch 0150] train_loss=0.27166	train_acc=0.88472	val_loss=0.26448	val_acc=0.88125	lr=0.00250	patience=22
[epoch 0200] train_loss=0.22421	train_acc=0.90833	val_loss=0.25875	val_acc=0.90625	lr=0.00063	patience=43
completed in 180.05s
[136/175] OK ds=AIDS model=NodeResGNN fold=4 time=184.5s
[epoch 0100] train_loss=0.34225	train_acc=0.80486	val_loss=0.36981	val_acc=0.79375	lr=0.00250	patience=3
[epoch 0150] train_loss=0.31523	train_acc=0.84306	val_loss=0.34097	val_acc=0.83750	lr=0.00063	patience=26
[epoch 0200] train_loss=0.29932	train_acc=0.85694	val_loss=0.32458	val_acc=0.85625	lr=0.00016	patience=9
completed in 181.55s
[137/175] OK ds=AIDS model=NodeCrossGNN fold=2 time=256.6s
[epoch 0100] train_loss=0.22169	train_acc=0.90972	val_loss=0.40282	val_acc=0.88125	lr=0.00075	patience=21
[epoch 0150] train_loss=0.20392	train_acc=0.92014	val_loss=0.41288	val_acc=0.87500	lr=0.00019	patience=46
[early_stop] epoch=184 best_epoch=104 best_val_loss=0.35884
completed in 253.81s
[138/175] OK ds=AIDS model=NodeCrossGNN fold=0 time=289.0s
[epoch 0150] train_loss=0.18899	train_acc=0.92847	val_loss=0.30412	val_acc=0.90625	lr=0.00038	patience=22
[epoch 0200] train_loss=0.18970	train_acc=0.93403	val_loss=0.29362	val_acc=0.91875	lr=0.00005	patience=72
[early_stop] epoch=208 best_epoch=128 best_val_loss=0.27920
completed in 286.06s
[139/175] OK ds=AIDS model=GraphResGNN fold=1 time=246.7s
[epoch 0050] train_loss=0.20540	train_acc=0.91944	val_loss=0.32511	val_acc=0.86875	lr=0.00250	patience=23
[epoch 0100] train_loss=0.15689	train_acc=0.93403	val_loss=0.34885	val_acc=0.83125	lr=0.00031	patience=37
[early_stop] epoch=123 best_epoch=63 best_val_loss=0.27920
completed in 243.85s
[140/175] OK ds=AIDS model=NodeCrossGNN fold=3 time=311.2s
[epoch 0150] train_loss=0.21824	train_acc=0.91319	val_loss=0.28570	val_acc=0.89375	lr=0.00300	patience=14
[epoch 0200] train_loss=0.16567	train_acc=0.93264	val_loss=0.32967	val_acc=0.89375	lr=0.00019	patience=64
[early_stop] epoch=216 best_epoch=136 best_val_loss=0.25335
completed in 308.37s
[141/175] OK ds=AIDS model=GraphResGNN fold=0 time=285.2s
[epoch 0050] train_loss=0.22387	train_acc=0.92014	val_loss=0.22822	val_acc=0.90625	lr=0.00500	patience=2
[epoch 0100] train_loss=0.20385	train_acc=0.92708	val_loss=0.19400	val_acc=0.93750	lr=0.00250	patience=16
[early_stop] epoch=144 best_epoch=84 best_val_loss=0.16585
completed in 282.40s
[142/175] OK ds=AIDS model=NodeCrossGNN fold=4 time=336.2s
[epoch 0150] train_loss=0.19663	train_acc=0.92083	val_loss=0.33044	val_acc=0.91250	lr=0.00150	patience=21
[epoch 0200] train_loss=0.17842	train_acc=0.93056	val_loss=0.35273	val_acc=0.91250	lr=0.00038	patience=47
[early_stop] epoch=233 best_epoch=153 best_val_loss=0.26511
completed in 333.40s
[143/175] OK ds=AIDS model=GraphResGNN fold=3 time=237.7s
[epoch 0050] train_loss=0.20903	train_acc=0.92431	val_loss=0.18398	val_acc=0.93750	lr=0.00250	patience=0
[epoch 0100] train_loss=0.18522	train_acc=0.92500	val_loss=0.27260	val_acc=0.90000	lr=0.00063	patience=42
[early_stop] epoch=118 best_epoch=58 best_val_loss=0.17532
completed in 234.87s
[144/175] OK ds=AIDS model=GraphResGNN fold=4 time=230.1s
[epoch 0050] train_loss=0.23247	train_acc=0.90903	val_loss=0.31399	val_acc=0.87500	lr=0.00500	patience=8
[epoch 0100] train_loss=0.20319	train_acc=0.92361	val_loss=0.32846	val_acc=0.86250	lr=0.00125	patience=46
[early_stop] epoch=114 best_epoch=54 best_val_loss=0.24676
completed in 227.30s
[145/175] OK ds=AIDS model=GraphResGNN fold=2 time=400.3s
[epoch 0100] train_loss=0.16743	train_acc=0.93611	val_loss=0.25539	val_acc=0.90000	lr=0.00250	patience=6
[epoch 0150] train_loss=0.15656	train_acc=0.94653	val_loss=0.22886	val_acc=0.93750	lr=0.00063	patience=1
[epoch 0200] train_loss=0.13108	train_acc=0.95347	val_loss=0.22909	val_acc=0.92500	lr=0.00016	patience=40
completed in 397.51s
[146/175] OK ds=AIDS model=GraphCrossGNN fold=1 time=231.0s
[epoch 0001] train_loss=0.50928	train_acc=0.79931	val_loss=0.45333	val_acc=0.80000	lr=0.00300	patience=0
[epoch 0050] train_loss=0.29416	train_acc=0.86597	val_loss=0.52921	val_acc=0.85000	lr=0.00075	patience=38
[early_stop] epoch=92 best_epoch=12 best_val_loss=0.42144
completed in 228.19s
[147/175] OK ds=AIDS model=GraphCrossGNN fold=3 time=471.2s
[epoch 0100] train_loss=0.27543	train_acc=0.88403	val_loss=0.28774	val_acc=0.87500	lr=0.00150	patience=17
[epoch 0150] train_loss=0.22356	train_acc=0.90278	val_loss=0.28772	val_acc=0.87500	lr=0.00038	patience=37
[early_stop] epoch=193 best_epoch=113 best_val_loss=0.27330
completed in 468.41s
[148/175] OK ds=AIDS model=GraphCrossGNN fold=0 time=584.1s
[epoch 0150] train_loss=0.24482	train_acc=0.90278	val_loss=0.30649	val_acc=0.86250	lr=0.00150	patience=12
[epoch 0200] train_loss=0.21545	train_acc=0.90833	val_loss=0.31465	val_acc=0.86250	lr=0.00075	patience=30
[epoch 0240] train_loss=0.19640	train_acc=0.92153	val_loss=0.28952	val_acc=0.88125	lr=0.00009	patience=70
completed in 581.26s
[149/175] OK ds=AIDS model=GraphCrossGNN fold=2 time=568.0s
[epoch 0150] train_loss=0.21604	train_acc=0.90903	val_loss=0.29764	val_acc=0.88125	lr=0.00075	patience=0
[epoch 0200] train_loss=0.17855	train_acc=0.93125	val_loss=0.30298	val_acc=0.88125	lr=0.00019	patience=46
[early_stop] epoch=234 best_epoch=154 best_val_loss=0.28276
completed in 565.17s
[150/175] OK ds=Mutagenicity model=PlainGNN fold=1 time=408.1s
[epoch 0100] train_loss=0.49425	train_acc=0.76113	val_loss=0.53820	val_acc=0.76657	lr=0.00125	patience=6
[epoch 0150] train_loss=0.47512	train_acc=0.78322	val_loss=0.48999	val_acc=0.78674	lr=0.00031	patience=17
[early_stop] epoch=193 best_epoch=133 best_val_loss=0.48603
completed in 405.23s
[151/175] OK ds=Mutagenicity model=PlainGNN fold=0 time=421.5s
[epoch 0100] train_loss=0.46365	train_acc=0.78885	val_loss=0.54408	val_acc=0.74640	lr=0.00250	patience=9
[epoch 0150] train_loss=0.42995	train_acc=0.81096	val_loss=0.51893	val_acc=0.77522	lr=0.00031	patience=5
[epoch 0200] train_loss=0.43944	train_acc=0.81224	val_loss=0.51934	val_acc=0.77522	lr=0.00008	patience=43
completed in 418.64s
[152/175] OK ds=AIDS model=GraphCrossGNN fold=4 time=570.4s
[epoch 0150] train_loss=0.24249	train_acc=0.89583	val_loss=0.29397	val_acc=0.86875	lr=0.00075	patience=5
[epoch 0200] train_loss=0.22038	train_acc=0.90903	val_loss=0.28685	val_acc=0.86875	lr=0.00019	patience=41
[early_stop] epoch=239 best_epoch=159 best_val_loss=0.27935
completed in 567.45s
[153/175] OK ds=Mutagenicity model=PlainGNN fold=2 time=440.5s
[epoch 0100] train_loss=0.49752	train_acc=0.76497	val_loss=0.46010	val_acc=0.78963	lr=0.00250	patience=12
[epoch 0150] train_loss=0.48573	train_acc=0.78066	val_loss=0.44515	val_acc=0.80403	lr=0.00063	patience=10
[epoch 0200] train_loss=0.46101	train_acc=0.79411	val_loss=0.42880	val_acc=0.82133	lr=0.00063	patience=1
completed in 437.58s
[154/175] OK ds=Mutagenicity model=PlainGNN fold=3 time=438.6s
[epoch 0100] train_loss=0.51489	train_acc=0.75825	val_loss=0.49157	val_acc=0.77233	lr=0.00250	patience=1
[epoch 0150] train_loss=0.49862	train_acc=0.77233	val_loss=0.45864	val_acc=0.79251	lr=0.00125	patience=12
[early_stop] epoch=198 best_epoch=138 best_val_loss=0.45062
completed in 435.69s
[155/175] OK ds=Mutagenicity model=PlainGNN fold=4 time=445.1s
[epoch 0100] train_loss=0.51405	train_acc=0.75216	val_loss=0.52576	val_acc=0.75793	lr=0.00500	patience=2
[epoch 0150] train_loss=0.49024	train_acc=0.77073	val_loss=0.51039	val_acc=0.78963	lr=0.00250	patience=1
[epoch 0200] train_loss=0.47200	train_acc=0.77970	val_loss=0.50805	val_acc=0.79827	lr=0.00063	patience=2
completed in 442.26s
[156/175] OK ds=Mutagenicity model=NodeResGNN fold=0 time=452.1s
[epoch 0100] train_loss=0.45378	train_acc=0.79398	val_loss=0.54007	val_acc=0.74928	lr=0.00125	patience=2
[epoch 0150] train_loss=0.44498	train_acc=0.79590	val_loss=0.53174	val_acc=0.76081	lr=0.00125	patience=3
[epoch 0200] train_loss=0.42463	train_acc=0.81288	val_loss=0.51311	val_acc=0.78386	lr=0.00063	patience=20
completed in 449.13s
[157/175] OK ds=Mutagenicity model=NodeResGNN fold=1 time=453.1s
[epoch 0100] train_loss=0.49236	train_acc=0.76497	val_loss=0.53601	val_acc=0.75504	lr=0.00250	patience=6
[epoch 0150] train_loss=0.46653	train_acc=0.79603	val_loss=0.50743	val_acc=0.79827	lr=0.00125	patience=3
[epoch 0200] train_loss=0.46350	train_acc=0.78898	val_loss=0.47319	val_acc=0.81556	lr=0.00125	patience=11
completed in 450.12s
[158/175] OK ds=Mutagenicity model=NodeResGNN fold=2 time=454.1s
[epoch 0100] train_loss=0.48183	train_acc=0.77297	val_loss=0.44940	val_acc=0.78098	lr=0.00125	patience=19
[epoch 0150] train_loss=0.46891	train_acc=0.78418	val_loss=0.43983	val_acc=0.79251	lr=0.00031	patience=15
[early_stop] epoch=195 best_epoch=135 best_val_loss=0.43652
completed in 450.93s
[159/175] OK ds=Mutagenicity model=NodeResGNN fold=3 time=473.0s
[epoch 0100] train_loss=0.50336	train_acc=0.76977	val_loss=0.47637	val_acc=0.79827	lr=0.00500	patience=11
[epoch 0150] train_loss=0.47263	train_acc=0.78514	val_loss=0.44008	val_acc=0.80403	lr=0.00125	patience=12
[epoch 0200] train_loss=0.45791	train_acc=0.80115	val_loss=0.43061	val_acc=0.80692	lr=0.00063	patience=7
completed in 469.95s
[160/175] OK ds=Mutagenicity model=NodeResGNN fold=4 time=473.9s
[epoch 0100] train_loss=0.50689	train_acc=0.75728	val_loss=0.51734	val_acc=0.76081	lr=0.00500	patience=13
[epoch 0150] train_loss=0.46293	train_acc=0.78482	val_loss=0.50834	val_acc=0.77810	lr=0.00125	patience=2
[epoch 0200] train_loss=0.44890	train_acc=0.79507	val_loss=0.51388	val_acc=0.76657	lr=0.00016	patience=52
completed in 470.86s
[161/175] OK ds=Mutagenicity model=NodeCrossGNN fold=0 time=668.7s
[epoch 0100] train_loss=0.42222	train_acc=0.80679	val_loss=0.51463	val_acc=0.76369	lr=0.00300	patience=15
[epoch 0150] train_loss=0.38111	train_acc=0.84268	val_loss=0.49710	val_acc=0.79827	lr=0.00038	patience=40
[early_stop] epoch=190 best_epoch=110 best_val_loss=0.48554
completed in 665.76s
[162/175] OK ds=Mutagenicity model=NodeCrossGNN fold=2 time=706.1s
[epoch 0100] train_loss=0.42924	train_acc=0.80211	val_loss=0.42690	val_acc=0.82997	lr=0.00075	patience=36
[epoch 0150] train_loss=0.40842	train_acc=0.81332	val_loss=0.42422	val_acc=0.83285	lr=0.00009	patience=32
[early_stop] epoch=198 best_epoch=118 best_val_loss=0.41538
completed in 702.85s
[163/175] OK ds=Mutagenicity model=NodeCrossGNN fold=1 time=855.2s
[epoch 0150] train_loss=0.40113	train_acc=0.82517	val_loss=0.41828	val_acc=0.82133	lr=0.00075	patience=0
[epoch 0200] train_loss=0.38768	train_acc=0.83381	val_loss=0.42745	val_acc=0.80980	lr=0.00019	patience=15
[epoch 0240] train_loss=0.38114	train_acc=0.83670	val_loss=0.42326	val_acc=0.81844	lr=0.00002	patience=55
completed in 851.91s
[164/175] OK ds=Mutagenicity model=NodeCrossGNN fold=4 time=590.1s
[epoch 0100] train_loss=0.43196	train_acc=0.80596	val_loss=0.49264	val_acc=0.79251	lr=0.00150	patience=19
[epoch 0150] train_loss=0.39406	train_acc=0.82965	val_loss=0.49461	val_acc=0.81844	lr=0.00019	patience=69
[early_stop] epoch=161 best_epoch=81 best_val_loss=0.48902
completed in 586.84s
[165/175] OK ds=Mutagenicity model=NodeCrossGNN fold=3 time=870.9s
[epoch 0150] train_loss=0.40271	train_acc=0.82389	val_loss=0.42654	val_acc=0.81556	lr=0.00150	patience=2
[epoch 0200] train_loss=0.38240	train_acc=0.83413	val_loss=0.41400	val_acc=0.82133	lr=0.00038	patience=38
[epoch 0240] train_loss=0.37359	train_acc=0.84470	val_loss=0.41727	val_acc=0.81556	lr=0.00009	patience=78
completed in 867.99s
[166/175] OK ds=Mutagenicity model=GraphResGNN fold=0 time=1017.7s
[epoch 0100] train_loss=0.43003	train_acc=0.81256	val_loss=0.49895	val_acc=0.77810	lr=0.00125	patience=17
[epoch 0150] train_loss=0.41096	train_acc=0.82666	val_loss=0.49752	val_acc=0.78386	lr=0.00063	patience=14
[epoch 0200] train_loss=0.38615	train_acc=0.83275	val_loss=0.49344	val_acc=0.78386	lr=0.00008	patience=49
completed in 1014.56s
[167/175] OK ds=Mutagenicity model=GraphResGNN fold=1 time=1024.4s
[epoch 0100] train_loss=0.47542	train_acc=0.78482	val_loss=0.47367	val_acc=0.79251	lr=0.00250	patience=0
[epoch 0150] train_loss=0.45563	train_acc=0.79475	val_loss=0.47601	val_acc=0.78674	lr=0.00125	patience=1
[epoch 0200] train_loss=0.43367	train_acc=0.80724	val_loss=0.46488	val_acc=0.80115	lr=0.00063	patience=14
completed in 1021.39s
[168/175] OK ds=Mutagenicity model=GraphResGNN fold=2 time=1024.3s
[epoch 0100] train_loss=0.50522	train_acc=0.77169	val_loss=0.46328	val_acc=0.80980	lr=0.00125	patience=7
[epoch 0150] train_loss=0.48710	train_acc=0.78290	val_loss=0.43882	val_acc=0.80403	lr=0.00063	patience=0
[epoch 0200] train_loss=0.46703	train_acc=0.78866	val_loss=0.41632	val_acc=0.81844	lr=0.00063	patience=6
completed in 1021.40s
[169/175] OK ds=Mutagenicity model=GraphResGNN fold=3 time=1033.2s
[epoch 0100] train_loss=0.47027	train_acc=0.79251	val_loss=0.44266	val_acc=0.79251	lr=0.00125	patience=18
[epoch 0150] train_loss=0.44845	train_acc=0.80115	val_loss=0.44366	val_acc=0.80403	lr=0.00063	patience=8
[epoch 0200] train_loss=0.44974	train_acc=0.79891	val_loss=0.43471	val_acc=0.80403	lr=0.00016	patience=28
completed in 1030.10s
[170/175] OK ds=Mutagenicity model=GraphResGNN fold=4 time=1030.0s
[epoch 0100] train_loss=0.49526	train_acc=0.77169	val_loss=0.55190	val_acc=0.73199	lr=0.00125	patience=18
[epoch 0150] train_loss=0.46619	train_acc=0.80307	val_loss=0.53218	val_acc=0.76657	lr=0.00063	patience=0
[epoch 0200] train_loss=0.46074	train_acc=0.79827	val_loss=0.52041	val_acc=0.76657	lr=0.00031	patience=1
completed in 1026.93s
[171/175] OK ds=Mutagenicity model=GraphCrossGNN fold=0 time=1443.6s
[epoch 0150] train_loss=0.43146	train_acc=0.80936	val_loss=0.51579	val_acc=0.73775	lr=0.00075	patience=13
[epoch 0200] train_loss=0.40468	train_acc=0.81865	val_loss=0.49736	val_acc=0.75793	lr=0.00019	patience=3
[epoch 0240] train_loss=0.40241	train_acc=0.82858	val_loss=0.49748	val_acc=0.76657	lr=0.00005	patience=22
completed in 1440.68s
[172/175] OK ds=Mutagenicity model=GraphCrossGNN fold=2 time=1068.3s
[epoch 0100] train_loss=0.43965	train_acc=0.80019	val_loss=0.41996	val_acc=0.83573	lr=0.00150	patience=4
[epoch 0150] train_loss=0.40778	train_acc=0.82165	val_loss=0.41374	val_acc=0.82421	lr=0.00019	patience=32
[early_stop] epoch=198 best_epoch=118 best_val_loss=0.39928
completed in 1064.89s
[173/175] OK ds=Mutagenicity model=GraphCrossGNN fold=1 time=1316.1s
[epoch 0150] train_loss=0.43227	train_acc=0.79827	val_loss=0.44645	val_acc=0.80115	lr=0.00150	patience=6
[epoch 0200] train_loss=0.41910	train_acc=0.80788	val_loss=0.44839	val_acc=0.79827	lr=0.00075	patience=23
[epoch 0240] train_loss=0.40593	train_acc=0.82004	val_loss=0.43031	val_acc=0.79539	lr=0.00019	patience=63
completed in 1313.12s
[174/175] OK ds=Mutagenicity model=GraphCrossGNN fold=3 time=1058.9s
[epoch 0150] train_loss=0.42199	train_acc=0.82197	val_loss=0.44129	val_acc=0.82133	lr=0.00009	patience=21
[epoch 0200] train_loss=0.41147	train_acc=0.82165	val_loss=0.44109	val_acc=0.82421	lr=0.00001	patience=71
[early_stop] epoch=209 best_epoch=129 best_val_loss=0.43772
completed in 1056.08s
[175/175] OK ds=Mutagenicity model=GraphCrossGNN fold=4 time=929.2s
[epoch 0100] train_loss=0.43233	train_acc=0.80500	val_loss=0.50016	val_acc=0.78098	lr=0.00150	patience=5
[epoch 0150] train_loss=0.39482	train_acc=0.82933	val_loss=0.49146	val_acc=0.81844	lr=0.00038	patience=36
[early_stop] epoch=194 best_epoch=114 best_val_loss=0.47687
completed in 926.46s
all_done total_time=6849.7s
