[001/175] OK ds=MUTAG model=PlainGNN fold=4 time=17.1s
[epoch 0001] train_loss=0.64552	train_acc=0.60294	val_loss=0.63454	val_acc=0.66667	lr=0.00500	patience=0
[epoch 0050] train_loss=0.51983	train_acc=0.74265	val_loss=0.40204	val_acc=0.80000	lr=0.00250	patience=18
[early_stop] epoch=92 best_epoch=32 best_val_loss=0.36111
completed in 10.95s
[002/175] OK ds=MUTAG model=PlainGNN fold=3 time=17.1s
[epoch 0001] train_loss=0.66086	train_acc=0.62500	val_loss=0.63498	val_acc=0.66667	lr=0.00500	patience=0
[epoch 0050] train_loss=0.58755	train_acc=0.74265	val_loss=0.53082	val_acc=0.66667	lr=0.00500	patience=13
[early_stop] epoch=97 best_epoch=37 best_val_loss=0.50727
completed in 11.31s
[003/175] OK ds=MUTAG model=PlainGNN fold=0 time=17.2s
[epoch 0001] train_loss=0.68315	train_acc=0.60741	val_loss=0.62867	val_acc=0.66667	lr=0.00500	patience=0
[epoch 0050] train_loss=0.47659	train_acc=0.76296	val_loss=0.41319	val_acc=0.73333	lr=0.00250	patience=19
[early_stop] epoch=91 best_epoch=31 best_val_loss=0.38389
completed in 10.82s
[004/175] OK ds=MUTAG model=PlainGNN fold=1 time=17.7s
[epoch 0050] train_loss=0.50191	train_acc=0.77037	val_loss=0.51621	val_acc=0.66667	lr=0.00250	patience=3
[epoch 0100] train_loss=0.50269	train_acc=0.77037	val_loss=0.50230	val_acc=0.66667	lr=0.00031	patience=53
[early_stop] epoch=107 best_epoch=47 best_val_loss=0.49522
completed in 11.94s
[005/175] OK ds=MUTAG model=PlainGNN fold=2 time=17.7s
[epoch 0050] train_loss=0.49428	train_acc=0.80741	val_loss=0.47210	val_acc=0.73333	lr=0.00500	patience=4
[epoch 0100] train_loss=0.46076	train_acc=0.81481	val_loss=0.47849	val_acc=0.73333	lr=0.00063	patience=54
[early_stop] epoch=106 best_epoch=46 best_val_loss=0.46345
completed in 11.91s
[006/175] OK ds=MUTAG model=NodeResGNN fold=0 time=19.8s
[epoch 0100] train_loss=0.46045	train_acc=0.78519	val_loss=0.33242	val_acc=0.86667	lr=0.00250	patience=8
[epoch 0150] train_loss=0.45437	train_acc=0.80000	val_loss=0.34768	val_acc=0.93333	lr=0.00031	patience=38
[early_stop] epoch=172 best_epoch=112 best_val_loss=0.32548
completed in 14.14s
[007/175] OK ds=MUTAG model=NodeResGNN fold=1 time=12.3s
[epoch 0001] train_loss=0.64723	train_acc=0.65926	val_loss=0.62356	val_acc=0.66667	lr=0.00500	patience=0
[epoch 0050] train_loss=0.51046	train_acc=0.77037	val_loss=0.51884	val_acc=0.66667	lr=0.00250	patience=24
[early_stop] epoch=86 best_epoch=26 best_val_loss=0.50635
completed in 9.36s
[008/175] OK ds=MUTAG model=NodeResGNN fold=4 time=13.0s
[epoch 0001] train_loss=0.62549	train_acc=0.66912	val_loss=0.62180	val_acc=0.66667	lr=0.00500	patience=0
[epoch 0050] train_loss=0.49340	train_acc=0.75735	val_loss=0.38596	val_acc=0.80000	lr=0.00250	patience=18
[early_stop] epoch=92 best_epoch=32 best_val_loss=0.34290
completed in 10.04s
[009/175] OK ds=MUTAG model=NodeResGNN fold=3 time=14.1s
[epoch 0050] train_loss=0.55408	train_acc=0.75000	val_loss=0.53708	val_acc=0.66667	lr=0.00500	patience=5
[epoch 0100] train_loss=0.52567	train_acc=0.76471	val_loss=0.54384	val_acc=0.73333	lr=0.00063	patience=55
[early_stop] epoch=105 best_epoch=45 best_val_loss=0.52616
completed in 11.12s
[010/175] OK ds=MUTAG model=NodeResGNN fold=2 time=17.3s
[epoch 0050] train_loss=0.49186	train_acc=0.77778	val_loss=0.48337	val_acc=0.73333	lr=0.00250	patience=4
[epoch 0100] train_loss=0.48694	train_acc=0.78519	val_loss=0.48659	val_acc=0.73333	lr=0.00125	patience=12
[early_stop] epoch=148 best_epoch=88 best_val_loss=0.47187
completed in 14.26s
[011/175] OK ds=MUTAG model=NodeCrossGNN fold=1 time=17.9s
[epoch 0050] train_loss=0.48417	train_acc=0.79259	val_loss=0.56929	val_acc=0.60000	lr=0.00150	patience=23
[epoch 0100] train_loss=0.46020	train_acc=0.78519	val_loss=0.59353	val_acc=0.66667	lr=0.00019	patience=73
[early_stop] epoch=107 best_epoch=27 best_val_loss=0.50995
completed in 15.11s
[012/175] OK ds=MUTAG model=NodeCrossGNN fold=2 time=18.7s
[epoch 0050] train_loss=0.46714	train_acc=0.76296	val_loss=0.50096	val_acc=0.73333	lr=0.00150	patience=26
[epoch 0100] train_loss=0.46758	train_acc=0.79259	val_loss=0.49359	val_acc=0.73333	lr=0.00019	patience=76
[early_stop] epoch=104 best_epoch=24 best_val_loss=0.48056
completed in 15.90s
[013/175] OK ds=MUTAG model=NodeCrossGNN fold=4 time=18.9s
[epoch 0050] train_loss=0.47982	train_acc=0.80147	val_loss=0.40090	val_acc=0.80000	lr=0.00150	patience=27
[epoch 0100] train_loss=0.48744	train_acc=0.77941	val_loss=0.42168	val_acc=0.80000	lr=0.00019	patience=77
[early_stop] epoch=103 best_epoch=23 best_val_loss=0.37260
completed in 16.09s
[014/175] OK ds=MUTAG model=NodeCrossGNN fold=0 time=36.9s
[epoch 0150] train_loss=0.43488	train_acc=0.81481	val_loss=0.33911	val_acc=0.86667	lr=0.00150	patience=18
[epoch 0200] train_loss=0.42533	train_acc=0.81481	val_loss=0.30188	val_acc=0.86667	lr=0.00038	patience=46
[early_stop] epoch=234 best_epoch=154 best_val_loss=0.28119
completed in 34.04s
[015/175] OK ds=MUTAG model=GraphResGNN fold=0 time=26.1s
[epoch 0050] train_loss=0.47342	train_acc=0.77037	val_loss=0.34716	val_acc=0.93333	lr=0.00500	patience=0
[epoch 0100] train_loss=0.49073	train_acc=0.75556	val_loss=0.33183	val_acc=0.86667	lr=0.00063	patience=49
[early_stop] epoch=111 best_epoch=51 best_val_loss=0.31951
completed in 23.48s
[016/175] OK ds=MUTAG model=GraphResGNN fold=1 time=24.9s
[epoch 0050] train_loss=0.48512	train_acc=0.79259	val_loss=0.51904	val_acc=0.66667	lr=0.00250	patience=6
[epoch 0100] train_loss=0.48222	train_acc=0.78519	val_loss=0.57885	val_acc=0.66667	lr=0.00031	patience=56
[early_stop] epoch=104 best_epoch=44 best_val_loss=0.49821
completed in 22.23s
[017/175] OK ds=MUTAG model=NodeCrossGNN fold=3 time=39.3s
[epoch 0150] train_loss=0.48758	train_acc=0.76471	val_loss=0.52137	val_acc=0.73333	lr=0.00009	patience=16
[epoch 0200] train_loss=0.49652	train_acc=0.77941	val_loss=0.52092	val_acc=0.73333	lr=0.00002	patience=18
[epoch 0240] train_loss=0.49385	train_acc=0.77206	val_loss=0.52086	val_acc=0.73333	lr=0.00001	patience=58
completed in 36.45s
[018/175] OK ds=MUTAG model=GraphResGNN fold=3 time=20.5s
[epoch 0001] train_loss=0.65103	train_acc=0.66176	val_loss=0.63041	val_acc=0.66667	lr=0.00500	patience=0
[epoch 0050] train_loss=0.54876	train_acc=0.74265	val_loss=0.75251	val_acc=0.60000	lr=0.00250	patience=28
[early_stop] epoch=82 best_epoch=22 best_val_loss=0.53144
completed in 17.78s
[019/175] OK ds=MUTAG model=GraphResGNN fold=2 time=28.5s
[epoch 0050] train_loss=0.52013	train_acc=0.74815	val_loss=0.49557	val_acc=0.73333	lr=0.00500	patience=10
[epoch 0100] train_loss=0.46750	train_acc=0.77037	val_loss=0.46715	val_acc=0.73333	lr=0.00125	patience=36
[early_stop] epoch=124 best_epoch=64 best_val_loss=0.46310
completed in 25.83s
[020/175] OK ds=MUTAG model=GraphResGNN fold=4 time=23.4s
[epoch 0001] train_loss=0.65922	train_acc=0.66912	val_loss=0.61799	val_acc=0.66667	lr=0.00500	patience=0
[epoch 0050] train_loss=0.47966	train_acc=0.79412	val_loss=0.41209	val_acc=0.86667	lr=0.00500	patience=12
[early_stop] epoch=98 best_epoch=38 best_val_loss=0.31317
completed in 20.68s
[021/175] OK ds=MUTAG model=GraphCrossGNN fold=1 time=30.9s
[epoch 0050] train_loss=0.49368	train_acc=0.77778	val_loss=0.52339	val_acc=0.66667	lr=0.00150	patience=24
[epoch 0100] train_loss=0.46874	train_acc=0.78519	val_loss=0.53445	val_acc=0.60000	lr=0.00019	patience=74
[early_stop] epoch=106 best_epoch=26 best_val_loss=0.51077
completed in 28.13s
[022/175] OK ds=MUTAG model=GraphCrossGNN fold=0 time=38.9s
[epoch 0050] train_loss=0.47333	train_acc=0.78519	val_loss=0.36789	val_acc=0.80000	lr=0.00150	patience=9
[epoch 0100] train_loss=0.45186	train_acc=0.79259	val_loss=0.36463	val_acc=0.80000	lr=0.00038	patience=42
[early_stop] epoch=138 best_epoch=58 best_val_loss=0.34519
completed in 36.14s
[023/175] OK ds=MUTAG model=GraphCrossGNN fold=3 time=31.2s
[epoch 0050] train_loss=0.50377	train_acc=0.73529	val_loss=0.54829	val_acc=0.66667	lr=0.00150	patience=23
[epoch 0100] train_loss=0.50170	train_acc=0.75735	val_loss=0.52896	val_acc=0.73333	lr=0.00019	patience=73
[early_stop] epoch=107 best_epoch=27 best_val_loss=0.52621
completed in 28.42s
[024/175] OK ds=MUTAG model=GraphCrossGNN fold=2 time=35.2s
[epoch 0050] train_loss=0.49916	train_acc=0.80000	val_loss=0.49594	val_acc=0.73333	lr=0.00150	patience=6
[epoch 0100] train_loss=0.47344	train_acc=0.80741	val_loss=0.48468	val_acc=0.73333	lr=0.00019	patience=56
[early_stop] epoch=124 best_epoch=44 best_val_loss=0.46228
completed in 32.28s
[025/175] OK ds=MUTAG model=GraphCrossGNN fold=4 time=33.5s
[epoch 0050] train_loss=0.48099	train_acc=0.77941	val_loss=0.40636	val_acc=0.80000	lr=0.00300	patience=12
[epoch 0100] train_loss=0.46518	train_acc=0.76471	val_loss=0.39000	val_acc=0.80000	lr=0.00038	patience=62
[early_stop] epoch=118 best_epoch=38 best_val_loss=0.35763
completed in 30.72s
[026/175] OK ds=PROTEINS model=PlainGNN fold=4 time=35.9s
[epoch 0001] train_loss=0.68177	train_acc=0.58603	val_loss=0.67727	val_acc=0.59551	lr=0.00500	patience=0
[epoch 0050] train_loss=0.59871	train_acc=0.72070	val_loss=0.67303	val_acc=0.62921	lr=0.00125	patience=46
[early_stop] epoch=64 best_epoch=4 best_val_loss=0.65109
completed in 33.21s
[027/175] OK ds=PROTEINS model=PlainGNN fold=2 time=49.7s
[epoch 0001] train_loss=0.67919	train_acc=0.58801	val_loss=0.69254	val_acc=0.59551	lr=0.00500	patience=0
[epoch 0050] train_loss=0.61259	train_acc=0.70412	val_loss=0.60312	val_acc=0.70787	lr=0.00250	patience=17
[early_stop] epoch=93 best_epoch=33 best_val_loss=0.59103
completed in 46.96s
