[001/42] OK ds=PROTEINS model=NodeCrossGNN lr=0.002 time=183.5s
[epoch 0050] train_loss=0.58559	train_acc=0.72285	val_loss=0.58340	val_acc=0.73034	lr=0.00100	patience=2
[epoch 0100] train_loss=0.57488	train_acc=0.72909	val_loss=0.57267	val_acc=0.73034	lr=0.00050	patience=31
[early_stop] epoch=149 best_epoch=69 best_val_loss=0.56743
completed in 179.27s
[002/42] OK ds=PROTEINS model=NodeCrossGNN drop=0.3 time=184.1s
[epoch 0050] train_loss=0.59799	train_acc=0.71910	val_loss=0.59005	val_acc=0.70787	lr=0.00300	patience=4
[epoch 0100] train_loss=0.57843	train_acc=0.72285	val_loss=0.57179	val_acc=0.73034	lr=0.00150	patience=31
[early_stop] epoch=149 best_epoch=69 best_val_loss=0.56405
completed in 179.84s
[003/42] OK ds=PROTEINS model=NodeCrossGNN h_layer=3 time=200.7s
[epoch 0100] train_loss=0.58574	train_acc=0.72285	val_loss=0.57246	val_acc=0.73034	lr=0.00075	patience=7
[epoch 0150] train_loss=0.57663	train_acc=0.71660	val_loss=0.57610	val_acc=0.73034	lr=0.00009	patience=35
[early_stop] epoch=195 best_epoch=115 best_val_loss=0.56991
completed in 196.49s
[004/42] OK ds=PROTEINS model=NodeCrossGNN drop=0.5 time=209.2s
[epoch 0100] train_loss=0.57408	train_acc=0.72285	val_loss=0.56847	val_acc=0.73034	lr=0.00075	patience=2
[epoch 0150] train_loss=0.57517	train_acc=0.72035	val_loss=0.57009	val_acc=0.73034	lr=0.00009	patience=49
[early_stop] epoch=181 best_epoch=101 best_val_loss=0.56539
completed in 205.00s
[005/42] OK ds=PROTEINS model=NodeCrossGNN h_layer=4 time=217.5s
[epoch 0100] train_loss=0.57081	train_acc=0.72409	val_loss=0.57097	val_acc=0.73034	lr=0.00019	patience=52
[epoch 0150] train_loss=0.56949	train_acc=0.73408	val_loss=0.56859	val_acc=0.73034	lr=0.00005	patience=39
[early_stop] epoch=191 best_epoch=111 best_val_loss=0.56596
completed in 213.20s
[006/42] OK ds=PROTEINS model=NodeCrossGNN h_layer=5 time=254.1s
[epoch 0150] train_loss=0.58185	train_acc=0.72409	val_loss=0.56906	val_acc=0.73034	lr=0.00019	patience=24
[epoch 0200] train_loss=0.57401	train_acc=0.72909	val_loss=0.56912	val_acc=0.73034	lr=0.00002	patience=74
[early_stop] epoch=206 best_epoch=126 best_val_loss=0.56394
completed in 249.74s
[007/42] OK ds=PROTEINS model=NodeCrossGNN lr=0.005 time=134.9s
[epoch 0050] train_loss=0.58604	train_acc=0.72909	val_loss=0.58620	val_acc=0.73034	lr=0.00250	patience=2
[epoch 0100] train_loss=0.57674	train_acc=0.72409	val_loss=0.57075	val_acc=0.73034	lr=0.00125	patience=31
[early_stop] epoch=149 best_epoch=69 best_val_loss=0.56598
completed in 130.94s
[008/42] OK ds=PROTEINS model=GraphCrossGNN h_layer=3 time=193.7s
[epoch 0050] train_loss=0.59653	train_acc=0.72285	val_loss=0.58445	val_acc=0.71910	lr=0.00150	patience=18
[epoch 0100] train_loss=0.58237	train_acc=0.72160	val_loss=0.57623	val_acc=0.73034	lr=0.00038	patience=35
[early_stop] epoch=145 best_epoch=65 best_val_loss=0.57033
completed in 190.31s
[009/42] OK ds=PROTEINS model=GraphCrossGNN h_layer=5 time=234.7s
[epoch 0050] train_loss=0.60069	train_acc=0.69663	val_loss=0.57609	val_acc=0.75281	lr=0.00300	patience=4
[epoch 0100] train_loss=0.57799	train_acc=0.72409	val_loss=0.58197	val_acc=0.71910	lr=0.00038	patience=54
[early_stop] epoch=126 best_epoch=46 best_val_loss=0.57166
completed in 231.62s
[010/42] OK ds=PROTEINS model=GraphCrossGNN h_layer=4 time=243.9s
[epoch 0100] train_loss=0.58279	train_acc=0.72035	val_loss=0.56778	val_acc=0.73034	lr=0.00075	patience=28
[epoch 0150] train_loss=0.57148	train_acc=0.71660	val_loss=0.56098	val_acc=0.73034	lr=0.00009	patience=78
[early_stop] epoch=152 best_epoch=72 best_val_loss=0.55646
completed in 240.59s
[011/42] OK ds=PROTEINS model=GraphCrossGNN drop=0.2 time=252.9s
[epoch 0100] train_loss=0.58823	train_acc=0.72035	val_loss=0.58177	val_acc=0.73034	lr=0.00038	patience=25
[epoch 0150] train_loss=0.57687	train_acc=0.72035	val_loss=0.57748	val_acc=0.73034	lr=0.00005	patience=75
[early_stop] epoch=155 best_epoch=75 best_val_loss=0.57108
completed in 249.73s
[012/42] OK ds=PROTEINS model=GraphCrossGNN drop=0.5 time=249.8s
[epoch 0050] train_loss=0.59508	train_acc=0.70537	val_loss=0.58039	val_acc=0.73034	lr=0.00075	patience=33
[epoch 0100] train_loss=0.58496	train_acc=0.71785	val_loss=0.57424	val_acc=0.73034	lr=0.00038	patience=31
[early_stop] epoch=149 best_epoch=69 best_val_loss=0.56954
completed in 246.62s
[013/42] OK ds=PROTEINS model=GraphCrossGNN lr=0.002 time=248.5s
[epoch 0100] train_loss=0.58415	train_acc=0.72285	val_loss=0.57530	val_acc=0.73034	lr=0.00025	patience=25
[epoch 0150] train_loss=0.57482	train_acc=0.71910	val_loss=0.57435	val_acc=0.73034	lr=0.00003	patience=75
[early_stop] epoch=155 best_epoch=75 best_val_loss=0.56711
completed in 244.99s
[014/42] OK ds=PROTEINS model=GraphCrossGNN lr=0.005 time=189.9s
[epoch 0050] train_loss=0.60415	train_acc=0.69288	val_loss=0.57896	val_acc=0.71910	lr=0.00250	patience=8
[epoch 0100] train_loss=0.58713	train_acc=0.71286	val_loss=0.56796	val_acc=0.73034	lr=0.00031	patience=58
[early_stop] epoch=122 best_epoch=42 best_val_loss=0.56170
completed in 186.45s
[015/42] OK ds=DD model=NodeCrossGNN h_layer=4 time=322.4s
[epoch 0050] train_loss=0.38282	train_acc=0.83235	val_loss=0.64246	val_acc=0.74468	lr=0.00150	patience=17
[epoch 0100] train_loss=0.21429	train_acc=0.91381	val_loss=0.74686	val_acc=0.76596	lr=0.00019	patience=67
[early_stop] epoch=113 best_epoch=33 best_val_loss=0.53125
completed in 318.51s
[016/42] OK ds=DD model=NodeCrossGNN h_layer=3 time=349.5s
[epoch 0050] train_loss=0.46088	train_acc=0.78040	val_loss=0.50850	val_acc=0.75532	lr=0.00300	patience=1
[epoch 0100] train_loss=0.17420	train_acc=0.93625	val_loss=0.89891	val_acc=0.75532	lr=0.00038	patience=51
[early_stop] epoch=129 best_epoch=49 best_val_loss=0.50509
completed in 345.42s
[017/42] OK ds=DD model=NodeCrossGNN h_layer=5 time=373.4s
[epoch 0050] train_loss=0.42228	train_acc=0.81582	val_loss=0.56056	val_acc=0.77660	lr=0.00150	patience=28
[epoch 0100] train_loss=0.20210	train_acc=0.92090	val_loss=0.71709	val_acc=0.74468	lr=0.00019	patience=78
[early_stop] epoch=102 best_epoch=22 best_val_loss=0.53035
completed in 369.77s
[018/42] OK ds=DD model=NodeCrossGNN drop=0.2 time=485.1s
[epoch 0050] train_loss=0.42940	train_acc=0.79221	val_loss=0.53549	val_acc=0.78723	lr=0.00300	patience=6
[epoch 0100] train_loss=0.12855	train_acc=0.95750	val_loss=0.92063	val_acc=0.74468	lr=0.00038	patience=56
[early_stop] epoch=124 best_epoch=44 best_val_loss=0.50492
completed in 481.51s
[019/42] OK ds=DD model=NodeCrossGNN drop=0.5 time=485.2s
[epoch 0050] train_loss=0.43409	train_acc=0.79693	val_loss=0.52902	val_acc=0.74468	lr=0.00150	patience=16
[epoch 0100] train_loss=0.23590	train_acc=0.90319	val_loss=0.64387	val_acc=0.77660	lr=0.00019	patience=66
[early_stop] epoch=114 best_epoch=34 best_val_loss=0.51046
completed in 480.15s
[020/42] OK ds=DD model=NodeCrossGNN lr=0.002 time=500.1s
[epoch 0050] train_loss=0.42039	train_acc=0.79693	val_loss=0.70215	val_acc=0.71277	lr=0.00200	patience=12
[epoch 0100] train_loss=0.29072	train_acc=0.88194	val_loss=0.62901	val_acc=0.75532	lr=0.00025	patience=62
[early_stop] epoch=118 best_epoch=38 best_val_loss=0.52522
completed in 495.15s
[021/42] OK ds=DD model=NodeCrossGNN lr=0.005 time=431.1s
[epoch 0050] train_loss=0.32393	train_acc=0.86068	val_loss=0.61687	val_acc=0.76596	lr=0.00250	patience=17
[epoch 0100] train_loss=0.13987	train_acc=0.95159	val_loss=0.83358	val_acc=0.75532	lr=0.00031	patience=67
[early_stop] epoch=113 best_epoch=33 best_val_loss=0.49188
completed in 426.37s
[022/42] OK ds=DD model=GraphCrossGNN h_layer=3 time=544.4s
[epoch 0050] train_loss=0.42690	train_acc=0.79457	val_loss=0.54333	val_acc=0.74468	lr=0.00200	patience=12
[epoch 0100] train_loss=0.22835	train_acc=0.90909	val_loss=0.66106	val_acc=0.76596	lr=0.00025	patience=62
[early_stop] epoch=118 best_epoch=38 best_val_loss=0.52027
completed in 539.40s
[023/42] OK ds=DD model=GraphCrossGNN h_layer=5 time=520.5s
[epoch 0050] train_loss=0.35731	train_acc=0.84061	val_loss=0.57602	val_acc=0.76596	lr=0.00100	patience=22
[epoch 0100] train_loss=0.20962	train_acc=0.92798	val_loss=0.88003	val_acc=0.78723	lr=0.00013	patience=72
[early_stop] epoch=108 best_epoch=28 best_val_loss=0.52724
completed in 516.43s
[024/42] OK ds=DD model=GraphCrossGNN h_layer=4 time=677.2s
[epoch 0050] train_loss=0.37413	train_acc=0.82999	val_loss=0.56428	val_acc=0.76596	lr=0.00200	patience=1
[epoch 0100] train_loss=0.16038	train_acc=0.93979	val_loss=1.11982	val_acc=0.73404	lr=0.00025	patience=32
[early_stop] epoch=148 best_epoch=68 best_val_loss=0.48388
completed in 671.84s
[025/42] OK ds=DD model=GraphCrossGNN drop=0.3 time=487.1s
[epoch 0050] train_loss=0.39990	train_acc=0.81228	val_loss=0.51688	val_acc=0.76596	lr=0.00200	patience=15
[epoch 0100] train_loss=0.29321	train_acc=0.86541	val_loss=0.59643	val_acc=0.78723	lr=0.00013	patience=65
[early_stop] epoch=115 best_epoch=35 best_val_loss=0.51144
completed in 482.69s
[026/42] OK ds=DD model=GraphCrossGNN drop=0.5 time=481.0s
[epoch 0050] train_loss=0.42694	train_acc=0.79693	val_loss=0.70726	val_acc=0.65957	lr=0.00200	patience=14
[epoch 0100] train_loss=0.25139	train_acc=0.89256	val_loss=0.65546	val_acc=0.78723	lr=0.00013	patience=64
[early_stop] epoch=116 best_epoch=36 best_val_loss=0.50422
completed in 476.68s
[027/42] OK ds=ENZYMES model=NodeCrossGNN h_layer=3 time=46.6s
[epoch 0001] train_loss=1.80039	train_acc=0.13889	val_loss=1.78832	val_acc=0.18750	lr=0.00300	patience=0
[epoch 0050] train_loss=1.65339	train_acc=0.29630	val_loss=2.64398	val_acc=0.29167	lr=0.00038	patience=49
[early_stop] epoch=81 best_epoch=1 best_val_loss=1.78832
completed in 43.22s
[028/42] OK ds=ENZYMES model=NodeCrossGNN h_layer=4 time=52.8s
[epoch 0001] train_loss=1.80192	train_acc=0.16667	val_loss=1.79339	val_acc=0.27083	lr=0.00300	patience=0
[epoch 0050] train_loss=1.63969	train_acc=0.30324	val_loss=2.90959	val_acc=0.27083	lr=0.00038	patience=49
[early_stop] epoch=81 best_epoch=1 best_val_loss=1.79339
completed in 49.55s
[029/42] OK ds=ENZYMES model=NodeCrossGNN h_layer=5 time=56.2s
[epoch 0001] train_loss=1.81152	train_acc=0.12500	val_loss=1.78825	val_acc=0.16667	lr=0.00300	patience=0
[epoch 0050] train_loss=1.64139	train_acc=0.30093	val_loss=2.77008	val_acc=0.25000	lr=0.00038	patience=49
[early_stop] epoch=81 best_epoch=1 best_val_loss=1.78825
completed in 53.00s
[030/42] OK ds=ENZYMES model=NodeCrossGNN drop=0.2 time=48.9s
[epoch 0001] train_loss=1.80007	train_acc=0.16667	val_loss=1.79379	val_acc=0.22917	lr=0.00300	patience=0
[epoch 0050] train_loss=1.64150	train_acc=0.30787	val_loss=2.90815	val_acc=0.25000	lr=0.00038	patience=49
[early_stop] epoch=81 best_epoch=1 best_val_loss=1.79379
completed in 45.70s
[031/42] OK ds=DD model=GraphCrossGNN lr=0.003 time=404.0s
[epoch 0050] train_loss=0.39649	train_acc=0.82763	val_loss=0.54778	val_acc=0.76596	lr=0.00300	patience=12
[epoch 0100] train_loss=0.22915	train_acc=0.90319	val_loss=0.71836	val_acc=0.75532	lr=0.00038	patience=62
[early_stop] epoch=118 best_epoch=38 best_val_loss=0.51035
completed in 400.10s
[032/42] OK ds=ENZYMES model=NodeCrossGNN drop=0.5 time=47.7s
[epoch 0001] train_loss=1.80536	train_acc=0.16204	val_loss=1.79168	val_acc=0.16667	lr=0.00300	patience=0
[epoch 0050] train_loss=1.64948	train_acc=0.29861	val_loss=2.91078	val_acc=0.25000	lr=0.00038	patience=49
[early_stop] epoch=81 best_epoch=1 best_val_loss=1.79168
completed in 44.53s
[033/42] OK ds=ENZYMES model=NodeCrossGNN lr=0.002 time=44.0s
[epoch 0001] train_loss=1.80186	train_acc=0.17361	val_loss=1.79324	val_acc=0.16667	lr=0.00200	patience=0
[epoch 0050] train_loss=1.65331	train_acc=0.30556	val_loss=2.59624	val_acc=0.25000	lr=0.00025	patience=49
[early_stop] epoch=81 best_epoch=1 best_val_loss=1.79324
completed in 40.91s
[034/42] OK ds=ENZYMES model=NodeCrossGNN lr=0.005 time=44.0s
[epoch 0001] train_loss=1.80022	train_acc=0.18287	val_loss=1.79805	val_acc=0.16667	lr=0.00500	patience=0
[epoch 0050] train_loss=1.63722	train_acc=0.30556	val_loss=3.34742	val_acc=0.27083	lr=0.00063	patience=49
[early_stop] epoch=81 best_epoch=1 best_val_loss=1.79805
completed in 40.60s
[035/42] OK ds=ENZYMES model=GraphCrossGNN h_layer=3 time=62.8s
[epoch 0001] train_loss=1.80039	train_acc=0.16667	val_loss=1.79452	val_acc=0.20833	lr=0.00300	patience=0
[epoch 0050] train_loss=1.64997	train_acc=0.28935	val_loss=2.69214	val_acc=0.29167	lr=0.00038	patience=49
[early_stop] epoch=81 best_epoch=1 best_val_loss=1.79452
completed in 59.47s
[036/42] OK ds=ENZYMES model=GraphCrossGNN h_layer=4 time=73.3s
[epoch 0001] train_loss=1.80180	train_acc=0.18056	val_loss=1.79287	val_acc=0.16667	lr=0.00300	patience=0
[epoch 0050] train_loss=1.65035	train_acc=0.29630	val_loss=2.74378	val_acc=0.25000	lr=0.00038	patience=49
[early_stop] epoch=81 best_epoch=1 best_val_loss=1.79287
completed in 70.05s
[037/42] OK ds=ENZYMES model=GraphCrossGNN h_layer=5 time=83.8s
[epoch 0001] train_loss=1.79805	train_acc=0.13426	val_loss=1.79435	val_acc=0.16667	lr=0.00300	patience=0
[epoch 0050] train_loss=1.62222	train_acc=0.32176	val_loss=2.52794	val_acc=0.27083	lr=0.00038	patience=49
[early_stop] epoch=81 best_epoch=1 best_val_loss=1.79435
completed in 80.48s
[038/42] OK ds=ENZYMES model=GraphCrossGNN drop=0.2 time=73.0s
[epoch 0001] train_loss=1.79963	train_acc=0.15509	val_loss=1.79287	val_acc=0.20833	lr=0.00300	patience=0
[epoch 0050] train_loss=1.64880	train_acc=0.30093	val_loss=2.63370	val_acc=0.22917	lr=0.00038	patience=49
[early_stop] epoch=81 best_epoch=1 best_val_loss=1.79287
completed in 69.78s
[039/42] OK ds=ENZYMES model=GraphCrossGNN drop=0.5 time=67.6s
[epoch 0001] train_loss=1.80310	train_acc=0.15741	val_loss=1.79150	val_acc=0.14583	lr=0.00300	patience=0
[epoch 0050] train_loss=1.65438	train_acc=0.28241	val_loss=2.60404	val_acc=0.25000	lr=0.00038	patience=49
[early_stop] epoch=81 best_epoch=1 best_val_loss=1.79150
completed in 64.31s
[040/42] OK ds=ENZYMES model=GraphCrossGNN lr=0.002 time=59.3s
[epoch 0001] train_loss=1.80109	train_acc=0.16204	val_loss=1.79262	val_acc=0.14583	lr=0.00200	patience=0
[epoch 0050] train_loss=1.65114	train_acc=0.29167	val_loss=2.59194	val_acc=0.29167	lr=0.00025	patience=49
[early_stop] epoch=81 best_epoch=1 best_val_loss=1.79262
completed in 55.98s
[041/42] OK ds=ENZYMES model=GraphCrossGNN lr=0.005 time=52.0s
[epoch 0001] train_loss=1.80373	train_acc=0.18981	val_loss=1.79350	val_acc=0.16667	lr=0.00500	patience=0
[epoch 0050] train_loss=1.65052	train_acc=0.28704	val_loss=3.29332	val_acc=0.20833	lr=0.00063	patience=49
[early_stop] epoch=81 best_epoch=1 best_val_loss=1.79350
completed in 48.76s
[042/42] OK ds=DD model=GraphCrossGNN lr=0.005 time=406.5s
[epoch 0150] train_loss=0.32132	train_acc=0.86777	val_loss=0.50392	val_acc=0.78723	lr=0.00063	patience=20
[epoch 0200] train_loss=0.30496	train_acc=0.87249	val_loss=0.51588	val_acc=0.80851	lr=0.00008	patience=70
[early_stop] epoch=210 best_epoch=130 best_val_loss=0.48602
completed in 402.78s
all_done total_time=1744.3s
