[001/42] OK ds=PROTEINS model=NodeCrossGNN lr=0.002 time=142.0s
[epoch 0050] train_loss=0.58646	train_acc=0.72659	val_loss=0.58378	val_acc=0.71910	lr=0.00100	patience=2
[epoch 0100] train_loss=0.57437	train_acc=0.72659	val_loss=0.57325	val_acc=0.73034	lr=0.00050	patience=31
[early_stop] epoch=149 best_epoch=69 best_val_loss=0.56878
completed in 138.58s
[002/42] OK ds=PROTEINS model=NodeCrossGNN drop=0.3 time=142.1s
[epoch 0050] train_loss=0.58778	train_acc=0.72784	val_loss=0.58328	val_acc=0.73034	lr=0.00150	patience=2
[epoch 0100] train_loss=0.57530	train_acc=0.72285	val_loss=0.56700	val_acc=0.73034	lr=0.00075	patience=31
[early_stop] epoch=149 best_epoch=69 best_val_loss=0.56438
completed in 138.59s
[003/42] OK ds=PROTEINS model=NodeCrossGNN h_layer=3 time=144.3s
[epoch 0100] train_loss=0.58653	train_acc=0.72285	val_loss=0.57695	val_acc=0.73034	lr=0.00038	patience=5
[epoch 0150] train_loss=0.58029	train_acc=0.72534	val_loss=0.57663	val_acc=0.73034	lr=0.00005	patience=55
[early_stop] epoch=175 best_epoch=95 best_val_loss=0.57302
completed in 140.86s
[004/42] OK ds=PROTEINS model=NodeCrossGNN h_layer=4 time=171.1s
[epoch 0100] train_loss=0.57463	train_acc=0.72285	val_loss=0.56499	val_acc=0.73034	lr=0.00075	patience=2
[epoch 0150] train_loss=0.56758	train_acc=0.73159	val_loss=0.56665	val_acc=0.73034	lr=0.00009	patience=49
[early_stop] epoch=181 best_epoch=101 best_val_loss=0.56266
completed in 167.74s
[005/42] OK ds=PROTEINS model=NodeCrossGNN drop=0.5 time=171.3s
[epoch 0100] train_loss=0.57291	train_acc=0.72534	val_loss=0.56991	val_acc=0.73034	lr=0.00075	patience=31
[epoch 0150] train_loss=0.57469	train_acc=0.72035	val_loss=0.57174	val_acc=0.73034	lr=0.00009	patience=49
[early_stop] epoch=181 best_epoch=101 best_val_loss=0.56716
completed in 167.91s
