[001/75] OK ds=PROTEINS model=PlainGNN fold=2 time=38.0s
[epoch 0001] train_loss=0.67919	train_acc=0.58801	val_loss=0.69254	val_acc=0.59551	lr=0.00500	patience=0
[epoch 0050] train_loss=0.61176	train_acc=0.70412	val_loss=0.60201	val_acc=0.71910	lr=0.00250	patience=17
[early_stop] epoch=93 best_epoch=33 best_val_loss=0.59097
completed in 34.86s
[002/75] OK ds=PROTEINS model=PlainGNN fold=3 time=55.3s
[epoch 0050] train_loss=0.62103	train_acc=0.67830	val_loss=0.55942	val_acc=0.75281	lr=0.00250	patience=1
[epoch 0100] train_loss=0.61107	train_acc=0.69825	val_loss=0.54756	val_acc=0.73034	lr=0.00063	patience=17
[early_stop] epoch=143 best_epoch=83 best_val_loss=0.53760
completed in 52.25s
[003/75] OK ds=PROTEINS model=PlainGNN fold=1 time=57.4s
[epoch 0100] train_loss=0.61162	train_acc=0.70037	val_loss=0.58391	val_acc=0.71910	lr=0.00250	patience=10
[epoch 0150] train_loss=0.59601	train_acc=0.69663	val_loss=0.57944	val_acc=0.71910	lr=0.00031	patience=60
[early_stop] epoch=150 best_epoch=90 best_val_loss=0.57292
completed in 54.29s
[004/75] OK ds=PROTEINS model=PlainGNN fold=4 time=25.3s
[epoch 0001] train_loss=0.68177	train_acc=0.58603	val_loss=0.67727	val_acc=0.59551	lr=0.00500	patience=0
[epoch 0050] train_loss=0.59897	train_acc=0.71945	val_loss=0.67429	val_acc=0.62921	lr=0.00125	patience=46
[early_stop] epoch=64 best_epoch=4 best_val_loss=0.65115
completed in 22.58s
[005/75] OK ds=PROTEINS model=PlainGNN fold=0 time=73.9s
[epoch 0100] train_loss=0.58198	train_acc=0.71536	val_loss=0.57095	val_acc=0.73034	lr=0.00063	patience=5
[epoch 0150] train_loss=0.58552	train_acc=0.72534	val_loss=0.57212	val_acc=0.73034	lr=0.00031	patience=3
[epoch 0200] train_loss=0.58456	train_acc=0.72409	val_loss=0.56593	val_acc=0.73034	lr=0.00008	patience=25
completed in 70.78s
[006/75] OK ds=PROTEINS model=NodeResGNN fold=2 time=39.2s
[epoch 0001] train_loss=0.68396	train_acc=0.58801	val_loss=0.68398	val_acc=0.59551	lr=0.00500	patience=0
[epoch 0050] train_loss=0.62099	train_acc=0.69288	val_loss=0.58734	val_acc=0.67416	lr=0.00500	patience=11
[early_stop] epoch=99 best_epoch=39 best_val_loss=0.57725
completed in 36.42s
[007/75] OK ds=PROTEINS model=NodeResGNN fold=3 time=36.5s
[epoch 0001] train_loss=0.68300	train_acc=0.58229	val_loss=0.66917	val_acc=0.59551	lr=0.00500	patience=0
[epoch 0050] train_loss=0.60885	train_acc=0.69202	val_loss=0.56035	val_acc=0.75281	lr=0.00250	patience=18
[early_stop] epoch=92 best_epoch=32 best_val_loss=0.53670
completed in 33.78s
[008/75] OK ds=PROTEINS model=NodeResGNN fold=0 time=62.1s
[epoch 0100] train_loss=0.58357	train_acc=0.71036	val_loss=0.57501	val_acc=0.73034	lr=0.00063	patience=6
[epoch 0150] train_loss=0.58100	train_acc=0.72909	val_loss=0.57372	val_acc=0.73034	lr=0.00016	patience=42
[early_stop] epoch=168 best_epoch=108 best_val_loss=0.57050
completed in 59.38s
[009/75] OK ds=PROTEINS model=NodeResGNN fold=4 time=26.2s
[epoch 0001] train_loss=0.68296	train_acc=0.59102	val_loss=0.67382	val_acc=0.65169	lr=0.00500	patience=0
[epoch 0050] train_loss=0.60213	train_acc=0.72070	val_loss=0.66989	val_acc=0.61798	lr=0.00125	patience=46
[early_stop] epoch=64 best_epoch=4 best_val_loss=0.65106
completed in 23.48s
[010/75] OK ds=PROTEINS model=NodeResGNN fold=1 time=73.9s
[epoch 0100] train_loss=0.60146	train_acc=0.70911	val_loss=0.57996	val_acc=0.73034	lr=0.00125	patience=26
[epoch 0150] train_loss=0.59702	train_acc=0.71036	val_loss=0.57836	val_acc=0.71910	lr=0.00031	patience=4
[epoch 0200] train_loss=0.60176	train_acc=0.71660	val_loss=0.57674	val_acc=0.73034	lr=0.00016	patience=31
completed in 71.04s
[011/75] OK ds=PROTEINS model=NodeCrossGNN fold=2 time=81.7s
[epoch 0050] train_loss=0.60217	train_acc=0.69663	val_loss=0.59942	val_acc=0.68539	lr=0.00300	patience=6
[epoch 0100] train_loss=0.59791	train_acc=0.70537	val_loss=0.60861	val_acc=0.70787	lr=0.00075	patience=42
[early_stop] epoch=138 best_epoch=58 best_val_loss=0.58386
completed in 78.95s
[012/75] OK ds=PROTEINS model=NodeCrossGNN fold=3 time=81.1s
[epoch 0050] train_loss=0.60597	train_acc=0.69701	val_loss=0.54889	val_acc=0.74157	lr=0.00150	patience=9
[epoch 0100] train_loss=0.58810	train_acc=0.71322	val_loss=0.54822	val_acc=0.75281	lr=0.00038	patience=43
[early_stop] epoch=137 best_epoch=57 best_val_loss=0.53658
completed in 78.34s
[013/75] OK ds=PROTEINS model=NodeCrossGNN fold=0 time=103.1s
[epoch 0100] train_loss=0.57943	train_acc=0.72409	val_loss=0.56604	val_acc=0.74157	lr=0.00150	patience=0
[epoch 0150] train_loss=0.56500	train_acc=0.73283	val_loss=0.56943	val_acc=0.73034	lr=0.00019	patience=50
[early_stop] epoch=180 best_epoch=100 best_val_loss=0.56604
completed in 100.13s
[014/75] OK ds=PROTEINS model=NodeCrossGNN fold=1 time=138.9s
[epoch 0150] train_loss=0.59284	train_acc=0.71785	val_loss=0.56703	val_acc=0.74157	lr=0.00075	patience=14
[epoch 0200] train_loss=0.58224	train_acc=0.71286	val_loss=0.55773	val_acc=0.75281	lr=0.00038	patience=5
[epoch 0240] train_loss=0.57394	train_acc=0.71910	val_loss=0.55761	val_acc=0.76404	lr=0.00009	patience=45
completed in 136.22s
[015/75] OK ds=PROTEINS model=NodeCrossGNN fold=4 time=53.3s
[epoch 0001] train_loss=0.65381	train_acc=0.62219	val_loss=0.66072	val_acc=0.64045	lr=0.00300	patience=0
[epoch 0050] train_loss=0.57466	train_acc=0.73192	val_loss=0.68510	val_acc=0.65169	lr=0.00075	patience=47
[early_stop] epoch=83 best_epoch=3 best_val_loss=0.66016
completed in 50.46s
[016/75] OK ds=PROTEINS model=GraphResGNN fold=1 time=69.1s
[epoch 0001] train_loss=0.67884	train_acc=0.59800	val_loss=0.67086	val_acc=0.59551	lr=0.00500	patience=0
[epoch 0050] train_loss=0.56328	train_acc=0.72659	val_loss=0.52327	val_acc=0.77528	lr=0.00250	patience=31
[early_stop] epoch=79 best_epoch=19 best_val_loss=0.50324
completed in 66.27s
[017/75] OK ds=PROTEINS model=GraphResGNN fold=0 time=106.7s
[epoch 0050] train_loss=0.54834	train_acc=0.72534	val_loss=0.57325	val_acc=0.71910	lr=0.00500	patience=11
[epoch 0100] train_loss=0.53983	train_acc=0.74532	val_loss=0.56569	val_acc=0.73034	lr=0.00063	patience=37
[early_stop] epoch=123 best_epoch=63 best_val_loss=0.55384
completed in 103.80s
[018/75] OK ds=PROTEINS model=GraphResGNN fold=2 time=73.3s
[epoch 0001] train_loss=0.68307	train_acc=0.58302	val_loss=0.67407	val_acc=0.59551	lr=0.00500	patience=0
[epoch 0050] train_loss=0.55946	train_acc=0.72534	val_loss=0.58694	val_acc=0.70787	lr=0.00250	patience=27
[early_stop] epoch=83 best_epoch=23 best_val_loss=0.56231
completed in 70.55s
[019/75] OK ds=PROTEINS model=GraphResGNN fold=4 time=61.8s
[epoch 0001] train_loss=0.67752	train_acc=0.59601	val_loss=0.66762	val_acc=0.59551	lr=0.00500	patience=0
[epoch 0050] train_loss=0.52111	train_acc=0.76683	val_loss=0.61914	val_acc=0.67416	lr=0.00125	patience=41
[early_stop] epoch=69 best_epoch=9 best_val_loss=0.58513
completed in 59.14s
[020/75] OK ds=PROTEINS model=GraphResGNN fold=3 time=83.9s
[epoch 0001] train_loss=0.68359	train_acc=0.57980	val_loss=0.66898	val_acc=0.59551	lr=0.00500	patience=0
[epoch 0050] train_loss=0.56290	train_acc=0.73067	val_loss=0.55159	val_acc=0.73034	lr=0.00500	patience=14
[early_stop] epoch=96 best_epoch=36 best_val_loss=0.51679
completed in 81.08s
[021/75] OK ds=PROTEINS model=GraphCrossGNN fold=2 time=98.4s
[epoch 0001] train_loss=0.67904	train_acc=0.58677	val_loss=0.67416	val_acc=0.59551	lr=0.00300	patience=0
[epoch 0050] train_loss=0.60196	train_acc=0.70162	val_loss=0.59807	val_acc=0.68539	lr=0.00075	patience=35
[early_stop] epoch=95 best_epoch=15 best_val_loss=0.58914
completed in 95.68s
[022/75] OK ds=PROTEINS model=GraphCrossGNN fold=3 time=112.3s
[epoch 0050] train_loss=0.60899	train_acc=0.70823	val_loss=0.55308	val_acc=0.75281	lr=0.00150	patience=21
[epoch 0100] train_loss=0.58417	train_acc=0.71072	val_loss=0.54793	val_acc=0.73034	lr=0.00019	patience=71
[early_stop] epoch=109 best_epoch=29 best_val_loss=0.53454
completed in 109.66s
[023/75] OK ds=PROTEINS model=GraphCrossGNN fold=0 time=150.0s
[epoch 0050] train_loss=0.61279	train_acc=0.70162	val_loss=0.58153	val_acc=0.71910	lr=0.00300	patience=8
[epoch 0100] train_loss=0.58451	train_acc=0.72285	val_loss=0.56932	val_acc=0.73034	lr=0.00038	patience=32
[early_stop] epoch=148 best_epoch=68 best_val_loss=0.56062
completed in 147.25s
[024/75] OK ds=DD model=PlainGNN fold=0 time=48.4s
[epoch 0001] train_loss=0.69337	train_acc=0.55490	val_loss=0.67824	val_acc=0.58511	lr=0.00500	patience=0
[epoch 0050] train_loss=0.45136	train_acc=0.79693	val_loss=0.57538	val_acc=0.74468	lr=0.00250	patience=16
[early_stop] epoch=94 best_epoch=34 best_val_loss=0.54013
completed in 45.55s
[025/75] OK ds=DD model=PlainGNN fold=1 time=52.4s
[epoch 0050] train_loss=0.45659	train_acc=0.79835	val_loss=0.59235	val_acc=0.67021	lr=0.00500	patience=10
[epoch 0100] train_loss=0.23735	train_acc=0.90566	val_loss=1.16526	val_acc=0.65957	lr=0.00063	patience=60
[early_stop] epoch=100 best_epoch=40 best_val_loss=0.54572
completed in 49.44s
[026/75] OK ds=PROTEINS model=GraphCrossGNN fold=4 time=87.9s
[epoch 0001] train_loss=0.67003	train_acc=0.58978	val_loss=0.65976	val_acc=0.66292	lr=0.00300	patience=0
[epoch 0050] train_loss=0.57375	train_acc=0.72818	val_loss=0.67845	val_acc=0.65169	lr=0.00038	patience=49
[early_stop] epoch=81 best_epoch=1 best_val_loss=0.65976
completed in 85.04s
[027/75] OK ds=DD model=PlainGNN fold=2 time=61.8s
[epoch 0050] train_loss=0.46524	train_acc=0.79859	val_loss=0.82522	val_acc=0.67021	lr=0.00500	patience=6
[epoch 0100] train_loss=0.29983	train_acc=0.87279	val_loss=1.10490	val_acc=0.64894	lr=0.00063	patience=56
[early_stop] epoch=104 best_epoch=44 best_val_loss=0.61696
completed in 58.70s
[028/75] OK ds=PROTEINS model=GraphCrossGNN fold=1 time=245.6s
[epoch 0150] train_loss=0.59051	train_acc=0.70162	val_loss=0.57440	val_acc=0.69663	lr=0.00150	patience=6
[epoch 0200] train_loss=0.57546	train_acc=0.72534	val_loss=0.55844	val_acc=0.73034	lr=0.00038	patience=28
[epoch 0240] train_loss=0.57059	train_acc=0.72285	val_loss=0.55847	val_acc=0.71910	lr=0.00005	patience=68
completed in 242.59s
[029/75] OK ds=DD model=PlainGNN fold=4 time=63.4s
[epoch 0001] train_loss=0.68449	train_acc=0.56302	val_loss=0.67630	val_acc=0.58511	lr=0.00500	patience=0
[epoch 0050] train_loss=0.43630	train_acc=0.80330	val_loss=0.95371	val_acc=0.68085	lr=0.00250	patience=29
[early_stop] epoch=81 best_epoch=21 best_val_loss=0.62336
completed in 60.03s
[030/75] OK ds=DD model=PlainGNN fold=3 time=110.0s
[epoch 0050] train_loss=0.55822	train_acc=0.73027	val_loss=0.56328	val_acc=0.73404	lr=0.00500	patience=2
[epoch 0100] train_loss=0.43330	train_acc=0.82097	val_loss=0.67106	val_acc=0.71277	lr=0.00250	patience=31
[early_stop] epoch=129 best_epoch=69 best_val_loss=0.54148
completed in 106.83s
[031/75] OK ds=DD model=NodeResGNN fold=0 time=135.5s
[epoch 0001] train_loss=0.69242	train_acc=0.55726	val_loss=0.67674	val_acc=0.58511	lr=0.00500	patience=0
[epoch 0050] train_loss=0.40895	train_acc=0.80283	val_loss=0.56963	val_acc=0.73404	lr=0.00250	patience=16
[early_stop] epoch=94 best_epoch=34 best_val_loss=0.49632
completed in 132.11s
[032/75] OK ds=DD model=NodeResGNN fold=1 time=133.9s
[epoch 0001] train_loss=0.68495	train_acc=0.56958	val_loss=0.67731	val_acc=0.58511	lr=0.00500	patience=0
[epoch 0050] train_loss=0.42631	train_acc=0.81132	val_loss=0.62669	val_acc=0.71277	lr=0.00250	patience=17
[early_stop] epoch=93 best_epoch=33 best_val_loss=0.53738
completed in 130.36s
[033/75] OK ds=DD model=NodeResGNN fold=2 time=123.5s
[epoch 0001] train_loss=0.68951	train_acc=0.53828	val_loss=0.67740	val_acc=0.58511	lr=0.00500	patience=0
[epoch 0050] train_loss=0.34375	train_acc=0.87044	val_loss=1.02273	val_acc=0.72340	lr=0.00250	patience=22
[early_stop] epoch=88 best_epoch=28 best_val_loss=0.61511
completed in 119.83s
[034/75] OK ds=DD model=NodeResGNN fold=3 time=117.6s
[epoch 0001] train_loss=0.69341	train_acc=0.54417	val_loss=0.68180	val_acc=0.58511	lr=0.00500	patience=0
[epoch 0050] train_loss=0.41609	train_acc=0.81272	val_loss=0.64360	val_acc=0.70213	lr=0.00250	patience=26
[early_stop] epoch=84 best_epoch=24 best_val_loss=0.53993
completed in 114.00s
[035/75] OK ds=DD model=NodeResGNN fold=4 time=88.8s
[epoch 0001] train_loss=0.69089	train_acc=0.55948	val_loss=0.67693	val_acc=0.58511	lr=0.00500	patience=0
[epoch 0050] train_loss=0.42186	train_acc=0.79741	val_loss=0.80693	val_acc=0.65957	lr=0.00125	patience=40
[early_stop] epoch=70 best_epoch=10 best_val_loss=0.63450
completed in 85.18s
[036/75] OK ds=DD model=NodeCrossGNN fold=1 time=157.0s
[epoch 0050] train_loss=0.44049	train_acc=0.78538	val_loss=0.58563	val_acc=0.71277	lr=0.00150	patience=16
[epoch 0100] train_loss=0.25614	train_acc=0.88561	val_loss=0.81063	val_acc=0.71277	lr=0.00019	patience=66
[early_stop] epoch=114 best_epoch=34 best_val_loss=0.54777
completed in 153.56s
[037/75] OK ds=DD model=NodeCrossGNN fold=0 time=171.5s
[epoch 0050] train_loss=0.45445	train_acc=0.77214	val_loss=0.49982	val_acc=0.74468	lr=0.00300	patience=6
[epoch 0100] train_loss=0.19663	train_acc=0.92562	val_loss=0.89051	val_acc=0.76596	lr=0.00038	patience=56
[early_stop] epoch=124 best_epoch=44 best_val_loss=0.49510
completed in 167.89s
[038/75] OK ds=DD model=NodeCrossGNN fold=2 time=136.0s
[epoch 0050] train_loss=0.42171	train_acc=0.80801	val_loss=0.76067	val_acc=0.71277	lr=0.00075	patience=27
[epoch 0100] train_loss=0.33004	train_acc=0.86101	val_loss=0.78558	val_acc=0.64894	lr=0.00009	patience=77
[early_stop] epoch=103 best_epoch=23 best_val_loss=0.63379
completed in 132.67s
[039/75] OK ds=DD model=NodeCrossGNN fold=3 time=139.7s
[epoch 0050] train_loss=0.37268	train_acc=0.82921	val_loss=0.74464	val_acc=0.71277	lr=0.00150	patience=19
[epoch 0100] train_loss=0.21192	train_acc=0.91284	val_loss=0.96242	val_acc=0.69149	lr=0.00019	patience=69
[early_stop] epoch=111 best_epoch=31 best_val_loss=0.53200
completed in 136.45s
[040/75] OK ds=DD model=NodeCrossGNN fold=4 time=103.9s
[epoch 0001] train_loss=0.68544	train_acc=0.57597	val_loss=0.67628	val_acc=0.58511	lr=0.00300	patience=0
[epoch 0050] train_loss=0.38875	train_acc=0.83157	val_loss=0.89230	val_acc=0.64894	lr=0.00075	patience=44
[early_stop] epoch=86 best_epoch=6 best_val_loss=0.63986
completed in 100.66s
[041/75] OK ds=DD model=GraphResGNN fold=0 time=153.9s
[epoch 0001] train_loss=0.68198	train_acc=0.57969	val_loss=0.67564	val_acc=0.58511	lr=0.00500	patience=0
[epoch 0050] train_loss=0.39683	train_acc=0.81582	val_loss=0.56033	val_acc=0.75532	lr=0.00125	patience=32
[early_stop] epoch=78 best_epoch=18 best_val_loss=0.52848
completed in 150.70s
[042/75] OK ds=DD model=GraphResGNN fold=2 time=132.1s
[epoch 0001] train_loss=0.69230	train_acc=0.56537	val_loss=0.67948	val_acc=0.58511	lr=0.00500	patience=0
[epoch 0050] train_loss=0.50243	train_acc=0.77385	val_loss=0.66819	val_acc=0.70213	lr=0.00125	patience=43
[early_stop] epoch=67 best_epoch=7 best_val_loss=0.64171
completed in 128.98s
[043/75] OK ds=DD model=GraphResGNN fold=1 time=254.9s
[epoch 0050] train_loss=0.56036	train_acc=0.71816	val_loss=0.57389	val_acc=0.73404	lr=0.00500	patience=0
[epoch 0100] train_loss=0.44941	train_acc=0.78538	val_loss=0.58755	val_acc=0.71277	lr=0.00125	patience=32
[early_stop] epoch=128 best_epoch=68 best_val_loss=0.56368
completed in 251.77s
[044/75] OK ds=DD model=GraphResGNN fold=4 time=139.2s
[epoch 0001] train_loss=0.68762	train_acc=0.57479	val_loss=0.68061	val_acc=0.58511	lr=0.00500	patience=0
[epoch 0050] train_loss=0.53473	train_acc=0.74205	val_loss=0.69701	val_acc=0.61702	lr=0.00125	patience=40
[early_stop] epoch=70 best_epoch=10 best_val_loss=0.63203
completed in 136.23s
[045/75] OK ds=DD model=GraphResGNN fold=3 time=219.6s
[epoch 0050] train_loss=0.53230	train_acc=0.74323	val_loss=0.70970	val_acc=0.67021	lr=0.00500	patience=13
[epoch 0100] train_loss=0.41370	train_acc=0.80330	val_loss=0.63319	val_acc=0.71277	lr=0.00125	patience=46
[early_stop] epoch=114 best_epoch=54 best_val_loss=0.56514
completed in 216.58s
[046/75] OK ds=DD model=GraphCrossGNN fold=0 time=258.1s
[epoch 0050] train_loss=0.38128	train_acc=0.82645	val_loss=0.51907	val_acc=0.78723	lr=0.00200	patience=6
[epoch 0100] train_loss=0.20821	train_acc=0.91736	val_loss=0.75869	val_acc=0.78723	lr=0.00025	patience=56
[early_stop] epoch=124 best_epoch=44 best_val_loss=0.50204
completed in 255.02s
[047/75] OK ds=DD model=GraphCrossGNN fold=2 time=180.6s
[epoch 0001] train_loss=0.68354	train_acc=0.58657	val_loss=0.67914	val_acc=0.58511	lr=0.00200	patience=0
[epoch 0050] train_loss=0.41651	train_acc=0.81390	val_loss=0.75611	val_acc=0.68085	lr=0.00050	patience=40
[early_stop] epoch=90 best_epoch=10 best_val_loss=0.65033
completed in 177.64s
[048/75] OK ds=DD model=GraphCrossGNN fold=1 time=224.1s
[epoch 0050] train_loss=0.49577	train_acc=0.76297	val_loss=0.68254	val_acc=0.64894	lr=0.00200	patience=15
[epoch 0100] train_loss=0.24354	train_acc=0.90802	val_loss=0.77888	val_acc=0.70213	lr=0.00013	patience=65
[early_stop] epoch=115 best_epoch=35 best_val_loss=0.53250
completed in 221.07s
[049/75] OK ds=ENZYMES model=PlainGNN fold=0 time=20.4s
[epoch 0001] train_loss=1.79736	train_acc=0.14352	val_loss=1.79229	val_acc=0.16667	lr=0.00500	patience=0
[epoch 0050] train_loss=1.69804	train_acc=0.26157	val_loss=2.53735	val_acc=0.14583	lr=0.00063	patience=48
[early_stop] epoch=62 best_epoch=2 best_val_loss=1.79210
completed in 17.43s
[050/75] OK ds=ENZYMES model=PlainGNN fold=1 time=25.3s
[epoch 0001] train_loss=1.79856	train_acc=0.15046	val_loss=1.79264	val_acc=0.16667	lr=0.00500	patience=0
[epoch 0050] train_loss=1.69320	train_acc=0.27083	val_loss=1.72654	val_acc=0.25000	lr=0.00250	patience=28
[early_stop] epoch=82 best_epoch=22 best_val_loss=1.70758
completed in 22.39s
[051/75] OK ds=DD model=GraphCrossGNN fold=3 time=192.2s
[epoch 0050] train_loss=0.38934	train_acc=0.80919	val_loss=0.70599	val_acc=0.70213	lr=0.00100	patience=26
[epoch 0100] train_loss=0.29238	train_acc=0.87397	val_loss=0.84313	val_acc=0.73404	lr=0.00013	patience=76
[early_stop] epoch=104 best_epoch=24 best_val_loss=0.54650
completed in 189.08s
[052/75] OK ds=ENZYMES model=PlainGNN fold=2 time=32.5s
[epoch 0050] train_loss=1.71696	train_acc=0.26620	val_loss=1.74569	val_acc=0.25000	lr=0.00500	patience=2
[epoch 0100] train_loss=1.68254	train_acc=0.28241	val_loss=1.72339	val_acc=0.29167	lr=0.00125	patience=38
[early_stop] epoch=122 best_epoch=62 best_val_loss=1.71137
completed in 29.45s
[053/75] OK ds=ENZYMES model=NodeResGNN fold=0 time=18.1s
[epoch 0001] train_loss=1.80214	train_acc=0.11343	val_loss=1.79496	val_acc=0.10417	lr=0.00500	patience=0
[epoch 0050] train_loss=1.67301	train_acc=0.26852	val_loss=2.85366	val_acc=0.22917	lr=0.00063	patience=49
[early_stop] epoch=61 best_epoch=1 best_val_loss=1.79496
completed in 15.25s
[054/75] OK ds=DD model=GraphCrossGNN fold=4 time=108.5s
[epoch 0001] train_loss=0.68352	train_acc=0.57479	val_loss=0.67782	val_acc=0.58511	lr=0.00200	patience=0
[epoch 0050] train_loss=0.42513	train_acc=0.80212	val_loss=0.81255	val_acc=0.62766	lr=0.00050	patience=44
[early_stop] epoch=86 best_epoch=6 best_val_loss=0.64301
completed in 105.51s
[055/75] OK ds=ENZYMES model=PlainGNN fold=3 time=47.9s
[epoch 0100] train_loss=1.70456	train_acc=0.28935	val_loss=1.69636	val_acc=0.22917	lr=0.00125	patience=30
[epoch 0150] train_loss=1.68442	train_acc=0.30787	val_loss=1.68970	val_acc=0.25000	lr=0.00063	patience=1
[epoch 0200] train_loss=1.67641	train_acc=0.28241	val_loss=1.68834	val_acc=0.25000	lr=0.00016	patience=19
completed in 44.97s
[056/75] OK ds=ENZYMES model=PlainGNN fold=4 time=47.8s
[epoch 0100] train_loss=1.66916	train_acc=0.28704	val_loss=1.65810	val_acc=0.33333	lr=0.00250	patience=20
[epoch 0150] train_loss=1.65257	train_acc=0.30093	val_loss=1.62797	val_acc=0.33333	lr=0.00250	patience=6
[epoch 0200] train_loss=1.64551	train_acc=0.34259	val_loss=1.60031	val_acc=0.37500	lr=0.00063	patience=0
completed in 44.78s
[057/75] OK ds=ENZYMES model=NodeResGNN fold=1 time=16.7s
[epoch 0001] train_loss=1.80342	train_acc=0.18056	val_loss=1.79072	val_acc=0.16667	lr=0.00500	patience=0
[epoch 0050] train_loss=1.65693	train_acc=0.29398	val_loss=1.71976	val_acc=0.20833	lr=0.00125	patience=36
[early_stop] epoch=74 best_epoch=14 best_val_loss=1.71216
completed in 13.83s
[058/75] OK ds=ENZYMES model=NodeResGNN fold=2 time=18.0s
[epoch 0001] train_loss=1.80146	train_acc=0.16667	val_loss=1.78898	val_acc=0.18750	lr=0.00500	patience=0
[epoch 0050] train_loss=1.72278	train_acc=0.24769	val_loss=1.75281	val_acc=0.25000	lr=0.00250	patience=26
[early_stop] epoch=84 best_epoch=24 best_val_loss=1.73516
completed in 15.34s
[059/75] OK ds=ENZYMES model=NodeResGNN fold=4 time=18.0s
[epoch 0001] train_loss=1.80383	train_acc=0.14583	val_loss=1.79299	val_acc=0.25000	lr=0.00500	patience=0
[epoch 0050] train_loss=1.65637	train_acc=0.31019	val_loss=1.77372	val_acc=0.37500	lr=0.00125	patience=33
[early_stop] epoch=77 best_epoch=17 best_val_loss=1.69686
completed in 15.12s
[060/75] OK ds=ENZYMES model=NodeResGNN fold=3 time=26.9s
[epoch 0050] train_loss=1.70672	train_acc=0.26389	val_loss=1.70367	val_acc=0.31250	lr=0.00500	patience=14
[epoch 0100] train_loss=1.67750	train_acc=0.28935	val_loss=1.67800	val_acc=0.29167	lr=0.00063	patience=36
[early_stop] epoch=124 best_epoch=64 best_val_loss=1.67050
completed in 24.12s
[061/75] OK ds=ENZYMES model=NodeCrossGNN fold=0 time=26.6s
[epoch 0001] train_loss=1.80192	train_acc=0.16667	val_loss=1.79339	val_acc=0.27083	lr=0.00300	patience=0
[epoch 0050] train_loss=1.63984	train_acc=0.29861	val_loss=2.91450	val_acc=0.27083	lr=0.00038	patience=49
[early_stop] epoch=81 best_epoch=1 best_val_loss=1.79339
completed in 23.81s
[062/75] OK ds=ENZYMES model=NodeCrossGNN fold=4 time=31.6s
[epoch 0001] train_loss=1.80741	train_acc=0.14815	val_loss=1.79250	val_acc=0.14583	lr=0.00300	patience=0
[epoch 0050] train_loss=1.61858	train_acc=0.31481	val_loss=1.74957	val_acc=0.29167	lr=0.00075	patience=39
[early_stop] epoch=91 best_epoch=11 best_val_loss=1.70299
completed in 28.92s
[063/75] OK ds=ENZYMES model=NodeCrossGNN fold=2 time=45.9s
[epoch 0050] train_loss=1.65917	train_acc=0.31713	val_loss=1.71491	val_acc=0.31250	lr=0.00300	patience=4
[epoch 0100] train_loss=1.62874	train_acc=0.30556	val_loss=1.68396	val_acc=0.39583	lr=0.00075	patience=38
[early_stop] epoch=142 best_epoch=62 best_val_loss=1.66875
completed in 43.15s
[064/75] OK ds=ENZYMES model=NodeCrossGNN fold=1 time=75.4s
[epoch 0150] train_loss=1.53210	train_acc=0.40046	val_loss=1.68606	val_acc=0.31250	lr=0.00038	patience=19
[epoch 0200] train_loss=1.52387	train_acc=0.38657	val_loss=1.68277	val_acc=0.29167	lr=0.00009	patience=23
[epoch 0240] train_loss=1.54225	train_acc=0.40509	val_loss=1.68009	val_acc=0.33333	lr=0.00002	patience=63
completed in 72.73s
[065/75] OK ds=ENZYMES model=GraphResGNN fold=0 time=29.8s
[epoch 0001] train_loss=1.80423	train_acc=0.16898	val_loss=1.79273	val_acc=0.16667	lr=0.00500	patience=0
[epoch 0050] train_loss=1.54702	train_acc=0.37269	val_loss=2.64901	val_acc=0.25000	lr=0.00063	patience=49
[early_stop] epoch=61 best_epoch=1 best_val_loss=1.79273
completed in 27.00s
[066/75] OK ds=ENZYMES model=NodeCrossGNN fold=3 time=76.7s
[epoch 0150] train_loss=1.62633	train_acc=0.31944	val_loss=1.65561	val_acc=0.29167	lr=0.00075	patience=2
[epoch 0200] train_loss=1.60138	train_acc=0.33102	val_loss=1.64159	val_acc=0.31250	lr=0.00038	patience=28
[epoch 0240] train_loss=1.57612	train_acc=0.34722	val_loss=1.64249	val_acc=0.31250	lr=0.00038	patience=15
completed in 74.01s
[067/75] OK ds=ENZYMES model=GraphResGNN fold=1 time=88.5s
[epoch 0100] train_loss=1.54052	train_acc=0.34491	val_loss=1.67329	val_acc=0.25000	lr=0.00250	patience=5
[epoch 0150] train_loss=1.47787	train_acc=0.37500	val_loss=1.64117	val_acc=0.27083	lr=0.00063	patience=16
[early_stop] epoch=194 best_epoch=134 best_val_loss=1.62384
completed in 85.71s
[068/75] OK ds=ENZYMES model=GraphResGNN fold=4 time=52.4s
[epoch 0050] train_loss=1.51352	train_acc=0.34722	val_loss=1.66778	val_acc=0.37500	lr=0.00500	patience=1
[epoch 0100] train_loss=1.33397	train_acc=0.47917	val_loss=1.76080	val_acc=0.27083	lr=0.00063	patience=51
[early_stop] epoch=109 best_epoch=49 best_val_loss=1.64361
completed in 49.56s
[069/75] OK ds=ENZYMES model=GraphResGNN fold=3 time=69.2s
[epoch 0100] train_loss=1.43722	train_acc=0.40972	val_loss=1.57673	val_acc=0.33333	lr=0.00250	patience=10
[epoch 0150] train_loss=1.36698	train_acc=0.45139	val_loss=1.57776	val_acc=0.35417	lr=0.00031	patience=60
[early_stop] epoch=150 best_epoch=90 best_val_loss=1.54480
completed in 66.49s
[070/75] OK ds=ENZYMES model=GraphResGNN fold=2 time=90.9s
[epoch 0100] train_loss=1.57473	train_acc=0.35880	val_loss=1.65311	val_acc=0.31250	lr=0.00125	patience=0
[epoch 0150] train_loss=1.46256	train_acc=0.39352	val_loss=1.53665	val_acc=0.22917	lr=0.00125	patience=9
[epoch 0200] train_loss=1.43943	train_acc=0.42824	val_loss=1.52546	val_acc=0.37500	lr=0.00016	patience=18
completed in 88.24s
[071/75] OK ds=ENZYMES model=GraphCrossGNN fold=0 time=46.1s
[epoch 0001] train_loss=1.80180	train_acc=0.18056	val_loss=1.79287	val_acc=0.16667	lr=0.00300	patience=0
[epoch 0050] train_loss=1.64892	train_acc=0.30556	val_loss=2.74689	val_acc=0.25000	lr=0.00038	patience=49
[early_stop] epoch=81 best_epoch=1 best_val_loss=1.79287
completed in 43.44s
[072/75] OK ds=ENZYMES model=GraphCrossGNN fold=1 time=78.2s
[epoch 0050] train_loss=1.59940	train_acc=0.33565	val_loss=1.72084	val_acc=0.27083	lr=0.00150	patience=4
[epoch 0100] train_loss=1.55890	train_acc=0.35648	val_loss=1.71772	val_acc=0.27083	lr=0.00038	patience=40
[early_stop] epoch=140 best_epoch=60 best_val_loss=1.70294
completed in 75.49s
[073/75] OK ds=ENZYMES model=GraphCrossGNN fold=2 time=79.3s
[epoch 0050] train_loss=1.66650	train_acc=0.29398	val_loss=1.73473	val_acc=0.31250	lr=0.00300	patience=4
[epoch 0100] train_loss=1.58713	train_acc=0.33333	val_loss=1.70028	val_acc=0.35417	lr=0.00075	patience=35
[early_stop] epoch=145 best_epoch=65 best_val_loss=1.67578
completed in 76.64s
[074/75] OK ds=ENZYMES model=GraphCrossGNN fold=4 time=47.7s
[epoch 0001] train_loss=1.79824	train_acc=0.17593	val_loss=1.78987	val_acc=0.18750	lr=0.00300	patience=0
[epoch 0050] train_loss=1.62956	train_acc=0.30787	val_loss=1.79024	val_acc=0.33333	lr=0.00075	patience=40
[early_stop] epoch=90 best_epoch=10 best_val_loss=1.71454
completed in 45.00s
[075/75] OK ds=ENZYMES model=GraphCrossGNN fold=3 time=91.7s
[epoch 0150] train_loss=1.60311	train_acc=0.35185	val_loss=1.63437	val_acc=0.31250	lr=0.00150	patience=5
[epoch 0200] train_loss=1.54847	train_acc=0.37269	val_loss=1.57385	val_acc=0.39583	lr=0.00075	patience=26
[epoch 0240] train_loss=1.48318	train_acc=0.41898	val_loss=1.56461	val_acc=0.31250	lr=0.00038	patience=7
completed in 89.06s
all_done total_time=1708.8s
