[001/43] OK aids_supp_sens_lr_0p001 time=49.8s
[epoch 0001] train_loss=0.62644	train_acc=0.67222	val_loss=0.55243	val_acc=0.80000	lr=0.00100	patience=0	blocks.0.graph_gate=0.80000	blocks.1.graph_gate=0.80039	blocks.2.graph_gate=0.80043
[epoch 0050] train_loss=0.10664	train_acc=0.96458	val_loss=1.59141	val_acc=0.53750	lr=0.00025	patience=37	blocks.0.graph_gate=0.80000	blocks.1.graph_gate=0.80036	blocks.2.graph_gate=0.80260
[early_stop] epoch=73 best_epoch=13 best_val_loss=0.36104
completed in 45.48s
/home/xuelin/miniconda3/envs/pyg/lib/python3.11/site-packages/outdated/__init__.py:36: UserWarning: pkg_resources is deprecated as an API. See https://setuptools.pypa.io/en/latest/pkg_resources.html. The pkg_resources package is slated for removal as early as 2025-11-30. Refrain from using this package or pin to Setuptools<81.
  from pkg_resources import parse_version
[002/43] OK aids_supp_sens_lr_0p002 time=52.2s
[epoch 0001] train_loss=0.60728	train_acc=0.68750	val_loss=0.53377	val_acc=0.80000	lr=0.00200	patience=0	blocks.0.graph_gate=0.80000	blocks.1.graph_gate=0.79974	blocks.2.graph_gate=0.79982
[epoch 0050] train_loss=0.19318	train_acc=0.91944	val_loss=0.83491	val_acc=0.71875	lr=0.00050	patience=33	blocks.0.graph_gate=0.80000	blocks.1.graph_gate=0.79822	blocks.2.graph_gate=0.80292
[early_stop] epoch=77 best_epoch=17 best_val_loss=0.36897
completed in 47.80s
/home/xuelin/miniconda3/envs/pyg/lib/python3.11/site-packages/outdated/__init__.py:36: UserWarning: pkg_resources is deprecated as an API. See https://setuptools.pypa.io/en/latest/pkg_resources.html. The pkg_resources package is slated for removal as early as 2025-11-30. Refrain from using this package or pin to Setuptools<81.
  from pkg_resources import parse_version
[003/43] OK aids_supp_sens_lr_0p003 time=102.6s
[epoch 0100] train_loss=0.07582	train_acc=0.97361	val_loss=0.15333	val_acc=0.96250	lr=0.00150	patience=10	blocks.0.graph_gate=0.80000	blocks.1.graph_gate=0.79234	blocks.2.graph_gate=0.80098
[epoch 0150] train_loss=0.05086	train_acc=0.98472	val_loss=0.14933	val_acc=0.96250	lr=0.00038	patience=45	blocks.0.graph_gate=0.80000	blocks.1.graph_gate=0.79182	blocks.2.graph_gate=0.80078
[early_stop] epoch=165 best_epoch=105 best_val_loss=0.12306
completed in 98.20s
/home/xuelin/miniconda3/envs/pyg/lib/python3.11/site-packages/outdated/__init__.py:36: UserWarning: pkg_resources is deprecated as an API. See https://setuptools.pypa.io/en/latest/pkg_resources.html. The pkg_resources package is slated for removal as early as 2025-11-30. Refrain from using this package or pin to Setuptools<81.
  from pkg_resources import parse_version
[004/43] OK aids_supp_sens_lr_0p005 time=121.4s
[epoch 0100] train_loss=0.14221	train_acc=0.94653	val_loss=0.24383	val_acc=0.88750	lr=0.00500	patience=11	blocks.0.graph_gate=0.80000	blocks.1.graph_gate=0.77782	blocks.2.graph_gate=0.80372
[epoch 0150] train_loss=0.10403	train_acc=0.96597	val_loss=0.12612	val_acc=0.95625	lr=0.00125	patience=18	blocks.0.graph_gate=0.80000	blocks.1.graph_gate=0.77756	blocks.2.graph_gate=0.80402
[epoch 0200] train_loss=0.08096	train_acc=0.97431	val_loss=0.11578	val_acc=0.95000	lr=0.00125	patience=14	blocks.0.graph_gate=0.80000	blocks.1.graph_gate=0.77733	blocks.2.graph_gate=0.80339
completed in 117.03s
/home/xuelin/miniconda3/envs/pyg/lib/python3.11/site-packages/outdated/__init__.py:36: UserWarning: pkg_resources is deprecated as an API. See https://setuptools.pypa.io/en/latest/pkg_resources.html. The pkg_resources package is slated for removal as early as 2025-11-30. Refrain from using this package or pin to Setuptools<81.
  from pkg_resources import parse_version
[005/43] OK aids_supp_sens_drop_0p3 time=104.6s
[epoch 0100] train_loss=0.09219	train_acc=0.97014	val_loss=0.18030	val_acc=0.96250	lr=0.00250	patience=10	blocks.0.graph_gate=0.80000	blocks.1.graph_gate=0.78860	blocks.2.graph_gate=0.79360
[epoch 0150] train_loss=0.05693	train_acc=0.98472	val_loss=0.16334	val_acc=0.96250	lr=0.00031	patience=38	blocks.0.graph_gate=0.80000	blocks.1.graph_gate=0.78747	blocks.2.graph_gate=0.79265
[early_stop] epoch=172 best_epoch=112 best_val_loss=0.14053
completed in 100.19s
/home/xuelin/miniconda3/envs/pyg/lib/python3.11/site-packages/outdated/__init__.py:36: UserWarning: pkg_resources is deprecated as an API. See https://setuptools.pypa.io/en/latest/pkg_resources.html. The pkg_resources package is slated for removal as early as 2025-11-30. Refrain from using this package or pin to Setuptools<81.
  from pkg_resources import parse_version
[006/43] OK aids_supp_sens_drop_0p2 time=120.9s
[epoch 0100] train_loss=0.15797	train_acc=0.94167	val_loss=0.13266	val_acc=0.96250	lr=0.00250	patience=0	blocks.0.graph_gate=0.80000	blocks.1.graph_gate=0.78912	blocks.2.graph_gate=0.79372
[epoch 0150] train_loss=0.11311	train_acc=0.96319	val_loss=0.11096	val_acc=0.97500	lr=0.00125	patience=18	blocks.0.graph_gate=0.80000	blocks.1.graph_gate=0.78904	blocks.2.graph_gate=0.79423
[epoch 0200] train_loss=0.07578	train_acc=0.97292	val_loss=0.14796	val_acc=0.97500	lr=0.00031	patience=41	blocks.0.graph_gate=0.80000	blocks.1.graph_gate=0.78890	blocks.2.graph_gate=0.79504
completed in 116.41s
/home/xuelin/miniconda3/envs/pyg/lib/python3.11/site-packages/outdated/__init__.py:36: UserWarning: pkg_resources is deprecated as an API. See https://setuptools.pypa.io/en/latest/pkg_resources.html. The pkg_resources package is slated for removal as early as 2025-11-30. Refrain from using this package or pin to Setuptools<81.
  from pkg_resources import parse_version
[007/43] OK aids_supp_sens_drop_0p5 time=86.3s
[epoch 0050] train_loss=0.28924	train_acc=0.87569	val_loss=0.44559	val_acc=0.69375	lr=0.00500	patience=9	blocks.0.graph_gate=0.80000	blocks.1.graph_gate=0.78676	blocks.2.graph_gate=0.79755
[epoch 0100] train_loss=0.17401	train_acc=0.93333	val_loss=0.29204	val_acc=0.88750	lr=0.00250	patience=17	blocks.0.graph_gate=0.80000	blocks.1.graph_gate=0.77659	blocks.2.graph_gate=0.79483
[early_stop] epoch=143 best_epoch=83 best_val_loss=0.20350
completed in 82.17s
/home/xuelin/miniconda3/envs/pyg/lib/python3.11/site-packages/outdated/__init__.py:36: UserWarning: pkg_resources is deprecated as an API. See https://setuptools.pypa.io/en/latest/pkg_resources.html. The pkg_resources package is slated for removal as early as 2025-11-30. Refrain from using this package or pin to Setuptools<81.
  from pkg_resources import parse_version
[008/43] OK aids_supp_sens_drop_0p6 time=120.4s
[epoch 0100] train_loss=0.11377	train_acc=0.96389	val_loss=0.12719	val_acc=0.96875	lr=0.00500	patience=0	blocks.0.graph_gate=0.80000	blocks.1.graph_gate=0.77777	blocks.2.graph_gate=0.79303
[epoch 0150] train_loss=0.08898	train_acc=0.97431	val_loss=0.14540	val_acc=0.95000	lr=0.00250	patience=2	blocks.0.graph_gate=0.80000	blocks.1.graph_gate=0.77694	blocks.2.graph_gate=0.79226
[epoch 0200] train_loss=0.06819	train_acc=0.98264	val_loss=0.14309	val_acc=0.94375	lr=0.00031	patience=52	blocks.0.graph_gate=0.80000	blocks.1.graph_gate=0.77588	blocks.2.graph_gate=0.79224
completed in 116.24s
/home/xuelin/miniconda3/envs/pyg/lib/python3.11/site-packages/outdated/__init__.py:36: UserWarning: pkg_resources is deprecated as an API. See https://setuptools.pypa.io/en/latest/pkg_resources.html. The pkg_resources package is slated for removal as early as 2025-11-30. Refrain from using this package or pin to Setuptools<81.
  from pkg_resources import parse_version
[009/43] OK aids_supp_sens_weight_decay_1e-05 time=120.8s
[epoch 0100] train_loss=0.15362	train_acc=0.94444	val_loss=0.22036	val_acc=0.93750	lr=0.00500	patience=9	blocks.0.graph_gate=0.80000	blocks.1.graph_gate=0.78302	blocks.2.graph_gate=0.78874
[epoch 0150] train_loss=0.08832	train_acc=0.97153	val_loss=0.12418	val_acc=0.96875	lr=0.00250	patience=8	blocks.0.graph_gate=0.80000	blocks.1.graph_gate=0.78189	blocks.2.graph_gate=0.78589
[epoch 0200] train_loss=0.05487	train_acc=0.98194	val_loss=0.14117	val_acc=0.95625	lr=0.00063	patience=27	blocks.0.graph_gate=0.80000	blocks.1.graph_gate=0.78268	blocks.2.graph_gate=0.78790
completed in 116.59s
/home/xuelin/miniconda3/envs/pyg/lib/python3.11/site-packages/outdated/__init__.py:36: UserWarning: pkg_resources is deprecated as an API. See https://setuptools.pypa.io/en/latest/pkg_resources.html. The pkg_resources package is slated for removal as early as 2025-11-30. Refrain from using this package or pin to Setuptools<81.
  from pkg_resources import parse_version
[010/43] OK aids_supp_sens_weight_decay_5e-05 time=120.1s
[epoch 0100] train_loss=0.11508	train_acc=0.95486	val_loss=0.16782	val_acc=0.91875	lr=0.00250	patience=1	blocks.0.graph_gate=0.80000	blocks.1.graph_gate=0.77682	blocks.2.graph_gate=0.78582
[epoch 0150] train_loss=0.09524	train_acc=0.97222	val_loss=0.11652	val_acc=0.95000	lr=0.00063	patience=26	blocks.0.graph_gate=0.80000	blocks.1.graph_gate=0.77785	blocks.2.graph_gate=0.78787
[epoch 0200] train_loss=0.09030	train_acc=0.97083	val_loss=0.10251	val_acc=0.95000	lr=0.00016	patience=7	blocks.0.graph_gate=0.80000	blocks.1.graph_gate=0.77848	blocks.2.graph_gate=0.78875
completed in 115.76s
/home/xuelin/miniconda3/envs/pyg/lib/python3.11/site-packages/outdated/__init__.py:36: UserWarning: pkg_resources is deprecated as an API. See https://setuptools.pypa.io/en/latest/pkg_resources.html. The pkg_resources package is slated for removal as early as 2025-11-30. Refrain from using this package or pin to Setuptools<81.
  from pkg_resources import parse_version
[011/43] OK aids_supp_sens_weight_decay_0p0001 time=104.8s
[epoch 0100] train_loss=0.17159	train_acc=0.93194	val_loss=0.17936	val_acc=0.89375	lr=0.00500	patience=14	blocks.0.graph_gate=0.80000	blocks.1.graph_gate=0.77904	blocks.2.graph_gate=0.80125
[epoch 0150] train_loss=0.10907	train_acc=0.95903	val_loss=0.18099	val_acc=0.93125	lr=0.00063	patience=36	blocks.0.graph_gate=0.80000	blocks.1.graph_gate=0.77975	blocks.2.graph_gate=0.80906
[early_stop] epoch=174 best_epoch=114 best_val_loss=0.16325
completed in 100.52s
/home/xuelin/miniconda3/envs/pyg/lib/python3.11/site-packages/outdated/__init__.py:36: UserWarning: pkg_resources is deprecated as an API. See https://setuptools.pypa.io/en/latest/pkg_resources.html. The pkg_resources package is slated for removal as early as 2025-11-30. Refrain from using this package or pin to Setuptools<81.
  from pkg_resources import parse_version
[012/43] OK aids_supp_sens_h_layer_2 time=76.6s
[epoch 0100] train_loss=0.08948	train_acc=0.96458	val_loss=0.15912	val_acc=0.94375	lr=0.00250	patience=6	blocks.0.graph_gate=0.80000	blocks.1.graph_gate=0.78931	blocks.2.graph_gate=0.78683
[epoch 0150] train_loss=0.06984	train_acc=0.97500	val_loss=0.16485	val_acc=0.96250	lr=0.00063	patience=36	blocks.0.graph_gate=0.80000	blocks.1.graph_gate=0.78883	blocks.2.graph_gate=0.78624
[early_stop] epoch=174 best_epoch=114 best_val_loss=0.10344
completed in 72.59s
/home/xuelin/miniconda3/envs/pyg/lib/python3.11/site-packages/outdated/__init__.py:36: UserWarning: pkg_resources is deprecated as an API. See https://setuptools.pypa.io/en/latest/pkg_resources.html. The pkg_resources package is slated for removal as early as 2025-11-30. Refrain from using this package or pin to Setuptools<81.
  from pkg_resources import parse_version
[013/43] OK aids_supp_sens_weight_decay_0p0005 time=121.2s
[epoch 0100] train_loss=0.16439	train_acc=0.94097	val_loss=0.19287	val_acc=0.91875	lr=0.00250	patience=2	blocks.0.graph_gate=0.80000	blocks.1.graph_gate=0.77191	blocks.2.graph_gate=0.77282
[epoch 0150] train_loss=0.11411	train_acc=0.95764	val_loss=0.13514	val_acc=0.95625	lr=0.00125	patience=5	blocks.0.graph_gate=0.80000	blocks.1.graph_gate=0.76924	blocks.2.graph_gate=0.76746
[epoch 0200] train_loss=0.09167	train_acc=0.96458	val_loss=0.12890	val_acc=0.97500	lr=0.00016	patience=33	blocks.0.graph_gate=0.80000	blocks.1.graph_gate=0.76907	blocks.2.graph_gate=0.76677
completed in 116.71s
/home/xuelin/miniconda3/envs/pyg/lib/python3.11/site-packages/outdated/__init__.py:36: UserWarning: pkg_resources is deprecated as an API. See https://setuptools.pypa.io/en/latest/pkg_resources.html. The pkg_resources package is slated for removal as early as 2025-11-30. Refrain from using this package or pin to Setuptools<81.
  from pkg_resources import parse_version
[014/43] OK aids_supp_sens_h_layer_3 time=85.1s
[epoch 0100] train_loss=0.13043	train_acc=0.94653	val_loss=0.34645	val_acc=0.81250	lr=0.00125	patience=17	blocks.0.graph_gate=0.80000	blocks.1.graph_gate=0.79657	blocks.2.graph_gate=0.80061
[epoch 0150] train_loss=0.07685	train_acc=0.97431	val_loss=0.25636	val_acc=0.90625	lr=0.00016	patience=49	blocks.0.graph_gate=0.80000	blocks.1.graph_gate=0.79736	blocks.2.graph_gate=0.80213
[early_stop] epoch=161 best_epoch=101 best_val_loss=0.20093
completed in 80.68s
/home/xuelin/miniconda3/envs/pyg/lib/python3.11/site-packages/outdated/__init__.py:36: UserWarning: pkg_resources is deprecated as an API. See https://setuptools.pypa.io/en/latest/pkg_resources.html. The pkg_resources package is slated for removal as early as 2025-11-30. Refrain from using this package or pin to Setuptools<81.
  from pkg_resources import parse_version
[015/43] OK aids_supp_sens_h_layer_4 time=84.3s
[epoch 0050] train_loss=0.25955	train_acc=0.88056	val_loss=0.37348	val_acc=0.80625	lr=0.00250	patience=10	blocks.0.graph_gate=0.80000	blocks.1.graph_gate=0.79021	blocks.2.graph_gate=0.79807
[epoch 0100] train_loss=0.16816	train_acc=0.93194	val_loss=0.29941	val_acc=0.83750	lr=0.00125	patience=23	blocks.0.graph_gate=0.80000	blocks.1.graph_gate=0.78659	blocks.2.graph_gate=0.80107
[early_stop] epoch=137 best_epoch=77 best_val_loss=0.19968
completed in 80.18s
/home/xuelin/miniconda3/envs/pyg/lib/python3.11/site-packages/outdated/__init__.py:36: UserWarning: pkg_resources is deprecated as an API. See https://setuptools.pypa.io/en/latest/pkg_resources.html. The pkg_resources package is slated for removal as early as 2025-11-30. Refrain from using this package or pin to Setuptools<81.
  from pkg_resources import parse_version
[016/43] OK aids_supp_sens_h_layer_5 time=49.1s
[epoch 0001] train_loss=0.60280	train_acc=0.80000	val_loss=0.51769	val_acc=0.80000	lr=0.00500	patience=0	blocks.0.graph_gate=0.80000	blocks.1.graph_gate=0.79952	blocks.2.graph_gate=0.79959
[epoch 0050] train_loss=0.25318	train_acc=0.87986	val_loss=0.62675	val_acc=0.71875	lr=0.00125	patience=40	blocks.0.graph_gate=0.80000	blocks.1.graph_gate=0.79240	blocks.2.graph_gate=0.80388
[early_stop] epoch=70 best_epoch=10 best_val_loss=0.40197
completed in 44.60s
/home/xuelin/miniconda3/envs/pyg/lib/python3.11/site-packages/outdated/__init__.py:36: UserWarning: pkg_resources is deprecated as an API. See https://setuptools.pypa.io/en/latest/pkg_resources.html. The pkg_resources package is slated for removal as early as 2025-11-30. Refrain from using this package or pin to Setuptools<81.
  from pkg_resources import parse_version
[017/43] OK aids_supp_sens_gate_init_0p2 time=46.4s
[epoch 0001] train_loss=0.61470	train_acc=0.68750	val_loss=0.54447	val_acc=0.80000	lr=0.00500	patience=0	blocks.0.graph_gate=0.20000	blocks.1.graph_gate=0.20019	blocks.2.graph_gate=0.20046
[epoch 0050] train_loss=0.27594	train_acc=0.87014	val_loss=0.67328	val_acc=0.68125	lr=0.00125	patience=42	blocks.0.graph_gate=0.20000	blocks.1.graph_gate=0.20159	blocks.2.graph_gate=0.19702
[early_stop] epoch=68 best_epoch=8 best_val_loss=0.39547
completed in 42.28s
/home/xuelin/miniconda3/envs/pyg/lib/python3.11/site-packages/outdated/__init__.py:36: UserWarning: pkg_resources is deprecated as an API. See https://setuptools.pypa.io/en/latest/pkg_resources.html. The pkg_resources package is slated for removal as early as 2025-11-30. Refrain from using this package or pin to Setuptools<81.
  from pkg_resources import parse_version
[018/43] OK aids_supp_sens_dim_128 time=81.0s
[epoch 0050] train_loss=0.20990	train_acc=0.90972	val_loss=0.18570	val_acc=0.93125	lr=0.00500	patience=0	blocks.0.graph_gate=0.80000	blocks.1.graph_gate=0.78004	blocks.2.graph_gate=0.79766
[epoch 0100] train_loss=0.09700	train_acc=0.97083	val_loss=0.11384	val_acc=0.98125	lr=0.00250	patience=31	blocks.0.graph_gate=0.80000	blocks.1.graph_gate=0.77604	blocks.2.graph_gate=0.79797
[early_stop] epoch=129 best_epoch=69 best_val_loss=0.08800
completed in 76.80s
/home/xuelin/miniconda3/envs/pyg/lib/python3.11/site-packages/outdated/__init__.py:36: UserWarning: pkg_resources is deprecated as an API. See https://setuptools.pypa.io/en/latest/pkg_resources.html. The pkg_resources package is slated for removal as early as 2025-11-30. Refrain from using this package or pin to Setuptools<81.
  from pkg_resources import parse_version
[019/43] OK aids_supp_sens_dim_64 time=88.4s
[epoch 0050] train_loss=0.27887	train_acc=0.87986	val_loss=0.49620	val_acc=0.73750	lr=0.00500	patience=7	blocks.0.graph_gate=0.80000	blocks.1.graph_gate=0.78840	blocks.2.graph_gate=0.79971
[epoch 0100] train_loss=0.15955	train_acc=0.93958	val_loss=0.54869	val_acc=0.74375	lr=0.00063	patience=17	blocks.0.graph_gate=0.80000	blocks.1.graph_gate=0.78293	blocks.2.graph_gate=0.80069
[early_stop] epoch=143 best_epoch=83 best_val_loss=0.31210
completed in 84.19s
/home/xuelin/miniconda3/envs/pyg/lib/python3.11/site-packages/outdated/__init__.py:36: UserWarning: pkg_resources is deprecated as an API. See https://setuptools.pypa.io/en/latest/pkg_resources.html. The pkg_resources package is slated for removal as early as 2025-11-30. Refrain from using this package or pin to Setuptools<81.
  from pkg_resources import parse_version
[020/43] OK aids_supp_sens_dim_32 time=106.0s
[epoch 0100] train_loss=0.14149	train_acc=0.94861	val_loss=0.14247	val_acc=0.95625	lr=0.00500	patience=8	blocks.0.graph_gate=0.80000	blocks.1.graph_gate=0.78040	blocks.2.graph_gate=0.79543
[epoch 0150] train_loss=0.07485	train_acc=0.97917	val_loss=0.13344	val_acc=0.96875	lr=0.00125	patience=36	blocks.0.graph_gate=0.80000	blocks.1.graph_gate=0.77672	blocks.2.graph_gate=0.79434
[early_stop] epoch=174 best_epoch=114 best_val_loss=0.08229
completed in 101.49s
/home/xuelin/miniconda3/envs/pyg/lib/python3.11/site-packages/outdated/__init__.py:36: UserWarning: pkg_resources is deprecated as an API. See https://setuptools.pypa.io/en/latest/pkg_resources.html. The pkg_resources package is slated for removal as early as 2025-11-30. Refrain from using this package or pin to Setuptools<81.
  from pkg_resources import parse_version
[021/43] OK aids_supp_sens_gate_init_0p5 time=90.8s
[epoch 0050] train_loss=0.26582	train_acc=0.88472	val_loss=0.37137	val_acc=0.76250	lr=0.00500	patience=6	blocks.0.graph_gate=0.50000	blocks.1.graph_gate=0.48507	blocks.2.graph_gate=0.48602
[epoch 0100] train_loss=0.13425	train_acc=0.95000	val_loss=0.22380	val_acc=0.91250	lr=0.00250	patience=12	blocks.0.graph_gate=0.50000	blocks.1.graph_gate=0.47404	blocks.2.graph_gate=0.47345
[early_stop] epoch=148 best_epoch=88 best_val_loss=0.18684
completed in 86.59s
/home/xuelin/miniconda3/envs/pyg/lib/python3.11/site-packages/outdated/__init__.py:36: UserWarning: pkg_resources is deprecated as an API. See https://setuptools.pypa.io/en/latest/pkg_resources.html. The pkg_resources package is slated for removal as early as 2025-11-30. Refrain from using this package or pin to Setuptools<81.
  from pkg_resources import parse_version
[022/43] OK aids_supp_sens_gate_init_0p8 time=93.0s
[epoch 0100] train_loss=0.14553	train_acc=0.94792	val_loss=0.17037	val_acc=0.95000	lr=0.00500	patience=9	blocks.0.graph_gate=0.80000	blocks.1.graph_gate=0.77718	blocks.2.graph_gate=0.79299
[epoch 0150] train_loss=0.07799	train_acc=0.97500	val_loss=0.14886	val_acc=0.96875	lr=0.00063	patience=59	blocks.0.graph_gate=0.80000	blocks.1.graph_gate=0.77708	blocks.2.graph_gate=0.79545
[early_stop] epoch=151 best_epoch=91 best_val_loss=0.11870
completed in 88.79s
/home/xuelin/miniconda3/envs/pyg/lib/python3.11/site-packages/outdated/__init__.py:36: UserWarning: pkg_resources is deprecated as an API. See https://setuptools.pypa.io/en/latest/pkg_resources.html. The pkg_resources package is slated for removal as early as 2025-11-30. Refrain from using this package or pin to Setuptools<81.
  from pkg_resources import parse_version
[023/43] OK learnable_fold0 time=97.1s
[epoch 0100] train_loss=0.14402	train_acc=0.94792	val_loss=0.20858	val_acc=0.92500	lr=0.00500	patience=2	blocks.0.graph_gate=0.80000	blocks.1.graph_gate=0.77934	blocks.2.graph_gate=0.79208
[epoch 0150] train_loss=0.08304	train_acc=0.97292	val_loss=0.13423	val_acc=0.96875	lr=0.00063	patience=52	blocks.0.graph_gate=0.80000	blocks.1.graph_gate=0.77737	blocks.2.graph_gate=0.79203
[early_stop] epoch=158 best_epoch=98 best_val_loss=0.09363
completed in 92.56s
/home/xuelin/miniconda3/envs/pyg/lib/python3.11/site-packages/outdated/__init__.py:36: UserWarning: pkg_resources is deprecated as an API. See https://setuptools.pypa.io/en/latest/pkg_resources.html. The pkg_resources package is slated for removal as early as 2025-11-30. Refrain from using this package or pin to Setuptools<81.
  from pkg_resources import parse_version
[024/43] OK aids_supp_sens_gate_init_0p95 time=120.0s
[epoch 0100] train_loss=0.11642	train_acc=0.96111	val_loss=0.15176	val_acc=0.96250	lr=0.00250	patience=21	blocks.0.graph_gate=0.95000	blocks.1.graph_gate=0.93209	blocks.2.graph_gate=0.92328
[epoch 0150] train_loss=0.08543	train_acc=0.97292	val_loss=0.10247	val_acc=0.98125	lr=0.00125	patience=3	blocks.0.graph_gate=0.95000	blocks.1.graph_gate=0.93108	blocks.2.graph_gate=0.92020
[epoch 0200] train_loss=0.07441	train_acc=0.97222	val_loss=0.09098	val_acc=0.98125	lr=0.00016	patience=53	blocks.0.graph_gate=0.95000	blocks.1.graph_gate=0.93065	blocks.2.graph_gate=0.91899
completed in 115.85s
/home/xuelin/miniconda3/envs/pyg/lib/python3.11/site-packages/outdated/__init__.py:36: UserWarning: pkg_resources is deprecated as an API. See https://setuptools.pypa.io/en/latest/pkg_resources.html. The pkg_resources package is slated for removal as early as 2025-11-30. Refrain from using this package or pin to Setuptools<81.
  from pkg_resources import parse_version
[025/43] OK fixed_0p0_fold0 time=87.7s
[epoch 0050] train_loss=0.24768	train_acc=0.89861	val_loss=0.26074	val_acc=0.88750	lr=0.00500	patience=2	blocks.0.graph_gate=0.00000	blocks.1.graph_gate=0.00000	blocks.2.graph_gate=0.00000
[epoch 0100] train_loss=0.18120	train_acc=0.94653	val_loss=0.21330	val_acc=0.90000	lr=0.00500	patience=13	blocks.0.graph_gate=0.00000	blocks.1.graph_gate=0.00000	blocks.2.graph_gate=0.00000
[early_stop] epoch=147 best_epoch=87 best_val_loss=0.13286
completed in 83.41s
/home/xuelin/miniconda3/envs/pyg/lib/python3.11/site-packages/outdated/__init__.py:36: UserWarning: pkg_resources is deprecated as an API. See https://setuptools.pypa.io/en/latest/pkg_resources.html. The pkg_resources package is slated for removal as early as 2025-11-30. Refrain from using this package or pin to Setuptools<81.
  from pkg_resources import parse_version
[026/43] OK fixed_0p5_fold0 time=117.9s
[epoch 0100] train_loss=0.11468	train_acc=0.96319	val_loss=0.16920	val_acc=0.95625	lr=0.00250	patience=21	blocks.0.graph_gate=0.50000	blocks.1.graph_gate=0.50000	blocks.2.graph_gate=0.50000
[epoch 0150] train_loss=0.05725	train_acc=0.98472	val_loss=0.15906	val_acc=0.96250	lr=0.00063	patience=6	blocks.0.graph_gate=0.50000	blocks.1.graph_gate=0.50000	blocks.2.graph_gate=0.50000
[epoch 0200] train_loss=0.05340	train_acc=0.98333	val_loss=0.16747	val_acc=0.95625	lr=0.00008	patience=56	blocks.0.graph_gate=0.50000	blocks.1.graph_gate=0.50000	blocks.2.graph_gate=0.50000
completed in 113.58s
/home/xuelin/miniconda3/envs/pyg/lib/python3.11/site-packages/outdated/__init__.py:36: UserWarning: pkg_resources is deprecated as an API. See https://setuptools.pypa.io/en/latest/pkg_resources.html. The pkg_resources package is slated for removal as early as 2025-11-30. Refrain from using this package or pin to Setuptools<81.
  from pkg_resources import parse_version
[027/43] OK learnable_fold1 time=88.6s
[epoch 0050] train_loss=0.24697	train_acc=0.89931	val_loss=0.39214	val_acc=0.80625	lr=0.00250	patience=1	blocks.0.graph_gate=0.80000	blocks.1.graph_gate=0.78979	blocks.2.graph_gate=0.79575
[epoch 0100] train_loss=0.11415	train_acc=0.96528	val_loss=0.16512	val_acc=0.96875	lr=0.00125	patience=16	blocks.0.graph_gate=0.80000	blocks.1.graph_gate=0.78822	blocks.2.graph_gate=0.79822
[early_stop] epoch=144 best_epoch=84 best_val_loss=0.15140
completed in 84.44s
/home/xuelin/miniconda3/envs/pyg/lib/python3.11/site-packages/outdated/__init__.py:36: UserWarning: pkg_resources is deprecated as an API. See https://setuptools.pypa.io/en/latest/pkg_resources.html. The pkg_resources package is slated for removal as early as 2025-11-30. Refrain from using this package or pin to Setuptools<81.
  from pkg_resources import parse_version
[028/43] OK fixed_1p0_fold0 time=108.7s
[epoch 0100] train_loss=0.10409	train_acc=0.96736	val_loss=0.08385	val_acc=0.98750	lr=0.00250	patience=0	blocks.0.graph_gate=1.00000	blocks.1.graph_gate=1.00000	blocks.2.graph_gate=1.00000
[epoch 0150] train_loss=0.06541	train_acc=0.97778	val_loss=0.08605	val_acc=0.98125	lr=0.00125	patience=29	blocks.0.graph_gate=1.00000	blocks.1.graph_gate=1.00000	blocks.2.graph_gate=1.00000
[early_stop] epoch=181 best_epoch=121 best_val_loss=0.06870
completed in 104.39s
/home/xuelin/miniconda3/envs/pyg/lib/python3.11/site-packages/outdated/__init__.py:36: UserWarning: pkg_resources is deprecated as an API. See https://setuptools.pypa.io/en/latest/pkg_resources.html. The pkg_resources package is slated for removal as early as 2025-11-30. Refrain from using this package or pin to Setuptools<81.
  from pkg_resources import parse_version
[029/43] OK fixed_0p0_fold1 time=75.7s
[epoch 0050] train_loss=0.28451	train_acc=0.88194	val_loss=0.42450	val_acc=0.81875	lr=0.00500	patience=4	blocks.0.graph_gate=0.00000	blocks.1.graph_gate=0.00000	blocks.2.graph_gate=0.00000
[epoch 0100] train_loss=0.15731	train_acc=0.94722	val_loss=0.37255	val_acc=0.90000	lr=0.00125	patience=33	blocks.0.graph_gate=0.00000	blocks.1.graph_gate=0.00000	blocks.2.graph_gate=0.00000
[early_stop] epoch=127 best_epoch=67 best_val_loss=0.30157
completed in 71.60s
/home/xuelin/miniconda3/envs/pyg/lib/python3.11/site-packages/outdated/__init__.py:36: UserWarning: pkg_resources is deprecated as an API. See https://setuptools.pypa.io/en/latest/pkg_resources.html. The pkg_resources package is slated for removal as early as 2025-11-30. Refrain from using this package or pin to Setuptools<81.
  from pkg_resources import parse_version
[030/43] OK fixed_1p0_fold1 time=77.2s
[epoch 0050] train_loss=0.20225	train_acc=0.92917	val_loss=0.17215	val_acc=0.92500	lr=0.00500	patience=0	blocks.0.graph_gate=1.00000	blocks.1.graph_gate=1.00000	blocks.2.graph_gate=1.00000
[epoch 0100] train_loss=0.07844	train_acc=0.97708	val_loss=0.20568	val_acc=0.95625	lr=0.00125	patience=36	blocks.0.graph_gate=1.00000	blocks.1.graph_gate=1.00000	blocks.2.graph_gate=1.00000
[early_stop] epoch=124 best_epoch=64 best_val_loss=0.13705
completed in 72.71s
/home/xuelin/miniconda3/envs/pyg/lib/python3.11/site-packages/outdated/__init__.py:36: UserWarning: pkg_resources is deprecated as an API. See https://setuptools.pypa.io/en/latest/pkg_resources.html. The pkg_resources package is slated for removal as early as 2025-11-30. Refrain from using this package or pin to Setuptools<81.
  from pkg_resources import parse_version
[031/43] OK learnable_fold2 time=82.8s
[epoch 0050] train_loss=0.28022	train_acc=0.89583	val_loss=0.34125	val_acc=0.90000	lr=0.00500	patience=2	blocks.0.graph_gate=0.80000	blocks.1.graph_gate=0.79086	blocks.2.graph_gate=0.79329
[epoch 0100] train_loss=0.11585	train_acc=0.96458	val_loss=0.23592	val_acc=0.93125	lr=0.00250	patience=28	blocks.0.graph_gate=0.80000	blocks.1.graph_gate=0.78651	blocks.2.graph_gate=0.78930
[early_stop] epoch=132 best_epoch=72 best_val_loss=0.16769
completed in 78.40s
/home/xuelin/miniconda3/envs/pyg/lib/python3.11/site-packages/outdated/__init__.py:36: UserWarning: pkg_resources is deprecated as an API. See https://setuptools.pypa.io/en/latest/pkg_resources.html. The pkg_resources package is slated for removal as early as 2025-11-30. Refrain from using this package or pin to Setuptools<81.
  from pkg_resources import parse_version
[032/43] OK fixed_0p5_fold1 time=91.9s
[epoch 0100] train_loss=0.14489	train_acc=0.95347	val_loss=0.14230	val_acc=0.95000	lr=0.00250	patience=7	blocks.0.graph_gate=0.50000	blocks.1.graph_gate=0.50000	blocks.2.graph_gate=0.50000
[epoch 0150] train_loss=0.08324	train_acc=0.97083	val_loss=0.20534	val_acc=0.95625	lr=0.00031	patience=57	blocks.0.graph_gate=0.50000	blocks.1.graph_gate=0.50000	blocks.2.graph_gate=0.50000
[early_stop] epoch=153 best_epoch=93 best_val_loss=0.14007
completed in 87.56s
/home/xuelin/miniconda3/envs/pyg/lib/python3.11/site-packages/outdated/__init__.py:36: UserWarning: pkg_resources is deprecated as an API. See https://setuptools.pypa.io/en/latest/pkg_resources.html. The pkg_resources package is slated for removal as early as 2025-11-30. Refrain from using this package or pin to Setuptools<81.
  from pkg_resources import parse_version
[033/43] OK fixed_0p0_fold2 time=83.1s
[epoch 0050] train_loss=0.22855	train_acc=0.91250	val_loss=0.27814	val_acc=0.89375	lr=0.00500	patience=0	blocks.0.graph_gate=0.00000	blocks.1.graph_gate=0.00000	blocks.2.graph_gate=0.00000
[epoch 0100] train_loss=0.10725	train_acc=0.96736	val_loss=0.27191	val_acc=0.95625	lr=0.00250	patience=22	blocks.0.graph_gate=0.00000	blocks.1.graph_gate=0.00000	blocks.2.graph_gate=0.00000
[early_stop] epoch=138 best_epoch=78 best_val_loss=0.18423
completed in 78.86s
/home/xuelin/miniconda3/envs/pyg/lib/python3.11/site-packages/outdated/__init__.py:36: UserWarning: pkg_resources is deprecated as an API. See https://setuptools.pypa.io/en/latest/pkg_resources.html. The pkg_resources package is slated for removal as early as 2025-11-30. Refrain from using this package or pin to Setuptools<81.
  from pkg_resources import parse_version
[034/43] OK fixed_1p0_fold2 time=81.2s
[epoch 0050] train_loss=0.22774	train_acc=0.89583	val_loss=0.40049	val_acc=0.75625	lr=0.00500	patience=5	blocks.0.graph_gate=1.00000	blocks.1.graph_gate=1.00000	blocks.2.graph_gate=1.00000
[epoch 0100] train_loss=0.12590	train_acc=0.94861	val_loss=0.27913	val_acc=0.86875	lr=0.00125	patience=29	blocks.0.graph_gate=1.00000	blocks.1.graph_gate=1.00000	blocks.2.graph_gate=1.00000
[early_stop] epoch=131 best_epoch=71 best_val_loss=0.20430
completed in 76.78s
/home/xuelin/miniconda3/envs/pyg/lib/python3.11/site-packages/outdated/__init__.py:36: UserWarning: pkg_resources is deprecated as an API. See https://setuptools.pypa.io/en/latest/pkg_resources.html. The pkg_resources package is slated for removal as early as 2025-11-30. Refrain from using this package or pin to Setuptools<81.
  from pkg_resources import parse_version
[035/43] OK fixed_0p5_fold2 time=92.2s
[epoch 0100] train_loss=0.14510	train_acc=0.95139	val_loss=0.37688	val_acc=0.80625	lr=0.00125	patience=7	blocks.0.graph_gate=0.50000	blocks.1.graph_gate=0.50000	blocks.2.graph_gate=0.50000
[epoch 0150] train_loss=0.10430	train_acc=0.96042	val_loss=0.28356	val_acc=0.87500	lr=0.00016	patience=57	blocks.0.graph_gate=0.50000	blocks.1.graph_gate=0.50000	blocks.2.graph_gate=0.50000
[early_stop] epoch=153 best_epoch=93 best_val_loss=0.20883
completed in 87.82s
/home/xuelin/miniconda3/envs/pyg/lib/python3.11/site-packages/outdated/__init__.py:36: UserWarning: pkg_resources is deprecated as an API. See https://setuptools.pypa.io/en/latest/pkg_resources.html. The pkg_resources package is slated for removal as early as 2025-11-30. Refrain from using this package or pin to Setuptools<81.
  from pkg_resources import parse_version
[036/43] OK fixed_0p0_fold3 time=79.3s
[epoch 0050] train_loss=0.29538	train_acc=0.88958	val_loss=0.29202	val_acc=0.86875	lr=0.00500	patience=0	blocks.0.graph_gate=0.00000	blocks.1.graph_gate=0.00000	blocks.2.graph_gate=0.00000
[epoch 0100] train_loss=0.14374	train_acc=0.94792	val_loss=0.37475	val_acc=0.90625	lr=0.00250	patience=30	blocks.0.graph_gate=0.00000	blocks.1.graph_gate=0.00000	blocks.2.graph_gate=0.00000
[early_stop] epoch=130 best_epoch=70 best_val_loss=0.24685
completed in 74.96s
/home/xuelin/miniconda3/envs/pyg/lib/python3.11/site-packages/outdated/__init__.py:36: UserWarning: pkg_resources is deprecated as an API. See https://setuptools.pypa.io/en/latest/pkg_resources.html. The pkg_resources package is slated for removal as early as 2025-11-30. Refrain from using this package or pin to Setuptools<81.
  from pkg_resources import parse_version
[037/43] OK learnable_fold3 time=119.5s
[epoch 0100] train_loss=0.10964	train_acc=0.96181	val_loss=0.17370	val_acc=0.93125	lr=0.00250	patience=10	blocks.0.graph_gate=0.80000	blocks.1.graph_gate=0.78503	blocks.2.graph_gate=0.79033
[epoch 0150] train_loss=0.10808	train_acc=0.96597	val_loss=0.14442	val_acc=0.95000	lr=0.00250	patience=4	blocks.0.graph_gate=0.80000	blocks.1.graph_gate=0.78567	blocks.2.graph_gate=0.79404
[epoch 0200] train_loss=0.07652	train_acc=0.97569	val_loss=0.12512	val_acc=0.95625	lr=0.00125	patience=14	blocks.0.graph_gate=0.80000	blocks.1.graph_gate=0.78580	blocks.2.graph_gate=0.79752
completed in 115.38s
/home/xuelin/miniconda3/envs/pyg/lib/python3.11/site-packages/outdated/__init__.py:36: UserWarning: pkg_resources is deprecated as an API. See https://setuptools.pypa.io/en/latest/pkg_resources.html. The pkg_resources package is slated for removal as early as 2025-11-30. Refrain from using this package or pin to Setuptools<81.
  from pkg_resources import parse_version
[038/43] OK fixed_1p0_fold3 time=99.5s
[epoch 0100] train_loss=0.15626	train_acc=0.94722	val_loss=0.17546	val_acc=0.93125	lr=0.00250	patience=14	blocks.0.graph_gate=1.00000	blocks.1.graph_gate=1.00000	blocks.2.graph_gate=1.00000
[epoch 0150] train_loss=0.09050	train_acc=0.97292	val_loss=0.13655	val_acc=0.94375	lr=0.00031	patience=26	blocks.0.graph_gate=1.00000	blocks.1.graph_gate=1.00000	blocks.2.graph_gate=1.00000
[early_stop] epoch=184 best_epoch=124 best_val_loss=0.10415
completed in 95.32s
/home/xuelin/miniconda3/envs/pyg/lib/python3.11/site-packages/outdated/__init__.py:36: UserWarning: pkg_resources is deprecated as an API. See https://setuptools.pypa.io/en/latest/pkg_resources.html. The pkg_resources package is slated for removal as early as 2025-11-30. Refrain from using this package or pin to Setuptools<81.
  from pkg_resources import parse_version
[039/43] OK learnable_fold4 time=77.5s
[epoch 0050] train_loss=0.22500	train_acc=0.90694	val_loss=0.34770	val_acc=0.82500	lr=0.00500	patience=12	blocks.0.graph_gate=0.80000	blocks.1.graph_gate=0.78760	blocks.2.graph_gate=0.79546
[epoch 0100] train_loss=0.15298	train_acc=0.94444	val_loss=0.36776	val_acc=0.79375	lr=0.00125	patience=19	blocks.0.graph_gate=0.80000	blocks.1.graph_gate=0.78697	blocks.2.graph_gate=0.79814
[early_stop] epoch=141 best_epoch=81 best_val_loss=0.22628
completed in 73.26s
/home/xuelin/miniconda3/envs/pyg/lib/python3.11/site-packages/outdated/__init__.py:36: UserWarning: pkg_resources is deprecated as an API. See https://setuptools.pypa.io/en/latest/pkg_resources.html. The pkg_resources package is slated for removal as early as 2025-11-30. Refrain from using this package or pin to Setuptools<81.
  from pkg_resources import parse_version
[040/43] OK fixed_0p5_fold3 time=107.4s
[epoch 0100] train_loss=0.14172	train_acc=0.94583	val_loss=0.20112	val_acc=0.91875	lr=0.00125	patience=2	blocks.0.graph_gate=0.50000	blocks.1.graph_gate=0.50000	blocks.2.graph_gate=0.50000
[epoch 0150] train_loss=0.14675	train_acc=0.94236	val_loss=0.15745	val_acc=0.94375	lr=0.00125	patience=15	blocks.0.graph_gate=0.50000	blocks.1.graph_gate=0.50000	blocks.2.graph_gate=0.50000
[epoch 0200] train_loss=0.10893	train_acc=0.95833	val_loss=0.11524	val_acc=0.96875	lr=0.00016	patience=28	blocks.0.graph_gate=0.50000	blocks.1.graph_gate=0.50000	blocks.2.graph_gate=0.50000
completed in 103.18s
/home/xuelin/miniconda3/envs/pyg/lib/python3.11/site-packages/outdated/__init__.py:36: UserWarning: pkg_resources is deprecated as an API. See https://setuptools.pypa.io/en/latest/pkg_resources.html. The pkg_resources package is slated for removal as early as 2025-11-30. Refrain from using this package or pin to Setuptools<81.
  from pkg_resources import parse_version
[041/43] OK fixed_0p0_fold4 time=81.6s
[epoch 0100] train_loss=0.15103	train_acc=0.94861	val_loss=0.28784	val_acc=0.93750	lr=0.00500	patience=5	blocks.0.graph_gate=0.00000	blocks.1.graph_gate=0.00000	blocks.2.graph_gate=0.00000
[epoch 0150] train_loss=0.09560	train_acc=0.96736	val_loss=0.33336	val_acc=0.95000	lr=0.00125	patience=39	blocks.0.graph_gate=0.00000	blocks.1.graph_gate=0.00000	blocks.2.graph_gate=0.00000
[early_stop] epoch=171 best_epoch=111 best_val_loss=0.16846
completed in 77.67s
/home/xuelin/miniconda3/envs/pyg/lib/python3.11/site-packages/outdated/__init__.py:36: UserWarning: pkg_resources is deprecated as an API. See https://setuptools.pypa.io/en/latest/pkg_resources.html. The pkg_resources package is slated for removal as early as 2025-11-30. Refrain from using this package or pin to Setuptools<81.
  from pkg_resources import parse_version
[042/43] OK fixed_1p0_fold4 time=56.2s
[epoch 0100] train_loss=0.11938	train_acc=0.96181	val_loss=0.22705	val_acc=0.86250	lr=0.00250	patience=7	blocks.0.graph_gate=1.00000	blocks.1.graph_gate=1.00000	blocks.2.graph_gate=1.00000
[epoch 0150] train_loss=0.10734	train_acc=0.96597	val_loss=0.08586	val_acc=0.98750	lr=0.00125	patience=23	blocks.0.graph_gate=1.00000	blocks.1.graph_gate=1.00000	blocks.2.graph_gate=1.00000
[early_stop] epoch=187 best_epoch=127 best_val_loss=0.05167
completed in 52.25s
/home/xuelin/miniconda3/envs/pyg/lib/python3.11/site-packages/outdated/__init__.py:36: UserWarning: pkg_resources is deprecated as an API. See https://setuptools.pypa.io/en/latest/pkg_resources.html. The pkg_resources package is slated for removal as early as 2025-11-30. Refrain from using this package or pin to Setuptools<81.
  from pkg_resources import parse_version
[043/43] OK fixed_0p5_fold4 time=59.8s
[epoch 0100] train_loss=0.09346	train_acc=0.97014	val_loss=0.13027	val_acc=0.96875	lr=0.00250	patience=7	blocks.0.graph_gate=0.50000	blocks.1.graph_gate=0.50000	blocks.2.graph_gate=0.50000
[epoch 0150] train_loss=0.07760	train_acc=0.97292	val_loss=0.06675	val_acc=0.98125	lr=0.00031	patience=3	blocks.0.graph_gate=0.50000	blocks.1.graph_gate=0.50000	blocks.2.graph_gate=0.50000
[epoch 0200] train_loss=0.07398	train_acc=0.97361	val_loss=0.07044	val_acc=0.97500	lr=0.00016	patience=14	blocks.0.graph_gate=0.50000	blocks.1.graph_gate=0.50000	blocks.2.graph_gate=0.50000
completed in 55.90s
/home/xuelin/miniconda3/envs/pyg/lib/python3.11/site-packages/outdated/__init__.py:36: UserWarning: pkg_resources is deprecated as an API. See https://setuptools.pypa.io/en/latest/pkg_resources.html. The pkg_resources package is slated for removal as early as 2025-11-30. Refrain from using this package or pin to Setuptools<81.
  from pkg_resources import parse_version
all_done rc=0 total_time=1001.5s
