[001/7] START tag=learnable fold=3 cmd=/home/xuelin/miniconda3/envs/pyg/bin/python geomatric/graph_classify_v3.py --version V2 --ep 240 --patience 80 --lr 0.003 --weight_decay 5e-05 --drop 0.3 --dim 64 --h_layer 3 --batch_size 32 --grad_clip 2.0 --lr_factor 0.5 --lr_patience 15 --min_lr 1e-05 --gate_init 0.8 --mode single --tensorboard --ds DD --gname NodeCrossGNN --name GATConv --fold 3 --gate_mode learnable --fixed_gate_value 0.8 --exp_tag cross_gate_dd_nodecrossgnn_gatconv_learnable
/home/xuelin/miniconda3/envs/pyg/lib/python3.11/site-packages/outdated/__init__.py:36: UserWarning: pkg_resources is deprecated as an API. See https://setuptools.pypa.io/en/latest/pkg_resources.html. The pkg_resources package is slated for removal as early as 2025-11-30. Refrain from using this package or pin to Setuptools<81.
  from pkg_resources import parse_version
model=NodeCrossGNN	operator=GATConv	dataset=DD	version=V2	fold=3	dataset_family=tu	total_params=37635	trainable_params=37635	gate_init=0.80000
[epoch 0001] train_loss=0.68329	train_acc=0.58657	val_loss=0.67879	val_acc=0.58511	lr=0.00300	patience=0	cross_gate=0.79769
[epoch 0050] train_loss=0.36573	train_acc=0.83746	val_loss=0.68495	val_acc=0.69149	lr=0.00150	patience=20	cross_gate=0.84635
[epoch 0100] train_loss=0.15248	train_acc=0.94346	val_loss=1.19774	val_acc=0.68085	lr=0.00019	patience=70	cross_gate=0.85933
[early_stop] epoch=110 best_epoch=30 best_val_loss=0.53250
completed in 39.19s
[001/7] END tag=learnable fold=3 rc=0 time=42.5s
[002/7] START tag=learnable fold=4 cmd=/home/xuelin/miniconda3/envs/pyg/bin/python geomatric/graph_classify_v3.py --version V2 --ep 240 --patience 80 --lr 0.003 --weight_decay 5e-05 --drop 0.3 --dim 64 --h_layer 3 --batch_size 32 --grad_clip 2.0 --lr_factor 0.5 --lr_patience 15 --min_lr 1e-05 --gate_init 0.8 --mode single --tensorboard --ds DD --gname NodeCrossGNN --name GATConv --fold 4 --gate_mode learnable --fixed_gate_value 0.8 --exp_tag cross_gate_dd_nodecrossgnn_gatconv_learnable
/home/xuelin/miniconda3/envs/pyg/lib/python3.11/site-packages/outdated/__init__.py:36: UserWarning: pkg_resources is deprecated as an API. See https://setuptools.pypa.io/en/latest/pkg_resources.html. The pkg_resources package is slated for removal as early as 2025-11-30. Refrain from using this package or pin to Setuptools<81.
  from pkg_resources import parse_version
model=NodeCrossGNN	operator=GATConv	dataset=DD	version=V2	fold=4	dataset_family=tu	total_params=37635	trainable_params=37635	gate_init=0.80000
[epoch 0001] train_loss=0.67918	train_acc=0.58657	val_loss=0.67910	val_acc=0.58511	lr=0.00300	patience=0	cross_gate=0.79811
[epoch 0050] train_loss=0.41786	train_acc=0.81625	val_loss=0.83861	val_acc=0.60638	lr=0.00075	patience=34	cross_gate=0.83953
[early_stop] epoch=96 best_epoch=16 best_val_loss=0.64369
completed in 33.63s
[002/7] END tag=learnable fold=4 rc=0 time=36.9s
[003/7] START tag=fixed_0p0 fold=0 cmd=/home/xuelin/miniconda3/envs/pyg/bin/python geomatric/graph_classify_v3.py --version V2 --ep 240 --patience 80 --lr 0.003 --weight_decay 5e-05 --drop 0.3 --dim 64 --h_layer 3 --batch_size 32 --grad_clip 2.0 --lr_factor 0.5 --lr_patience 15 --min_lr 1e-05 --gate_init 0.8 --mode single --tensorboard --ds DD --gname NodeCrossGNN --name GATConv --fold 0 --gate_mode fixed --fixed_gate_value 0.0 --exp_tag cross_gate_dd_nodecrossgnn_gatconv_fixed_0p0
/home/xuelin/miniconda3/envs/pyg/lib/python3.11/site-packages/outdated/__init__.py:36: UserWarning: pkg_resources is deprecated as an API. See https://setuptools.pypa.io/en/latest/pkg_resources.html. The pkg_resources package is slated for removal as early as 2025-11-30. Refrain from using this package or pin to Setuptools<81.
  from pkg_resources import parse_version
model=NodeCrossGNN	operator=GATConv	dataset=DD	version=V2	fold=0	dataset_family=tu	total_params=37634	trainable_params=37634	gate_init=0.80000
[epoch 0001] train_loss=0.68063	train_acc=0.58678	val_loss=0.67752	val_acc=0.58511	lr=0.00300	patience=0	cross_gate=0.00000
[epoch 0050] train_loss=0.41400	train_acc=0.79575	val_loss=0.58861	val_acc=0.71277	lr=0.00300	patience=4	cross_gate=0.00000
[epoch 0100] train_loss=0.14343	train_acc=0.93743	val_loss=0.87852	val_acc=0.76596	lr=0.00038	patience=54	cross_gate=0.00000
[early_stop] epoch=126 best_epoch=46 best_val_loss=0.53038
completed in 43.23s
[003/7] END tag=fixed_0p0 fold=0 rc=0 time=46.4s
[004/7] START tag=fixed_0p0 fold=1 cmd=/home/xuelin/miniconda3/envs/pyg/bin/python geomatric/graph_classify_v3.py --version V2 --ep 240 --patience 80 --lr 0.003 --weight_decay 5e-05 --drop 0.3 --dim 64 --h_layer 3 --batch_size 32 --grad_clip 2.0 --lr_factor 0.5 --lr_patience 15 --min_lr 1e-05 --gate_init 0.8 --mode single --tensorboard --ds DD --gname NodeCrossGNN --name GATConv --fold 1 --gate_mode fixed --fixed_gate_value 0.0 --exp_tag cross_gate_dd_nodecrossgnn_gatconv_fixed_0p0
/home/xuelin/miniconda3/envs/pyg/lib/python3.11/site-packages/outdated/__init__.py:36: UserWarning: pkg_resources is deprecated as an API. See https://setuptools.pypa.io/en/latest/pkg_resources.html. The pkg_resources package is slated for removal as early as 2025-11-30. Refrain from using this package or pin to Setuptools<81.
  from pkg_resources import parse_version
model=NodeCrossGNN	operator=GATConv	dataset=DD	version=V2	fold=1	dataset_family=tu	total_params=37634	trainable_params=37634	gate_init=0.80000
[epoch 0001] train_loss=0.68024	train_acc=0.58726	val_loss=0.67525	val_acc=0.58511	lr=0.00300	patience=0	cross_gate=0.00000
[epoch 0050] train_loss=0.43137	train_acc=0.79363	val_loss=0.60848	val_acc=0.74468	lr=0.00300	patience=9	cross_gate=0.00000
[epoch 0100] train_loss=0.20570	train_acc=0.91392	val_loss=0.90614	val_acc=0.69149	lr=0.00038	patience=59	cross_gate=0.00000
[early_stop] epoch=121 best_epoch=41 best_val_loss=0.53949
completed in 41.82s
[004/7] END tag=fixed_0p0 fold=1 rc=0 time=45.0s
[005/7] START tag=fixed_0p0 fold=2 cmd=/home/xuelin/miniconda3/envs/pyg/bin/python geomatric/graph_classify_v3.py --version V2 --ep 240 --patience 80 --lr 0.003 --weight_decay 5e-05 --drop 0.3 --dim 64 --h_layer 3 --batch_size 32 --grad_clip 2.0 --lr_factor 0.5 --lr_patience 15 --min_lr 1e-05 --gate_init 0.8 --mode single --tensorboard --ds DD --gname NodeCrossGNN --name GATConv --fold 2 --gate_mode fixed --fixed_gate_value 0.0 --exp_tag cross_gate_dd_nodecrossgnn_gatconv_fixed_0p0
/home/xuelin/miniconda3/envs/pyg/lib/python3.11/site-packages/outdated/__init__.py:36: UserWarning: pkg_resources is deprecated as an API. See https://setuptools.pypa.io/en/latest/pkg_resources.html. The pkg_resources package is slated for removal as early as 2025-11-30. Refrain from using this package or pin to Setuptools<81.
  from pkg_resources import parse_version
model=NodeCrossGNN	operator=GATConv	dataset=DD	version=V2	fold=2	dataset_family=tu	total_params=37634	trainable_params=37634	gate_init=0.80000
[epoch 0001] train_loss=0.67989	train_acc=0.58657	val_loss=0.67818	val_acc=0.58511	lr=0.00300	patience=0	cross_gate=0.00000
[epoch 0050] train_loss=0.42876	train_acc=0.80919	val_loss=0.71883	val_acc=0.71277	lr=0.00075	patience=45	cross_gate=0.00000
[early_stop] epoch=85 best_epoch=5 best_val_loss=0.66512
completed in 29.01s
[005/7] END tag=fixed_0p0 fold=2 rc=0 time=32.2s
[006/7] START tag=fixed_0p0 fold=3 cmd=/home/xuelin/miniconda3/envs/pyg/bin/python geomatric/graph_classify_v3.py --version V2 --ep 240 --patience 80 --lr 0.003 --weight_decay 5e-05 --drop 0.3 --dim 64 --h_layer 3 --batch_size 32 --grad_clip 2.0 --lr_factor 0.5 --lr_patience 15 --min_lr 1e-05 --gate_init 0.8 --mode single --tensorboard --ds DD --gname NodeCrossGNN --name GATConv --fold 3 --gate_mode fixed --fixed_gate_value 0.0 --exp_tag cross_gate_dd_nodecrossgnn_gatconv_fixed_0p0
/home/xuelin/miniconda3/envs/pyg/lib/python3.11/site-packages/outdated/__init__.py:36: UserWarning: pkg_resources is deprecated as an API. See https://setuptools.pypa.io/en/latest/pkg_resources.html. The pkg_resources package is slated for removal as early as 2025-11-30. Refrain from using this package or pin to Setuptools<81.
  from pkg_resources import parse_version
model=NodeCrossGNN	operator=GATConv	dataset=DD	version=V2	fold=3	dataset_family=tu	total_params=37634	trainable_params=37634	gate_init=0.80000
[epoch 0001] train_loss=0.68211	train_acc=0.58657	val_loss=0.67839	val_acc=0.58511	lr=0.00300	patience=0	cross_gate=0.00000
[epoch 0050] train_loss=0.39429	train_acc=0.82450	val_loss=0.62246	val_acc=0.70213	lr=0.00150	patience=18	cross_gate=0.00000
[epoch 0100] train_loss=0.23955	train_acc=0.89988	val_loss=0.91764	val_acc=0.70213	lr=0.00019	patience=68	cross_gate=0.00000
[early_stop] epoch=112 best_epoch=32 best_val_loss=0.54375
completed in 38.16s
[006/7] END tag=fixed_0p0 fold=3 rc=0 time=41.3s
[007/7] START tag=fixed_0p0 fold=4 cmd=/home/xuelin/miniconda3/envs/pyg/bin/python geomatric/graph_classify_v3.py --version V2 --ep 240 --patience 80 --lr 0.003 --weight_decay 5e-05 --drop 0.3 --dim 64 --h_layer 3 --batch_size 32 --grad_clip 2.0 --lr_factor 0.5 --lr_patience 15 --min_lr 1e-05 --gate_init 0.8 --mode single --tensorboard --ds DD --gname NodeCrossGNN --name GATConv --fold 4 --gate_mode fixed --fixed_gate_value 0.0 --exp_tag cross_gate_dd_nodecrossgnn_gatconv_fixed_0p0
/home/xuelin/miniconda3/envs/pyg/lib/python3.11/site-packages/outdated/__init__.py:36: UserWarning: pkg_resources is deprecated as an API. See https://setuptools.pypa.io/en/latest/pkg_resources.html. The pkg_resources package is slated for removal as early as 2025-11-30. Refrain from using this package or pin to Setuptools<81.
  from pkg_resources import parse_version
model=NodeCrossGNN	operator=GATConv	dataset=DD	version=V2	fold=4	dataset_family=tu	total_params=37634	trainable_params=37634	gate_init=0.80000
[epoch 0001] train_loss=0.68031	train_acc=0.58657	val_loss=0.67922	val_acc=0.58511	lr=0.00300	patience=0	cross_gate=0.00000
[epoch 0050] train_loss=0.48022	train_acc=0.77503	val_loss=0.72674	val_acc=0.69149	lr=0.00075	patience=45	cross_gate=0.00000
[early_stop] epoch=85 best_epoch=5 best_val_loss=0.63568
completed in 29.53s
[007/7] END tag=fixed_0p0 fold=4 rc=0 time=32.7s
all_done rc=0 total_time=277.1s
