[001/120] OK AIDS_NodeCrossGNN_GATConv_learnable_fold1 time=39.1s
[epoch 0050] train_loss=0.26933	train_acc=0.89583	val_loss=0.44953	val_acc=0.82500	lr=0.00300	patience=3	cross_gate=0.81461
[epoch 0100] train_loss=0.17042	train_acc=0.93056	val_loss=0.41130	val_acc=0.88750	lr=0.00075	patience=39	cross_gate=0.83267
[early_stop] epoch=141 best_epoch=61 best_val_loss=0.36885
completed in 35.43s
/home/xuelin/miniconda3/envs/pyg/lib/python3.11/site-packages/outdated/__init__.py:36: UserWarning: pkg_resources is deprecated as an API. See https://setuptools.pypa.io/en/latest/pkg_resources.html. The pkg_resources package is slated for removal as early as 2025-11-30. Refrain from using this package or pin to Setuptools<81.
  from pkg_resources import parse_version
[002/120] OK AIDS_NodeCrossGNN_GATConv_learnable_fold2 time=44.2s
[epoch 0100] train_loss=0.19804	train_acc=0.93542	val_loss=0.37306	val_acc=0.89375	lr=0.00300	patience=15	cross_gate=0.84052
[epoch 0150] train_loss=0.14326	train_acc=0.95347	val_loss=0.31127	val_acc=0.90625	lr=0.00019	patience=65	cross_gate=0.84848
[early_stop] epoch=165 best_epoch=85 best_val_loss=0.28559
completed in 40.47s
/home/xuelin/miniconda3/envs/pyg/lib/python3.11/site-packages/outdated/__init__.py:36: UserWarning: pkg_resources is deprecated as an API. See https://setuptools.pypa.io/en/latest/pkg_resources.html. The pkg_resources package is slated for removal as early as 2025-11-30. Refrain from using this package or pin to Setuptools<81.
  from pkg_resources import parse_version
[003/120] OK AIDS_NodeCrossGNN_GATConv_learnable_fold3 time=47.4s
[epoch 0100] train_loss=0.19693	train_acc=0.93194	val_loss=0.21616	val_acc=0.90625	lr=0.00300	patience=0	cross_gate=0.83187
[epoch 0150] train_loss=0.13397	train_acc=0.95208	val_loss=0.24328	val_acc=0.90625	lr=0.00038	patience=50	cross_gate=0.83867
[early_stop] epoch=180 best_epoch=100 best_val_loss=0.21616
completed in 43.55s
/home/xuelin/miniconda3/envs/pyg/lib/python3.11/site-packages/outdated/__init__.py:36: UserWarning: pkg_resources is deprecated as an API. See https://setuptools.pypa.io/en/latest/pkg_resources.html. The pkg_resources package is slated for removal as early as 2025-11-30. Refrain from using this package or pin to Setuptools<81.
  from pkg_resources import parse_version
[004/120] OK AIDS_NodeCrossGNN_GATConv_learnable_fold0 time=47.5s
[epoch 0100] train_loss=0.19177	train_acc=0.93125	val_loss=0.26525	val_acc=0.91250	lr=0.00150	patience=12	cross_gate=0.82417
[epoch 0150] train_loss=0.13830	train_acc=0.95625	val_loss=0.36021	val_acc=0.91250	lr=0.00019	patience=49	cross_gate=0.83321
[early_stop] epoch=181 best_epoch=101 best_val_loss=0.21459
completed in 43.71s
/home/xuelin/miniconda3/envs/pyg/lib/python3.11/site-packages/outdated/__init__.py:36: UserWarning: pkg_resources is deprecated as an API. See https://setuptools.pypa.io/en/latest/pkg_resources.html. The pkg_resources package is slated for removal as early as 2025-11-30. Refrain from using this package or pin to Setuptools<81.
  from pkg_resources import parse_version
[005/120] OK AIDS_NodeCrossGNN_GATConv_fixed_0p0_fold1 time=37.8s
[epoch 0050] train_loss=0.25112	train_acc=0.89931	val_loss=0.43859	val_acc=0.84375	lr=0.00150	patience=17	cross_gate=0.00000
[epoch 0100] train_loss=0.17675	train_acc=0.92778	val_loss=0.44586	val_acc=0.85625	lr=0.00038	patience=42	cross_gate=0.00000
[early_stop] epoch=138 best_epoch=58 best_val_loss=0.40071
completed in 34.17s
/home/xuelin/miniconda3/envs/pyg/lib/python3.11/site-packages/outdated/__init__.py:36: UserWarning: pkg_resources is deprecated as an API. See https://setuptools.pypa.io/en/latest/pkg_resources.html. The pkg_resources package is slated for removal as early as 2025-11-30. Refrain from using this package or pin to Setuptools<81.
  from pkg_resources import parse_version
[006/120] OK AIDS_NodeCrossGNN_GATConv_learnable_fold4 time=48.8s
[epoch 0100] train_loss=0.20360	train_acc=0.92292	val_loss=0.25232	val_acc=0.91875	lr=0.00150	patience=0	cross_gate=0.82839
[epoch 0150] train_loss=0.17099	train_acc=0.93819	val_loss=0.27135	val_acc=0.90625	lr=0.00019	patience=32	cross_gate=0.83453
[early_stop] epoch=198 best_epoch=118 best_val_loss=0.23515
completed in 45.20s
/home/xuelin/miniconda3/envs/pyg/lib/python3.11/site-packages/outdated/__init__.py:36: UserWarning: pkg_resources is deprecated as an API. See https://setuptools.pypa.io/en/latest/pkg_resources.html. The pkg_resources package is slated for removal as early as 2025-11-30. Refrain from using this package or pin to Setuptools<81.
  from pkg_resources import parse_version
[007/120] OK AIDS_NodeCrossGNN_GATConv_fixed_0p0_fold2 time=42.5s
[epoch 0100] train_loss=0.19007	train_acc=0.92361	val_loss=0.30132	val_acc=0.90625	lr=0.00150	patience=17	cross_gate=0.00000
[epoch 0150] train_loss=0.13387	train_acc=0.95486	val_loss=0.28227	val_acc=0.93125	lr=0.00019	patience=67	cross_gate=0.00000
[early_stop] epoch=163 best_epoch=83 best_val_loss=0.25710
completed in 38.91s
/home/xuelin/miniconda3/envs/pyg/lib/python3.11/site-packages/outdated/__init__.py:36: UserWarning: pkg_resources is deprecated as an API. See https://setuptools.pypa.io/en/latest/pkg_resources.html. The pkg_resources package is slated for removal as early as 2025-11-30. Refrain from using this package or pin to Setuptools<81.
  from pkg_resources import parse_version
[008/120] OK AIDS_NodeCrossGNN_GATConv_fixed_0p0_fold0 time=51.4s
[epoch 0150] train_loss=0.16118	train_acc=0.94167	val_loss=0.19853	val_acc=0.93125	lr=0.00075	patience=17	cross_gate=0.00000
[epoch 0200] train_loss=0.14835	train_acc=0.94514	val_loss=0.18873	val_acc=0.95000	lr=0.00009	patience=67	cross_gate=0.00000
[early_stop] epoch=213 best_epoch=133 best_val_loss=0.15655
completed in 47.96s
/home/xuelin/miniconda3/envs/pyg/lib/python3.11/site-packages/outdated/__init__.py:36: UserWarning: pkg_resources is deprecated as an API. See https://setuptools.pypa.io/en/latest/pkg_resources.html. The pkg_resources package is slated for removal as early as 2025-11-30. Refrain from using this package or pin to Setuptools<81.
  from pkg_resources import parse_version
[009/120] OK AIDS_NodeCrossGNN_GATConv_fixed_0p5_fold0 time=45.1s
[epoch 0100] train_loss=0.21380	train_acc=0.92014	val_loss=0.27535	val_acc=0.88125	lr=0.00150	patience=6	cross_gate=0.50000
[epoch 0150] train_loss=0.18062	train_acc=0.93889	val_loss=0.32987	val_acc=0.90000	lr=0.00019	patience=56	cross_gate=0.50000
[early_stop] epoch=174 best_epoch=94 best_val_loss=0.24789
completed in 41.53s
/home/xuelin/miniconda3/envs/pyg/lib/python3.11/site-packages/outdated/__init__.py:36: UserWarning: pkg_resources is deprecated as an API. See https://setuptools.pypa.io/en/latest/pkg_resources.html. The pkg_resources package is slated for removal as early as 2025-11-30. Refrain from using this package or pin to Setuptools<81.
  from pkg_resources import parse_version
[010/120] OK AIDS_NodeCrossGNN_GATConv_fixed_0p0_fold3 time=54.8s
[epoch 0150] train_loss=0.20062	train_acc=0.92431	val_loss=0.26644	val_acc=0.90000	lr=0.00300	patience=6	cross_gate=0.00000
[epoch 0200] train_loss=0.15644	train_acc=0.94583	val_loss=0.25545	val_acc=0.90625	lr=0.00038	patience=56	cross_gate=0.00000
[early_stop] epoch=224 best_epoch=144 best_val_loss=0.22229
completed in 51.30s
/home/xuelin/miniconda3/envs/pyg/lib/python3.11/site-packages/outdated/__init__.py:36: UserWarning: pkg_resources is deprecated as an API. See https://setuptools.pypa.io/en/latest/pkg_resources.html. The pkg_resources package is slated for removal as early as 2025-11-30. Refrain from using this package or pin to Setuptools<81.
  from pkg_resources import parse_version
[011/120] OK AIDS_NodeCrossGNN_GATConv_fixed_0p0_fold4 time=59.1s
[epoch 0150] train_loss=0.17464	train_acc=0.92847	val_loss=0.25574	val_acc=0.90000	lr=0.00075	patience=0	cross_gate=0.00000
[epoch 0200] train_loss=0.15808	train_acc=0.93681	val_loss=0.26973	val_acc=0.90625	lr=0.00019	patience=16	cross_gate=0.00000
[epoch 0240] train_loss=0.16367	train_acc=0.93403	val_loss=0.25059	val_acc=0.91875	lr=0.00005	patience=56	cross_gate=0.00000
completed in 55.51s
/home/xuelin/miniconda3/envs/pyg/lib/python3.11/site-packages/outdated/__init__.py:36: UserWarning: pkg_resources is deprecated as an API. See https://setuptools.pypa.io/en/latest/pkg_resources.html. The pkg_resources package is slated for removal as early as 2025-11-30. Refrain from using this package or pin to Setuptools<81.
  from pkg_resources import parse_version
[012/120] OK AIDS_NodeCrossGNN_GATConv_fixed_0p5_fold1 time=51.9s
[epoch 0150] train_loss=0.15224	train_acc=0.95278	val_loss=0.33246	val_acc=0.88750	lr=0.00009	patience=24	cross_gate=0.50000
[epoch 0200] train_loss=0.14338	train_acc=0.95000	val_loss=0.33075	val_acc=0.90000	lr=0.00001	patience=74	cross_gate=0.50000
[early_stop] epoch=206 best_epoch=126 best_val_loss=0.32562
completed in 48.34s
/home/xuelin/miniconda3/envs/pyg/lib/python3.11/site-packages/outdated/__init__.py:36: UserWarning: pkg_resources is deprecated as an API. See https://setuptools.pypa.io/en/latest/pkg_resources.html. The pkg_resources package is slated for removal as early as 2025-11-30. Refrain from using this package or pin to Setuptools<81.
  from pkg_resources import parse_version
[013/120] OK AIDS_NodeCrossGNN_GATConv_fixed_0p5_fold2 time=58.9s
[epoch 0150] train_loss=0.14564	train_acc=0.94792	val_loss=0.24694	val_acc=0.93125	lr=0.00038	patience=19	cross_gate=0.50000
[epoch 0200] train_loss=0.14276	train_acc=0.94653	val_loss=0.23713	val_acc=0.93750	lr=0.00009	patience=0	cross_gate=0.50000
[epoch 0240] train_loss=0.13182	train_acc=0.94931	val_loss=0.23362	val_acc=0.95000	lr=0.00009	patience=0	cross_gate=0.50000
completed in 55.53s
/home/xuelin/miniconda3/envs/pyg/lib/python3.11/site-packages/outdated/__init__.py:36: UserWarning: pkg_resources is deprecated as an API. See https://setuptools.pypa.io/en/latest/pkg_resources.html. The pkg_resources package is slated for removal as early as 2025-11-30. Refrain from using this package or pin to Setuptools<81.
  from pkg_resources import parse_version
[014/120] OK AIDS_NodeCrossGNN_GATConv_fixed_0p5_fold3 time=59.0s
[epoch 0150] train_loss=0.13325	train_acc=0.95278	val_loss=0.23149	val_acc=0.90000	lr=0.00150	patience=15	cross_gate=0.50000
[epoch 0200] train_loss=0.11488	train_acc=0.95694	val_loss=0.20581	val_acc=0.92500	lr=0.00019	patience=21	cross_gate=0.50000
[epoch 0240] train_loss=0.11855	train_acc=0.95833	val_loss=0.21430	val_acc=0.92500	lr=0.00005	patience=61	cross_gate=0.50000
completed in 55.45s
/home/xuelin/miniconda3/envs/pyg/lib/python3.11/site-packages/outdated/__init__.py:36: UserWarning: pkg_resources is deprecated as an API. See https://setuptools.pypa.io/en/latest/pkg_resources.html. The pkg_resources package is slated for removal as early as 2025-11-30. Refrain from using this package or pin to Setuptools<81.
  from pkg_resources import parse_version
[015/120] OK AIDS_NodeCrossGNN_GATConv_fixed_1p0_fold0 time=51.8s
[epoch 0150] train_loss=0.16748	train_acc=0.94653	val_loss=0.18904	val_acc=0.92500	lr=0.00150	patience=29	cross_gate=1.00000
[epoch 0200] train_loss=0.12863	train_acc=0.95972	val_loss=0.23863	val_acc=0.92500	lr=0.00019	patience=79	cross_gate=1.00000
[early_stop] epoch=201 best_epoch=121 best_val_loss=0.16473
completed in 48.16s
/home/xuelin/miniconda3/envs/pyg/lib/python3.11/site-packages/outdated/__init__.py:36: UserWarning: pkg_resources is deprecated as an API. See https://setuptools.pypa.io/en/latest/pkg_resources.html. The pkg_resources package is slated for removal as early as 2025-11-30. Refrain from using this package or pin to Setuptools<81.
  from pkg_resources import parse_version
[016/120] OK AIDS_NodeCrossGNN_GATConv_fixed_0p5_fold4 time=54.0s
[epoch 0150] train_loss=0.16367	train_acc=0.93611	val_loss=0.18973	val_acc=0.93750	lr=0.00150	patience=16	cross_gate=0.50000
[epoch 0200] train_loss=0.13886	train_acc=0.94861	val_loss=0.18345	val_acc=0.93750	lr=0.00019	patience=66	cross_gate=0.50000
[early_stop] epoch=214 best_epoch=134 best_val_loss=0.15770
completed in 50.34s
/home/xuelin/miniconda3/envs/pyg/lib/python3.11/site-packages/outdated/__init__.py:36: UserWarning: pkg_resources is deprecated as an API. See https://setuptools.pypa.io/en/latest/pkg_resources.html. The pkg_resources package is slated for removal as early as 2025-11-30. Refrain from using this package or pin to Setuptools<81.
  from pkg_resources import parse_version
[017/120] OK AIDS_NodeCrossGNN_GATConv_fixed_1p0_fold1 time=33.0s
[epoch 0050] train_loss=0.26231	train_acc=0.89514	val_loss=0.43485	val_acc=0.85000	lr=0.00300	patience=4	cross_gate=1.00000
[epoch 0100] train_loss=0.17789	train_acc=0.93194	val_loss=0.48126	val_acc=0.85000	lr=0.00075	patience=47	cross_gate=1.00000
[early_stop] epoch=133 best_epoch=53 best_val_loss=0.40262
completed in 29.42s
/home/xuelin/miniconda3/envs/pyg/lib/python3.11/site-packages/outdated/__init__.py:36: UserWarning: pkg_resources is deprecated as an API. See https://setuptools.pypa.io/en/latest/pkg_resources.html. The pkg_resources package is slated for removal as early as 2025-11-30. Refrain from using this package or pin to Setuptools<81.
  from pkg_resources import parse_version
[018/120] OK AIDS_NodeCrossGNN_GATConv_fixed_1p0_fold2 time=40.2s
[epoch 0050] train_loss=0.25805	train_acc=0.90278	val_loss=0.40852	val_acc=0.85000	lr=0.00300	patience=3	cross_gate=1.00000
[epoch 0100] train_loss=0.15463	train_acc=0.94583	val_loss=0.32057	val_acc=0.92500	lr=0.00075	patience=38	cross_gate=1.00000
[early_stop] epoch=142 best_epoch=62 best_val_loss=0.30971
completed in 36.46s
/home/xuelin/miniconda3/envs/pyg/lib/python3.11/site-packages/outdated/__init__.py:36: UserWarning: pkg_resources is deprecated as an API. See https://setuptools.pypa.io/en/latest/pkg_resources.html. The pkg_resources package is slated for removal as early as 2025-11-30. Refrain from using this package or pin to Setuptools<81.
  from pkg_resources import parse_version
[019/120] OK AIDS_NodeCrossGNN_GATConv_fixed_1p0_fold4 time=63.6s
[epoch 0100] train_loss=0.18847	train_acc=0.92431	val_loss=0.23115	val_acc=0.92500	lr=0.00150	patience=1	cross_gate=1.00000
[epoch 0150] train_loss=0.15034	train_acc=0.94236	val_loss=0.22258	val_acc=0.91250	lr=0.00038	patience=44	cross_gate=1.00000
[early_stop] epoch=186 best_epoch=106 best_val_loss=0.20521
completed in 59.88s
/home/xuelin/miniconda3/envs/pyg/lib/python3.11/site-packages/outdated/__init__.py:36: UserWarning: pkg_resources is deprecated as an API. See https://setuptools.pypa.io/en/latest/pkg_resources.html. The pkg_resources package is slated for removal as early as 2025-11-30. Refrain from using this package or pin to Setuptools<81.
  from pkg_resources import parse_version
[020/120] OK AIDS_NodeCrossGNN_GATConv_fixed_1p0_fold3 time=83.4s
[epoch 0150] train_loss=0.13890	train_acc=0.94722	val_loss=0.26836	val_acc=0.90625	lr=0.00038	patience=1	cross_gate=1.00000
[epoch 0200] train_loss=0.12772	train_acc=0.95208	val_loss=0.21792	val_acc=0.91875	lr=0.00038	patience=10	cross_gate=1.00000
[epoch 0240] train_loss=0.13149	train_acc=0.95278	val_loss=0.21799	val_acc=0.91875	lr=0.00005	patience=50	cross_gate=1.00000
completed in 79.68s
/home/xuelin/miniconda3/envs/pyg/lib/python3.11/site-packages/outdated/__init__.py:36: UserWarning: pkg_resources is deprecated as an API. See https://setuptools.pypa.io/en/latest/pkg_resources.html. The pkg_resources package is slated for removal as early as 2025-11-30. Refrain from using this package or pin to Setuptools<81.
  from pkg_resources import parse_version
[021/120] FAIL DD_NodeCrossGNN_GATConv_learnable_fold3 time=6.5s
model=NodeCrossGNN	operator=GATConv	dataset=DD	version=V2	fold=3	dataset_family=tu	total_params=37635	trainable_params=37635	gate_init=0.80000
/home/xuelin/miniconda3/envs/pyg/lib/python3.11/site-packages/outdated/__init__.py:36: UserWarning: pkg_resources is deprecated as an API. See https://setuptools.pypa.io/en/latest/pkg_resources.html. The pkg_resources package is slated for removal as early as 2025-11-30. Refrain from using this package or pin to Setuptools<81.
  from pkg_resources import parse_version
Traceback (most recent call last):
  File "/ds1/workspace/ai/cross_residual_gnn/geomatric/graph_classify_v3.py", line 1462, in <module>
    main()
  File "/ds1/workspace/ai/cross_residual_gnn/geomatric/graph_classify_v3.py", line 1457, in main
    train_one_config(args)
  File "/ds1/workspace/ai/cross_residual_gnn/geomatric/graph_classify_v3.py", line 1208, in train_one_config
    logits, graph_embedding = model(batch_data.x, batch_data.edge_index, batch_data.batch)
                              ^^^^^^^^^^^^^^^^^^^^^^^^^^^^^^^^^^^^^^^^^^^^^^^^^^^^^^^^^^^^
  File "/home/xuelin/miniconda3/envs/pyg/lib/python3.11/site-packages/torch/nn/modules/module.py", line 1779, in _wrapped_call_impl
    return self._call_impl(*args, **kwargs)
           ^^^^^^^^^^^^^^^^^^^^^^^^^^^^^^^^
  File "/home/xuelin/miniconda3/envs/pyg/lib/python3.11/site-packages/torch/nn/modules/module.py", line 1790, in _call_impl
    return forward_call(*args, **kwargs)
           ^^^^^^^^^^^^^^^^^^^^^^^^^^^^^
  File "/ds1/workspace/ai/cross_residual_gnn/geomatric/graph_classify_v3.py", line 683, in forward
    branch_2 = F.relu(self.hidden_layers[layer_id + 1](branch_2 + gate * prev_1, edge_index))
                      ^^^^^^^^^^^^^^^^^^^^^^^^^^^^^^^^^^^^^^^^^^^^^^^^^^^^^^^^^^^^^^^^^^^^^^
  File "/home/xuelin/miniconda3/envs/pyg/lib/python3.11/site-packages/torch/nn/modules/module.py", line 1779, in _wrapped_call_impl
    return self._call_impl(*args, **kwargs)
           ^^^^^^^^^^^^^^^^^^^^^^^^^^^^^^^^
  File "/home/xuelin/miniconda3/envs/pyg/lib/python3.11/site-packages/torch/nn/modules/module.py", line 1790, in _call_impl
    return forward_call(*args, **kwargs)
           ^^^^^^^^^^^^^^^^^^^^^^^^^^^^^
  File "/home/xuelin/miniconda3/envs/pyg/lib/python3.11/site-packages/torch_geometric/nn/conv/gat_conv.py", line 366, in forward
    out = self.propagate(edge_index, x=x, alpha=alpha, size=size)
          ^^^^^^^^^^^^^^^^^^^^^^^^^^^^^^^^^^^^^^^^^^^^^^^^^^^^^^^
  File "/tmp/torch_geometric.nn.conv.gat_conv_GATConv_propagate_t7nt2hoh.py", line 176, in propagate
    out = self.message(
          ^^^^^^^^^^^^^
  File "/home/xuelin/miniconda3/envs/pyg/lib/python3.11/site-packages/torch_geometric/nn/conv/gat_conv.py", line 414, in message
    return alpha.unsqueeze(-1) * x_j
           ~~~~~~~~~~~~~~~~~~~~^~~~~
torch.OutOfMemoryError: CUDA out of memory. Tried to allocate 108.00 MiB. GPU 0 has a total capacity of 23.54 GiB of which 113.75 MiB is free. Process 2503191 has 7.32 GiB memory in use. Process 2503360 has 7.67 GiB memory in use. Process 2503643 has 5.76 GiB memory in use. Including non-PyTorch memory, this process has 1.89 GiB memory in use. Of the allocated memory 1.49 GiB is allocated by PyTorch, and 108.79 MiB is reserved by PyTorch but unallocated. If reserved but unallocated memory is large try setting PYTORCH_CUDA_ALLOC_CONF=expandable_segments:True to avoid fragmentation.  See documentation for Memory Management  (https://docs.pytorch.org/docs/stable/notes/cuda.html#optimizing-memory-usage-with-pytorch-cuda-alloc-conf)
/home/xuelin/miniconda3/envs/pyg/bin/python geomatric/graph_classify_v3.py --version V2 --ep 240 --patience 80 --lr 0.003 --weight_decay 5e-05 --drop 0.3 --dim 64 --h_layer 3 --batch_size 256 --grad_clip 2.0 --lr_factor 0.5 --lr_patience 15 --min_lr 1e-05 --gate_init 0.8 --gate_mode learnable --fixed_gate_value 0.8 --mode single --tensorboard --ds DD --gname NodeCrossGNN --name GATConv --fold 3 --exp_tag cross_gate_dd_nodecrossgnn_gatconv_learnable
all_done rc=1 total_time=1935.0s
