{
  "updated_at": "2026-04-17 10:42:21",
  "baseline_target": 120,
  "baseline_completed": 118,
  "baseline_missing": 2,
  "operator_target": 450,
  "operator_completed": 433,
  "operator_missing": 17,
  "total_target": 570,
  "total_completed": 551,
  "total_missing": 19
}
pending_jobs=19 reserve_gb=4.0 max_parallel=4 tensorboard=True
[done] rc=0 ds=DD model=GraphSAGEBaseline op=SAGEConv fold=0 bs=128 time=68.2s log=baseline_DD_GraphSAGEBaseline_SAGEConv_fold0_bs128.log
[done] rc=0 ds=DD model=GraphSAGEBaseline op=SAGEConv fold=2 bs=128 time=66.2s log=baseline_DD_GraphSAGEBaseline_SAGEConv_fold2_bs128.log
[done] rc=0 ds=DD model=NodeCrossGNN op=SAGEConv fold=0 bs=64 time=128.3s log=operator_DD_NodeCrossGNN_SAGEConv_fold0_bs64.log
[done] rc=0 ds=DD model=GraphResGNN op=GATConv fold=3 bs=64 time=148.3s log=operator_DD_GraphResGNN_GATConv_fold3_bs64.log
[done] rc=0 ds=DD model=GraphResGNN op=SAGEConv fold=0 bs=128 time=106.1s log=operator_DD_GraphResGNN_SAGEConv_fold0_bs128.log
[done] rc=0 ds=DD model=GraphResGNN op=GATConv fold=4 bs=64 time=150.3s log=operator_DD_GraphResGNN_GATConv_fold4_bs64.log
[done] rc=0 ds=DD model=GraphResGNN op=SAGEConv fold=1 bs=128 time=108.2s log=operator_DD_GraphResGNN_SAGEConv_fold1_bs128.log
[done] rc=0 ds=DD model=GraphCrossGNN op=GATConv fold=4 bs=64 time=166.2s log=operator_DD_GraphCrossGNN_GATConv_fold4_bs64.log
[done] rc=0 ds=DD model=GraphCrossGNN op=GATConv fold=3 bs=64 time=210.3s log=operator_DD_GraphCrossGNN_GATConv_fold3_bs64.log
[done] rc=0 ds=DD model=GraphCrossGNN op=SAGEConv fold=1 bs=64 time=186.2s log=operator_DD_GraphCrossGNN_SAGEConv_fold1_bs64.log
[done] rc=0 ds=DD model=GraphCrossGNN op=SAGEConv fold=2 bs=64 time=106.2s log=operator_DD_GraphCrossGNN_SAGEConv_fold2_bs64.log
[done] rc=0 ds=DD model=GraphCrossGNN op=SAGEConv fold=0 bs=64 time=272.4s log=operator_DD_GraphCrossGNN_SAGEConv_fold0_bs64.log
[done] rc=0 ds=DD model=GraphCrossGNN op=SAGEConv fold=3 bs=64 time=168.2s log=operator_DD_GraphCrossGNN_SAGEConv_fold3_bs64.log
[done] rc=0 ds=DD model=GraphCrossGNN op=SAGEConv fold=4 bs=64 time=106.2s log=operator_DD_GraphCrossGNN_SAGEConv_fold4_bs64.log
[done] rc=0 ds=DD model=GraphCrossGNN op=GINConv fold=0 bs=64 time=148.2s log=operator_DD_GraphCrossGNN_GINConv_fold0_bs64.log
[done] rc=0 ds=DD model=GraphCrossGNN op=GINConv fold=1 bs=64 time=128.2s log=operator_DD_GraphCrossGNN_GINConv_fold1_bs64.log
[done] rc=0 ds=DD model=GraphCrossGNN op=GINConv fold=2 bs=64 time=126.2s log=operator_DD_GraphCrossGNN_GINConv_fold2_bs64.log
[done] rc=0 ds=DD model=GraphCrossGNN op=GINConv fold=3 bs=64 time=124.1s log=operator_DD_GraphCrossGNN_GINConv_fold3_bs64.log
[done] rc=0 ds=DD model=GraphCrossGNN op=GINConv fold=4 bs=64 time=82.0s log=operator_DD_GraphCrossGNN_GINConv_fold4_bs64.log
all_missing_jobs_completed
